[adapt] nível 0: 2918 equações, Gamma = 20; dividindo 121 + 65 elementos (1.75772 s)
inserting uniform refpattern: quadrilateral
inserting uniform refpattern: line
[adapt] nível 1: 7358 equações, Gamma = 20; dividindo 317 + 151 elementos (5.78336 s)

=== percolacao (mc): H = 5 m, beta = 15 graus, crista 10 m, pe 10 m, base 5 m abaixo do pe (dominio 38.6603 x 10 m), h = 1 m, quadrilateros
    c = 10 kPa, phi = 30 graus, gamma = 20 (forca de corpo gamma'), percolacao hw = 5.000000
    18486 equacoes, 20718 pontos de integracao
**
**
**
**
**
**
**
**
**
**
**
**
**
**
**
**
**
**
**
**
**
**
**
**
**
**
**
**
**
**
**
**
**
**
**
**
**
**
**
**
**
**
**
**
**
**
**
**
**
**
**
**
**
**
**
**
**
**
**
**
**
**
**
**
**
**
**
**
**
**
**
**
**
**
**
**
**
**
**
**
**
**
**
**
**
**
**
**
**
**
**
**
**
**
**
**
**
**
**
**
**
**
**
**
**
**
**
**
**
**
**
**
**
**
**
**
**
**
**
**
**
    Gamma (fator de carga) = 20 (colapso em 5.19531; 13 passos, 105 it., 1 cortes, 52.9405 s) limite_maximo
    tempo total 53.3934 s
