[adapt] nível 0: 686 equações, Gamma = 1.37331; dividindo 55 + 15 elementos (0.654606 s)
inserting uniform refpattern: quadrilateral
inserting uniform refpattern: line
[adapt] nível 1: 2422 equações, Gamma = 1.34553; dividindo 153 + 50 elementos (3.16703 s)
[adapt] nível 2: 7318 equações, Gamma = 1.33091; dividindo 375 + 143 elementos (13.8156 s)

=== cho_coesivo (mc): H = 5 m, beta = 26.5651 graus, crista 10 m, pe 10 m, base 5 m abaixo do pe (dominio 30 x 10 m), h = 2 m, quadrilateros
    c = 23 kPa, phi = 0 graus, gamma = 20
    19670 equacoes, 22032 pontos de integracao
**
**
**
**
**
**
**
**
**
**
**
**
**
**
**
**
**
**
**
**
**
**
**
**
**
**
**
**
**
**
**
**
**
**
**
**
**
**
**
**
**
**
**
**
**
**
**
**
**
**
**
**
**
**
**
**
**
**
**
**
**
**
**
**
**
**
**
**
**
**
**
**
**
**
**
**
**
**
**
**
**
**
**
**
**
**
**
**
**
**
**
**
**
**
**
**
**
**
**
**
**
**
**
**
**
**
**
**
**
**
**
**
**
**
**
**
**
**
**
**
**
**
**
**
**
**
**
**
**
**
**
**
**
**
**
**
**
**
**
**
**
**
**
**
**
**
**
**
**
**
**
**
**
**
**
**
**
**
**
**
**
**
**
**
**
**
**
**
**
**
**
**
**
**
**
**
**
**
**
**
**
**
**
**
**
**
**
**
**
**
**
**
**
**
**
**
**
**
**
**
**
**
**
**
**
**
**
**
**
**
**
**
**
**
**
**
**
**
**
**
**
**
**
**
**
**
**
    Gamma (fator de carga) = 1.32747 (colapso em 1.33749; 16 passos, 195 it., 15 cortes, 115.939 s) ok
**
**
**
**
**
**
**
**
**
**
**
**
**
**
**
**
**
**
**
**
**
**
**
**
**
**
**
**
**
**
**
**
**
**
**
**
**
**
**
**
**
**
**
**
**
**
**
**
**
**
**
**
**
**
**
**
**
**
**
**
**
**
**
**
**
**
**
**
**
**
**
**
**
**
**
**
**
**
**
**
**
**
**
**
**
**
**
**
**
**
**
**
**
**
**
**
**
**
**
**
**
**
**
**
**
**
**
**
**
**
**
**
**
**
**
**
**
**
**
**
**
**
**
**
**
**
**
**
**
**
**
**
**
**
**
**
**
**
**
**
**
**
    FS (reducao de resistencia) = 1.3269 (colapso em 1.33628; 10 passos, 121 it., 11 cortes, 71.6408 s) ok
    tempo total 187.718 s
