stability domain: H 229 m, beta 35 deg, h_w 0 m, box x in [-785.046, 1112.09], y in [-1014.05, 0]
stability mesh gen: 288 triangles; water none, form u, gamma_ref 8.2; Newton cap 100, continuation tol 0.002
[GI] p = 0.5 converged (7 it.)
[GI] p = 1.25 converged (9 it.)
[GI] p = 2 converged (11 it.)
[GI] p = 2.75 converged (13 it.)
[GI] p = 3.5 converged (14 it.)
[GI] p = 4.25 converged (16 it.)
[GI] p = 5 converged (18 it.)
[GI] p = 5.75 converged (19 it.)
[GI] p = 6.5 converged (18 it.)
[GI] p = 7.25 converged (23 it.)
[GI] p = 8 converged (18 it.)
[GI] p = 8.75 converged (27 it.)
[GI] p = 9.5 converged (25 it.)
[GI] p = 10.25 converged (26 it.)
[GI] p = 11 converged (28 it.)
[GI] p = 11.75 converged (32 it.)
[GI] p = 12.5 converged (32 it.)
[GI] p = 13.25 converged (32 it.)
[GI] p = 14 converged (32 it.)
[GI] p = 14.75 converged (32 it.)
[GI] p = 15.5 converged (31 it.)
[GI] p = 16.25 converged (32 it.)
[GI] p = 17 converged (33 it.)
[GI] p = 17.75 converged (44 it.)
[GI] p = 18.5 converged (35 it.)
[GI] p = 19.25 converged (41 it.)
[GI] p = 20 converged (42 it.)
[GI] p = 20.75 converged (37 it.)
[GI] p = 21.5 converged (35 it.)
[GI] p = 22.25 converged (43 it.)
[GI] p = 23 converged (36 it.)
[GI] p = 23.75 converged (40 it.)
[GI] p = 24.5 converged (38 it.)
[GI] p = 25.25 converged (38 it.)
[GI] p = 26 converged (40 it.)
[GI] p = 26.75 converged (37 it.)
[GI] p = 27.5 converged (44 it.)
[GI] p = 28.25 converged (50 it.)
[GI] p = 29 converged (45 it.)
[GI] p = 29.75 converged (45 it.)
[GI] p = 30.5 converged (49 it.)
[GI] p = 31.25 converged (51 it.)
[GI] p = 32 converged (53 it.)
[GI] p = 32.75 converged (56 it.)
[GI] p = 33.5 converged (56 it.)
[GI] p = 34.25 converged (50 it.)
[GI] p = 35 converged (53 it.)
[GI] p = 35.75 converged (57 it.)
[GI] p = 36.5 converged (55 it.)
[GI] p = 37.25 converged (55 it.)
[GI] p = 38 converged (60 it.)
[GI] p = 38.75 converged (59 it.)
[GI] p = 39.5 converged (56 it.)
[GI] p = 40.25 converged (55 it.)
[GI] p = 41 converged (57 it.)
[GI] p = 41.75 converged (55 it.)
[GI] p = 42.5 converged (57 it.)
[GI] p = 43.25 converged (59 it.)
[GI] p = 44 converged (59 it.)
[GI] p = 44.75 converged (59 it.)
[GI] p = 45.5 converged (61 it.)
[GI] p = 46.25 converged (57 it.)
[GI] p = 47 converged (56 it.)
[GI] p = 47.75 converged (60 it.)
[GI] p = 48.5 converged (63 it.)
[GI] p = 49.25 converged (61 it.)
[GI] p = 50 converged (61 it.)
[GI] p = 50.75 converged (58 it.)
[GI] p = 51.5 converged (58 it.)
[GI] p = 52.25 converged (59 it.)
[GI] p = 53 converged (63 it.)
[GI] p = 53.75 converged (59 it.)
[GI] p = 54.5 converged (55 it.)
[GI] p = 55.25 converged (59 it.)
[GI] p = 56 converged (61 it.)
[GI] p = 56.75 converged (59 it.)
[GI] p = 57.5 converged (60 it.)
[GI] p = 58.25 converged (53 it.)
[GI] p = 59 converged (63 it.)
[GI] p = 59.75 converged (60 it.)
[GI] p = 60.5 converged (52 it.)
[GI] p = 61.25 converged (51 it.)
[GI] p = 62 converged (62 it.)
[GI] p = 62.75 converged (58 it.)
[GI] p = 63.5 converged (65 it.)
[GI] p = 64.25 converged (62 it.)
[GI] p = 65 converged (59 it.)
[GI] p = 65.75 converged (61 it.)
[GI] p = 66.5 converged (58 it.)
[GI] p = 67.25 converged (61 it.)
[GI] p = 68 converged (63 it.)
[GI] p = 68.75 converged (62 it.)
[GI] p = 69.5 converged (66 it.)
[GI] p = 70.25 converged (66 it.)
[GI] p = 71 converged (63 it.)
[GI] p = 71.75 converged (63 it.)
[GI] p = 72.5 converged (62 it.)
[GI] p = 73.25 converged (63 it.)
[GI] p = 74 converged (66 it.)
[GI] p = 74.75 converged (63 it.)
[GI] p = 75.5 converged (63 it.)
[GI] p = 76.25 converged (64 it.)
[GI] p = 77 converged (63 it.)
[GI] p = 77.75 converged (61 it.)
[GI] p = 78.5 converged (60 it.)
[GI] p = 79.25 converged (60 it.)
[GI] p = 80 converged (68 it.)
[GI] p = 80.75 converged (63 it.)
[GI] p = 81.5 converged (57 it.)
[GI] p = 82.25 converged (66 it.)
[GI] p = 83 converged (60 it.)
[GI] p = 83.75 converged (65 it.)
[GI] p = 84.5 converged (66 it.)
[GI] p = 85.25 converged (63 it.)
[GI] p = 86 converged (65 it.)
[GI] p = 86.75 converged (71 it.)
[GI] p = 87.5 converged (70 it.)
[GI] p = 88.25 converged (67 it.)
[GI] p = 89 converged (71 it.)
[GI] p = 89.75 converged (61 it.)
[GI] p = 90.5 converged (72 it.)
[GI] p = 91.25 converged (60 it.)
[GI] p = 92 converged (67 it.)
[GI] p = 92.75 converged (73 it.)
[GI] p = 93.5 converged (68 it.)
[GI] p = 94.25 converged (72 it.)
[GI] p = 95 converged (70 it.)
[GI] p = 95.75 converged (71 it.)
[GI] p = 96.5 converged (68 it.)
[GI] p = 97.25 converged (67 it.)
[GI] p = 98 converged (67 it.)
[GI] p = 98.75 converged (55 it.)
[GI] p = 99.5 converged (66 it.)
[GI] p = 100 converged (66 it.)
[GI] last converged p = 100 (no collapse up to pmax)
[FS] cycle 0: 1250 equations, lambda GI 100 (241.516 s); GI plastic zone x in [-64.7152, 327.046], y in [-239.311, 0] (1 %: x in [-64.7152, 327.046], y in [-239.311, 0])
inserting uniform refpattern: triangle
[GI] p = 0.5 converged (8 it.)
[GI] p = 1.25 converged (13 it.)
[GI] p = 2 converged (38 it.)
[GI] p = 2.75 failed (101 it.)
[GI] p = 2.375 failed (101 it.)
[GI] p = 2.1875 converged (52 it.)
[GI] p = 2.375 failed (101 it.)
[GI] p = 2.28125 converged (61 it.)
[GI] p = 2.375 converged (59 it.)
[GI] p = 2.46875 converged (70 it.)
[GI] p = 2.5625 converged (80 it.)
[GI] p = 2.65625 failed (81 it.)
[GI] p = 2.60938 converged (86 it.)
[GI] p = 2.65625 failed (56 it.)
[GI] p = 2.63281 failed (96 it.)
[GI] p = 2.62109 converged (65 it.)
[GI] p = 2.63281 failed (101 it.)
[GI] p = 2.62695 converged (61 it.)
[GI] p = 2.63281 failed (58 it.)
[GI] last converged p = 2.62695
[FS] cycle 1: 1576 equations, lambda GI 2.62695 (75.9511 s); GI plastic zone x in [-32.3576, 327.046], y in [-239.311, 0] (1 %: x in [-32.3576, 327.046], y in [-239.311, 0])
[GI] p = 0.5 converged (11 it.)
[GI] p = 1 converged (16 it.)
[GI] p = 1.5 converged (57 it.)
[GI] p = 2 failed (38 it.)
[GI] p = 1.75 failed (41 it.)
[GI] p = 1.625 failed (57 it.)
[GI] p = 1.5625 failed (101 it.)
[GI] p = 1.53125 converged (68 it.)
[GI] p = 1.5625 failed (101 it.)
[GI] p = 1.54688 converged (64 it.)
[GI] p = 1.5625 converged (98 it.)
[GI] p = 1.57812 failed (36 it.)
[GI] p = 1.57031 failed (71 it.)
[GI] p = 1.56641 converged (87 it.)
[GI] p = 1.57031 failed (76 it.)
[GI] last converged p = 1.56641
[FS] cycle 2: 2666 equations, lambda GI 1.56641 (126.855 s); GI plastic zone x in [-16.1788, 327.046], y in [-234.156, 0] (1 %: x in [-32.3576, 327.046], y in [-234.156, 0])
[GI] p = 0.5 converged (14 it.)
[GI] p = 1 converged (22 it.)
[GI] p = 1.5 failed (45 it.)
[GI] p = 1.25 failed (91 it.)
[GI] p = 1.125 converged (27 it.)
[GI] p = 1.25 failed (87 it.)
[GI] p = 1.1875 converged (58 it.)
[GI] p = 1.25 failed (68 it.)
[GI] p = 1.21875 converged (93 it.)
[GI] p = 1.25 failed (39 it.)
[GI] p = 1.23438 failed (65 it.)
[GI] p = 1.22656 converged (97 it.)
[GI] p = 1.23438 failed (41 it.)
[GI] p = 1.23047 failed (78 it.)
[GI] last converged p = 1.22656
[FS] cycle 3: 5970 equations, lambda GI 1.22656 (346.9 s); GI plastic zone x in [-16.1788, 327.046], y in [-231.578, 0] (1 %: x in [-16.1788, 327.046], y in [-232.867, 0])
[GI] p = 0.5 converged (21 it.)
[GI] p = 1 converged (42 it.)
[GI] p = 1.5 failed (44 it.)
[GI] p = 1.25 failed (42 it.)
[GI] p = 1.125 failed (80 it.)
[GI] p = 1.0625 converged (60 it.)
[GI] p = 1.125 failed (58 it.)
[GI] p = 1.09375 failed (101 it.)
[GI] p = 1.07812 converged (78 it.)
[GI] p = 1.09375 failed (82 it.)
[GI] p = 1.08594 converged (57 it.)
[GI] p = 1.09375 failed (36 it.)
[GI] p = 1.08984 failed (74 it.)
[GI] last converged p = 1.08594
[FS] cycle 4: 14284 equations, lambda GI 1.08594 (1020.54 s); GI plastic zone x in [-10.1118, 327.046], y in [-230.933, 0] (1 %: x in [-12.1341, 327.046], y in [-231.578, 0])
void TPZAnalysis::SetCompMeshInit(TPZCompMesh*, bool) optimizing bandwidth
void TPZAnalysis::SetCompMeshInit(TPZCompMesh*, bool) optimizing bandwidth finished
[GI] p = 0.5 converged (30 it.)
[GI] p = 1 converged (83 it.)
