inserting uniform refpattern: triangle
inserting uniform refpattern: line
*********
[Time for assembly:96.152127ms]
[Time for solving:370.407547ms]
hydraulic domain: H 5 m, beta 60 deg, h_w 5 m, box x in [-50, 12.8868], y in [-35, 0]
K = diag(1, 1), alpha 1, gamma_w 9.81, order 2, mesh gen; far sides: left zero, base zero, right noflow
seepage: 17977 equations, J/(kh H^2 gw^2) 0.63055, min p -9.38695e-12 kPa, 0.983229 s
stability domain: H 5 m, beta 60 deg, h_w 5 m, box x in [-12.8868, 12.8868], y in [-17.8868, 0]
stability mesh gen: 186 triangles; water seepage, form u, gamma_ref 10.19; Newton cap 100, continuation tol 0.002
total pore pressure at the 1116 integration points of the initial stability mesh: 0 with p < 0, min p 0.149316 kPa
[GI] p = 0.5 converged (4 it.)
[GI] p = 1.25 failed (33 it.)
[GI] p = 0.875 converged (7 it.)
[GI] p = 1.4375 failed (21 it.)
[GI] p = 1.15625 converged (12 it.)
[GI] p = 1.4375 failed (20 it.)
[GI] p = 1.29688 failed (27 it.)
[GI] p = 1.22656 failed (44 it.)
[GI] p = 1.19141 converged (42 it.)
[GI] p = 1.22656 failed (21 it.)
[GI] p = 1.20898 failed (31 it.)
[GI] p = 1.2002 failed (63 it.)
[GI] p = 1.1958 converged (39 it.)
[GI] p = 1.2002 failed (46 it.)
[GI] last converged p = 1.1958
[FS] cycle 0: 826 equations, lambda GI 1.1958 (26.2967 s); GI plastic zone x in [-2.64699, 4.11541], y in [-6.08326, 0] (1 %: x in [-4.45694, 5.64598], y in [-6.44928, 0])
[GI] p = 0.5 converged (5 it.)
[GI] p = 1.25 failed (22 it.)
[GI] p = 0.875 converged (8 it.)
[GI] p = 1.4375 failed (17 it.)
[GI] p = 1.15625 failed (28 it.)
[GI] p = 1.01562 converged (8 it.)
[GI] p = 1.22656 failed (21 it.)
[GI] p = 1.12109 failed (38 it.)
[GI] p = 1.06836 converged (15 it.)
[GI] p = 1.12109 failed (32 it.)
[GI] p = 1.09473 failed (80 it.)
[GI] p = 1.08154 converged (39 it.)
[GI] p = 1.09473 failed (59 it.)
[GI] p = 1.08813 converged (45 it.)
[GI] p = 1.09473 failed (36 it.)
[GI] p = 1.09143 failed (101 it.)
[GI] last converged p = 1.08813
[FS] cycle 1: 1162 equations, lambda GI 1.08813 (54.2917 s); GI plastic zone x in [-2.64699, 3.80824], y in [-5.54163, 0] (1 %: x in [-2.64699, 4.11541], y in [-5.90395, 0])

cycle  equations  lambda_GI  H_crit (m)  gamma H_crit / c  time (s)  plastic zone / H (mark; 1 %): x_min  x_max - x_T  y_min - y_T
  0  826  1.1958  5.979  11.958  26.2967  -0.529398  0.245731  -0.216652;  -0.891389  0.551846  -0.289856
  1  1162  1.08813  5.44067  10.8813  54.2917  -0.529398  0.184298  -0.108326;  -0.529398  0.245731  -0.18079
box / H: x_min -2.57735, x_max - x_T 2, y_min - y_T -2.57735
lambda extrapolated to h -> 0 from the last cycles: order 1 0.980469, observed order nan -> nan, linear in 1 / sqrt(neq) 0.509526
total time 81.6334 s
