2026-10-09 08:05:15  fembatch fig=8: 1 panels x 1 h_w / H x 1 curves, soil swapped, gamma_w 9.8, alpha 1; fem:nref=3;mark=0.05;smesh=0.25/0.25/0.25/1;sa=2;maxnewton=100;tolfs=0.002|la:box_m=50/10/30;hbc=zero/zero/noflow;horder=2;href=1;hmesh=gen/0.025/0.0625/0.15/2;lm=10;mech=I+II;seeds=0+1+2;np=40;niter=150;pools=25;q=coarse/fine;polish=1;dmax=10;soil=swapped;Href=LA3; out /home/user/neopz-master/Projects/SlopeSeepageForces/results/cpp/fem_fig8.csv (0 rows already there)
2026-10-09 08:05:15    [fem fig8] Israeli beta=60 hw/H=0.5 FE: limit analysis, then 4 FEM cycles
2026-10-09 08:10:01    [fem fig8 1] Israeli beta=60 hw/H=0.5 FE: H_crit FEM = 3.8193 m (h -> 0; H_ref 3.81 m, last cycle lambda 1.0332, 4376 equations), LA = 3.81112 m (281.8 s)
2026-10-09 08:10:01  fembatch fig=8: 1 cases run, 0 already in /home/user/neopz-master/Projects/SlopeSeepageForces/results/cpp/fem_fig8.csv, 0 failed, 285.7 s
2026-10-09 08:59:09  fembatch fig=8: 1 panels x 1 h_w / H x 1 curves, soil swapped, gamma_w 9.8, alpha 1; fem:nref=3;mark=0.05;smesh=0.25/0.25/0.25/1;sa=2;maxnewton=100;tolfs=0.002|la:box_m=50/10/30;hbc=zero/zero/noflow;horder=2;href=1;hmesh=gen/0.025/0.0625/0.15/2;lm=10;mech=I+II;seeds=0+1+2;np=40;niter=150;pools=25;q=coarse/fine;polish=1;dmax=10;soil=swapped;Href=LA3; out /home/user/neopz-master/Projects/SlopeSeepageForces/results/cpp/fem_fig8.csv (1 rows already there)
2026-10-09 08:59:09    [fem fig8] Israeli beta=35 hw/H=0.5 FE: limit analysis, then 4 FEM cycles
2026-10-09 09:05:55    [fem fig8 1] Israeli beta=35 hw/H=0.5 FE: H_crit FEM = 8.58786 m (h -> 0; H_ref 8.63 m, last cycle lambda 1.01855, 6816 equations), LA = 8.6303 m (400.8 s)
2026-10-09 09:05:55  fembatch fig=8: 1 cases run, 0 already in /home/user/neopz-master/Projects/SlopeSeepageForces/results/cpp/fem_fig8.csv, 0 failed, 405.4 s
2026-10-09 09:21:34  fembatch fig=8: 4 panels x 4 h_w / H x 2 curves, soil swapped, gamma_w 9.8, alpha 1; fem:nref=3;mark=0.05;smesh=0.25/0.25/0.25/1;sa=2;maxnewton=100;tolfs=0.002|la:box_m=50/10/30;hbc=zero/zero/noflow;horder=2;href=1;hmesh=gen/0.025/0.0625/0.15/2;lm=10;mech=I+II;seeds=0+1+2;np=40;niter=150;pools=25;q=coarse/fine;polish=1;dmax=10;soil=swapped;Href=LA3; out /home/user/neopz-master/Projects/SlopeSeepageForces/results/cpp/fem_fig8.csv (2 rows already there)
2026-10-09 09:21:34    [fem fig8] London beta=30 hw/H=0 none: limit analysis, then 4 FEM cycles
2026-10-09 09:28:18    [fem fig8 1] London beta=30 hw/H=0 none: H_crit FEM = 150.254 m (h -> 0; H_ref 157 m, last cycle lambda 1.07812, 6920 equations), LA = 156.527 m (403.4 s)
2026-10-09 09:28:18    [fem fig8] London beta=30 hw/H=0.2 vopt: limit analysis, then 4 FEM cycles
2026-10-09 09:35:54    [fem fig8 2] London beta=30 hw/H=0.2 vopt: H_crit FEM = 55.5472 m (h -> 0; H_ref 58.7 m, last cycle lambda 0.976562, 7298 equations), LA = 58.6977 m (429.7 s)
2026-10-09 09:35:54    [fem fig8] London beta=30 hw/H=0.2 FE: limit analysis, then 4 FEM cycles
2026-10-09 09:44:40    [fem fig8 3] London beta=30 hw/H=0.2 FE: H_crit FEM = 36.4734 m (h -> 0; H_ref 37.2 m, last cycle lambda 0.995117, 8080 equations), LA = 37.2089 m (513.6 s)
2026-10-09 09:44:40    [fem fig8] London beta=30 hw/H=0.5 vopt: limit analysis, then 4 FEM cycles
2026-10-09 09:54:52    [fem fig8 4] London beta=30 hw/H=0.5 vopt: H_crit FEM = 25.575 m (h -> 0; H_ref 26.4 m, last cycle lambda 0.983398, 9186 equations), LA = 26.4145 m (610.8 s)
2026-10-09 09:54:52    [fem fig8] London beta=30 hw/H=0.5 FE: limit analysis, then 4 FEM cycles
2026-10-09 10:02:32    [fem fig8 5] London beta=30 hw/H=0.5 FE: H_crit FEM = 15.1535 m (h -> 0; H_ref 15.1 m, last cycle lambda 1.01855, 8006 equations), LA = 15.1316 m (456 s)
2026-10-09 10:02:32    [fem fig8] London beta=30 hw/H=1 vopt: limit analysis, then 4 FEM cycles
2026-10-09 10:13:28    [fem fig8 6] London beta=30 hw/H=1 vopt: H_crit FEM = 14.5929 m (h -> 0; H_ref 14.6 m, last cycle lambda 1.03027, 7418 equations), LA = 14.6072 m (654.6 s)
2026-10-09 10:13:28    [fem fig8] London beta=30 hw/H=1 FE: limit analysis, then 4 FEM cycles
2026-10-09 10:24:05    [fem fig8 7] London beta=30 hw/H=1 FE: H_crit FEM = 10.6365 m (h -> 0; H_ref 10.8 m, last cycle lambda 1.00098, 8776 equations), LA = 10.8076 m (632.8 s)
2026-10-09 10:24:05    [fem fig8] London beta=60 hw/H=0 none: limit analysis, then 4 FEM cycles
2026-10-09 10:28:01    [fem fig8 8] London beta=60 hw/H=0 none: H_crit FEM = 17.9044 m (h -> 0; H_ref 17.9 m, last cycle lambda 1.02734, 3206 equations), LA = 17.9495 m (235.6 s)
2026-10-09 10:28:01    [fem fig8] London beta=60 hw/H=0.2 vopt: limit analysis, then 4 FEM cycles
2026-10-09 10:31:23    [fem fig8 9] London beta=60 hw/H=0.2 vopt: H_crit FEM = 10.8123 m (h -> 0; H_ref 10.7 m, last cycle lambda 1.03357, 3742 equations), LA = 10.7178 m (201.6 s)
2026-10-09 10:31:23    [fem fig8] London beta=60 hw/H=0.2 FE: limit analysis, then 4 FEM cycles
2026-10-09 10:35:21    [fem fig8 10] London beta=60 hw/H=0.2 FE: H_crit FEM = 9.95875 m (h -> 0; H_ref 9.92 m, last cycle lambda 1.02734, 3648 equations), LA = 9.92062 m (234 s)
2026-10-09 10:35:21    [fem fig8] London beta=60 hw/H=0.5 vopt: limit analysis, then 4 FEM cycles
2026-10-09 10:39:00    [fem fig8 11] London beta=60 hw/H=0.5 vopt: H_crit FEM = 8.69752 m (h -> 0; H_ref 8.67 m, last cycle lambda 1.02441, 4286 equations), LA = 8.67353 m (217 s)
2026-10-09 10:39:00    [fem fig8] London beta=60 hw/H=0.5 FE: limit analysis, then 4 FEM cycles
2026-10-09 10:42:13    [fem fig8 12] London beta=60 hw/H=0.5 FE: H_crit FEM = 6.43628 m (h -> 0; H_ref 6.43 m, last cycle lambda 1.02148, 4146 equations), LA = 6.43407 m (189.4 s)
2026-10-09 10:42:13    [fem fig8] London beta=60 hw/H=1 vopt: limit analysis, then 4 FEM cycles
2026-10-09 10:44:32    [fem fig8 13] London beta=60 hw/H=1 vopt: H_crit FEM = 8.11412 m (h -> 0; H_ref 8.13 m, last cycle lambda 1.01855, 2930 equations), LA = 8.12707 m (137.8 s)
2026-10-09 10:44:32    [fem fig8] London beta=60 hw/H=1 FE: limit analysis, then 4 FEM cycles
2026-10-09 10:47:54    [fem fig8 14] London beta=60 hw/H=1 FE: H_crit FEM = 5.47927 m (h -> 0; H_ref 5.45 m, last cycle lambda 1.02441, 3238 equations), LA = 5.45402 m (197.6 s)
2026-10-09 10:47:54    [fem fig8] Israeli beta=35 hw/H=0 none: limit analysis, then 4 FEM cycles
2026-10-09 11:00:49    [fem fig8 15] Israeli beta=35 hw/H=0 none: H_crit FEM = 203.059 m (h -> 0; H_ref 229 m, last cycle lambda 1.22656, 5970 equations), LA = 228.829 m (775.6 s)
2026-10-09 11:00:49    [fem fig8] Israeli beta=35 hw/H=0.2 vopt: limit analysis, then 4 FEM cycles
2026-10-09 11:07:58    [fem fig8 16] Israeli beta=35 hw/H=0.2 vopt: H_crit FEM = 37.4906 m (h -> 0; H_ref 38.7 m, last cycle lambda 1.00684, 5372 equations), LA = 38.6606 m (423.7 s)
2026-10-09 11:07:58    [fem fig8] Israeli beta=35 hw/H=0.2 FE: limit analysis, then 4 FEM cycles
2026-10-09 11:13:22    [fem fig8 17] Israeli beta=35 hw/H=0.2 FE: H_crit FEM = 22.0604 m (h -> 0; H_ref 22.3 m, last cycle lambda 1.00684, 4900 equations), LA = 22.2966 m (319.1 s)
2026-10-09 11:13:22    [fem fig8] Israeli beta=35 hw/H=0.5 vopt: limit analysis, then 4 FEM cycles
2026-10-09 11:20:51    [fem fig8 18] Israeli beta=35 hw/H=0.5 vopt: H_crit FEM = 14.9702 m (h -> 0; H_ref 15.5 m, last cycle lambda 0.989258, 6004 equations), LA = 15.4642 m (447.9 s)
2026-10-09 11:20:51    [fem fig8] Israeli beta=35 hw/H=1 vopt: limit analysis, then 4 FEM cycles
2026-10-09 11:27:53    [fem fig8 19] Israeli beta=35 hw/H=1 vopt: H_crit FEM = 8.73853 m (h -> 0; H_ref 8.73 m, last cycle lambda 1.03906, 5828 equations), LA = 8.72817 m (421.2 s)
2026-10-09 11:27:53    [fem fig8] Israeli beta=35 hw/H=1 FE: limit analysis, then 4 FEM cycles
2026-10-09 11:33:39    [fem fig8 20] Israeli beta=35 hw/H=1 FE: H_crit FEM = 6.23475 m (h -> 0; H_ref 6.34 m, last cycle lambda 1.01562, 6308 equations), LA = 6.33647 m (340.9 s)
2026-10-09 11:33:39    [fem fig8] Israeli beta=60 hw/H=0 none: limit analysis, then 4 FEM cycles
2026-10-09 11:36:03    [fem fig8 21] Israeli beta=60 hw/H=0 none: H_crit FEM = 12.9238 m (h -> 0; H_ref 13 m, last cycle lambda 1.03125, 2952 equations), LA = 12.986 m (144.8 s)
2026-10-09 11:36:03    [fem fig8] Israeli beta=60 hw/H=0.2 vopt: limit analysis, then 4 FEM cycles
2026-10-09 11:40:09    [fem fig8 22] Israeli beta=60 hw/H=0.2 vopt: H_crit FEM = 6.99768 m (h -> 0; H_ref 6.93 m, last cycle lambda 1.03906, 3444 equations), LA = 6.92533 m (244.4 s)
2026-10-09 11:40:09    [fem fig8] Israeli beta=60 hw/H=0.2 FE: limit analysis, then 4 FEM cycles
2026-10-09 11:44:24    [fem fig8 23] Israeli beta=60 hw/H=0.2 FE: H_crit FEM = 6.25245 m (h -> 0; H_ref 6.21 m, last cycle lambda 1.0332, 3446 equations), LA = 6.21381 m (251.2 s)
2026-10-09 11:44:24    [fem fig8] Israeli beta=60 hw/H=0.5 vopt: limit analysis, then 4 FEM cycles
2026-10-09 11:48:28    [fem fig8 24] Israeli beta=60 hw/H=0.5 vopt: H_crit FEM = 5.50141 m (h -> 0; H_ref 5.48 m, last cycle lambda 1.03613, 4440 equations), LA = 5.48158 m (243.6 s)
2026-10-09 11:48:28    [fem fig8] Israeli beta=60 hw/H=1 vopt: limit analysis, then 4 FEM cycles
2026-10-09 11:50:09    [fem fig8 25] Israeli beta=60 hw/H=1 vopt: H_crit FEM = 4.83 m (h -> 0; H_ref 4.83 m, last cycle lambda 1.03125, 2850 equations), LA = 4.82789 m (99.59 s)
2026-10-09 11:50:09    [fem fig8] Israeli beta=60 hw/H=1 FE: limit analysis, then 4 FEM cycles
2026-10-09 11:52:10    [fem fig8 26] Israeli beta=60 hw/H=1 FE: H_crit FEM = 3.27 m (h -> 0; H_ref 3.27 m, last cycle lambda 1.03125, 2964 equations), LA = 3.27093 m (117.6 s)
2026-10-09 11:52:10  fembatch fig=8: 26 cases run, 2 already in /home/user/neopz-master/Projects/SlopeSeepageForces/results/cpp/fem_fig8.csv, 0 failed, 9036 s
