fembatch fig=9: 1 alphas x 1 betas x 2 curves, H 5 m, c 10, phi 30, gamma 20, gamma_w 9.81, h_w / H 1; fem:nref=3;mark=0.05;smesh=0.25/0.25/0.25/1;sa=2;maxnewton=100;tolfs=0.002|la:box_m=50/10/30;hbc=zero/zero/noflow;horder=2;href=1;hmesh=gen/0.025/0.0625/0.15/2;lm=10;mech=I+II;seeds=0+1+2;np=40;niter=150;pools=25;q=coarse/fine;polish=1;dmax=10; out /home/user/neopz-master/Projects/SlopeSeepageForces/results/cpp/fem_fig9.csv (0 rows already there)
  [fem fig9] alpha=1 beta=60 vopt: limit analysis, then 4 FEM cycles
[GI] p = 0.5 converged (1 it.)
[GI] p = 1.25 converged (7 it.)
[GI] p = 2.375 failed (18 it.)
[GI] p = 1.8125 converged (58 it.)
[GI] p = 2.375 failed (12 it.)
[GI] p = 2.09375 failed (13 it.)
[GI] p = 1.95312 failed (14 it.)
[GI] p = 1.88281 failed (15 it.)
[GI] p = 1.84766 failed (16 it.)
[GI] p = 1.83008 failed (19 it.)
[GI] p = 1.82129 failed (24 it.)
[GI] p = 1.81689 failed (34 it.)
[GI] last converged p = 1.8125
[FS] cycle 0: 826 equations, lambda GI 1.8125 (6.4342 s); GI plastic zone x in [-2.64699, 2.88675], y in [-5, 0] (1 %: x in [-2.64699, 2.88675], y in [-5, 0])
inserting uniform refpattern: triangle
[GI] p = 0.5 converged (3 it.)
[GI] p = 1.25 converged (8 it.)
[GI] p = 2.375 failed (15 it.)
[GI] p = 1.8125 failed (21 it.)
[GI] p = 1.53125 converged (9 it.)
[GI] p = 1.8125 failed (21 it.)
[GI] p = 1.67188 failed (36 it.)
[GI] p = 1.60156 converged (21 it.)
[GI] p = 1.67188 failed (25 it.)
[GI] p = 1.63672 failed (48 it.)
[GI] p = 1.61914 converged (57 it.)
[GI] p = 1.63672 failed (25 it.)
[GI] p = 1.62793 failed (43 it.)
[GI] p = 1.62354 converged (70 it.)
[GI] p = 1.62793 failed (20 it.)
[GI] last converged p = 1.62354
[FS] cycle 1: 1056 equations, lambda GI 1.62354 (15.4428 s); GI plastic zone x in [-1.91522, 2.88675], y in [-5, 0] (1 %: x in [-2.64699, 2.88675], y in [-5, 0])
[GI] p = 0.5 converged (5 it.)
[GI] p = 1.25 converged (9 it.)
[GI] p = 2 failed (20 it.)
[GI] p = 1.625 failed (23 it.)
[GI] p = 1.4375 converged (9 it.)
[GI] p = 1.625 failed (23 it.)
[GI] p = 1.53125 converged (34 it.)
[GI] p = 1.625 failed (13 it.)
[GI] p = 1.57812 failed (15 it.)
[GI] p = 1.55469 failed (20 it.)
[GI] p = 1.54297 failed (31 it.)
[GI] p = 1.53711 failed (71 it.)
[GI] last converged p = 1.53125
[FS] cycle 2: 1754 equations, lambda GI 1.53125 (22.2043 s); GI plastic zone x in [-1.18344, 2.88675], y in [-5, 0] (1 %: x in [-1.54933, 2.88675], y in [-5, 0])
[GI] p = 0.5 converged (5 it.)
[GI] p = 1.25 converged (11 it.)
[GI] p = 2 failed (15 it.)
[GI] p = 1.625 failed (28 it.)
[GI] p = 1.4375 converged (11 it.)
[GI] p = 1.625 failed (18 it.)
[GI] p = 1.53125 failed (26 it.)
[GI] p = 1.48438 failed (96 it.)
[GI] p = 1.46094 converged (12 it.)
[GI] p = 1.48438 failed (101 it.)
[GI] p = 1.47266 converged (26 it.)
[GI] p = 1.48438 failed (101 it.)
[GI] p = 1.47852 converged (56 it.)
[GI] p = 1.48438 failed (82 it.)
[GI] last converged p = 1.47852
[FS] cycle 3: 3420 equations, lambda GI 1.47852 (125.079 s); GI plastic zone x in [-0.831123, 2.88675], y in [-5, -0.252074] (1 %: x in [-1.36639, 2.88675], y in [-5, 0])
  [fem fig9 1] alpha=1 beta=60 vopt: Gamma_FEM = 1.42578 (h -> 0; last cycle 1.47852, 3420 equations), Gamma_LA = 1.42889 (169.2 s)
  [fem fig9] alpha=1 beta=60 FE: limit analysis, then 4 FEM cycles
inserting uniform refpattern: line
*********
[Time for assembly:105.883531ms]
[Time for solving:339.269376ms]
*********
[Time for assembly:145.236843ms]
[Time for solving:335.142561ms]
[GI] p = 0.5 converged (4 it.)
[GI] p = 1.25 failed (33 it.)
[GI] p = 0.875 converged (7 it.)
[GI] p = 1.4375 failed (21 it.)
[GI] p = 1.15625 converged (12 it.)
[GI] p = 1.4375 failed (20 it.)
[GI] p = 1.29688 failed (27 it.)
[GI] p = 1.22656 failed (44 it.)
[GI] p = 1.19141 converged (42 it.)
[GI] p = 1.22656 failed (21 it.)
[GI] p = 1.20898 failed (31 it.)
[GI] p = 1.2002 failed (63 it.)
[GI] p = 1.1958 converged (39 it.)
[GI] p = 1.2002 failed (46 it.)
[GI] last converged p = 1.1958
[FS] cycle 0: 826 equations, lambda GI 1.1958 (12.0735 s); GI plastic zone x in [-2.64699, 4.11541], y in [-6.08326, 0] (1 %: x in [-4.45694, 5.64598], y in [-6.44928, 0])
[GI] p = 0.5 converged (5 it.)
[GI] p = 1.25 failed (22 it.)
[GI] p = 0.875 converged (8 it.)
[GI] p = 1.4375 failed (17 it.)
[GI] p = 1.15625 failed (28 it.)
[GI] p = 1.01562 converged (8 it.)
[GI] p = 1.22656 failed (21 it.)
[GI] p = 1.12109 failed (38 it.)
[GI] p = 1.06836 converged (15 it.)
[GI] p = 1.12109 failed (32 it.)
[GI] p = 1.09473 failed (80 it.)
[GI] p = 1.08154 converged (39 it.)
[GI] p = 1.09473 failed (59 it.)
[GI] p = 1.08813 converged (45 it.)
[GI] p = 1.09473 failed (36 it.)
[GI] p = 1.09143 failed (101 it.)
[GI] last converged p = 1.08813
[FS] cycle 1: 1162 equations, lambda GI 1.08813 (29.0566 s); GI plastic zone x in [-2.64699, 3.80824], y in [-5.54163, 0] (1 %: x in [-2.64699, 4.11541], y in [-5.90395, 0])
[GI] p = 0.5 converged (6 it.)
[GI] p = 1.25 failed (20 it.)
[GI] p = 0.875 converged (10 it.)
[GI] p = 1.25 failed (16 it.)
[GI] p = 1.0625 failed (29 it.)
[GI] p = 0.96875 converged (9 it.)
[GI] p = 1.0625 failed (30 it.)
[GI] p = 1.01562 converged (13 it.)
[GI] p = 1.0625 failed (26 it.)
[GI] p = 1.03906 failed (36 it.)
[GI] p = 1.02734 failed (101 it.)
[GI] p = 1.02148 converged (48 it.)
[GI] p = 1.02734 failed (101 it.)
[GI] p = 1.02441 converged (47 it.)
[GI] p = 1.02734 converged (100 it.)
[GI] p = 1.03027 failed (15 it.)
[GI] last converged p = 1.02734
[FS] cycle 2: 2014 equations, lambda GI 1.02734 (69.1455 s); GI plastic zone x in [-2.2811, 3.3475], y in [-5.27082, 0] (1 %: x in [-2.64699, 3.65466], y in [-5.45197, 0])
[GI] p = 0.5 converged (7 it.)
[GI] p = 1.25 failed (17 it.)
[GI] p = 0.875 converged (12 it.)
[GI] p = 1.25 failed (14 it.)
[GI] p = 1.0625 failed (19 it.)
[GI] p = 0.96875 converged (10 it.)
[GI] p = 1.0625 failed (19 it.)
[GI] p = 1.01562 failed (31 it.)
[GI] p = 0.992188 converged (75 it.)
[GI] p = 1.01562 failed (14 it.)
[GI] p = 1.00391 failed (17 it.)
[GI] p = 0.998047 failed (26 it.)
[GI] p = 0.995117 failed (50 it.)
[GI] last converged p = 0.992188
[FS] cycle 3: 3924 equations, lambda GI 0.992188 (78.3665 s); GI plastic zone x in [-2.09816, 3.04033], y in [-5.13541, 0] (1 %: x in [-2.2811, 3.19392], y in [-5.13541, 0])
  [fem fig9 2] alpha=1 beta=60 FE: Gamma_FEM = 0.957031 (h -> 0; last cycle 0.992188, 3924 equations), Gamma_LA = 0.95707 (189.7 s)
fembatch fig=9: 2 cases run, 0 already in /home/user/neopz-master/Projects/SlopeSeepageForces/results/cpp/fem_fig9.csv, 0 failed, 362.3 s
fembatch fig=9: 3 alphas x 5 betas x 2 curves, H 5 m, c 10, phi 30, gamma 20, gamma_w 9.81, h_w / H 1; fem:nref=3;mark=0.05;smesh=0.25/0.25/0.25/1;sa=2;maxnewton=100;tolfs=0.002|la:box_m=50/10/30;hbc=zero/zero/noflow;horder=2;href=1;hmesh=gen/0.025/0.0625/0.15/2;lm=10;mech=I+II;seeds=0+1+2;np=40;niter=150;pools=25;q=coarse/fine;polish=1;dmax=10; out /home/user/neopz-master/Projects/SlopeSeepageForces/results/cpp/fem_fig9.csv (2 rows already there)
  [fem fig9] alpha=1 beta=30 vopt: limit analysis, then 4 FEM cycles
[GI] p = 0.5 converged (1 it.)
[GI] p = 1.25 converged (1 it.)
[GI] p = 2.375 converged (6 it.)
[GI] p = 4.0625 converged (8 it.)
[GI] p = 6.59375 failed (46 it.)
[GI] p = 5.32812 converged (24 it.)
[GI] p = 6.59375 failed (41 it.)
[GI] p = 5.96094 failed (91 it.)
[GI] p = 5.64453 converged (25 it.)
[GI] p = 5.96094 failed (78 it.)
[GI] p = 5.80273 converged (44 it.)
[GI] p = 5.96094 failed (58 it.)
[GI] p = 5.88184 converged (61 it.)
[GI] p = 5.96094 failed (35 it.)
[GI] p = 5.92139 failed (68 it.)
[GI] p = 5.90161 converged (59 it.)
[GI] p = 5.92139 failed (46 it.)
[GI] last converged p = 5.90161
[FS] cycle 0: 1240 equations, lambda GI 5.90161 (28.8551 s); GI plastic zone x in [-1.25652, 11.4195], y in [-6.7915, 0] (1 %: x in [-1.25652, 13.3262], y in [-7.74726, 0])
inserting uniform refpattern: triangle
[GI] p = 0.5 converged (1 it.)
[GI] p = 1.25 converged (1 it.)
[GI] p = 2.375 converged (6 it.)
[GI] p = 4.0625 converged (15 it.)
[GI] p = 5.75 failed (28 it.)
[GI] p = 4.90625 failed (42 it.)
[GI] p = 4.48438 converged (75 it.)
[GI] p = 4.90625 failed (22 it.)
[GI] p = 4.69531 failed (26 it.)
[GI] p = 4.58984 failed (44 it.)
[GI] p = 4.53711 failed (101 it.)
[GI] p = 4.51074 converged (44 it.)
[GI] p = 4.53711 converged (99 it.)
[GI] p = 4.56348 failed (20 it.)
[GI] p = 4.55029 failed (24 it.)
[GI] last converged p = 4.53711
[FS] cycle 1: 1864 equations, lambda GI 4.53711 (42.7957 s); GI plastic zone x in [-0.628262, 10.6542], y in [-6.17367, 0] (1 %: x in [-0.628262, 11.4195], y in [-6.3719, 0])
[GI] p = 0.5 converged (1 it.)
[GI] p = 1.25 converged (1 it.)
[GI] p = 2.375 converged (7 it.)
[GI] p = 4.0625 failed (67 it.)
[GI] p = 3.21875 converged (9 it.)
[GI] p = 4.0625 failed (68 it.)
[GI] p = 3.64062 converged (9 it.)
[GI] p = 4.0625 failed (63 it.)
[GI] p = 3.85156 converged (14 it.)
[GI] p = 4.0625 failed (61 it.)
[GI] p = 3.95703 converged (52 it.)
[GI] p = 4.0625 failed (39 it.)
[GI] p = 4.00977 failed (101 it.)
[GI] p = 3.9834 converged (49 it.)
[GI] p = 4.00977 failed (85 it.)
[GI] p = 3.99658 converged (52 it.)
[GI] p = 4.00977 failed (71 it.)
[GI] last converged p = 3.99658
[FS] cycle 2: 3768 equations, lambda GI 3.99658 (161.383 s); GI plastic zone x in [-0.314131, 9.58175], y in [-5.71423, 0] (1 %: x in [-0.314131, 10.2716], y in [-5.86476, 0])
[GI] p = 0.5 converged (1 it.)
[GI] p = 1.25 converged (3 it.)
[GI] p = 2.375 converged (8 it.)
[GI] p = 4.0625 failed (37 it.)
[GI] p = 3.21875 converged (11 it.)
[GI] p = 4.0625 failed (33 it.)
[GI] p = 3.64062 converged (13 it.)
[GI] p = 4.0625 failed (33 it.)
[GI] p = 3.85156 failed (45 it.)
[GI] p = 3.74609 converged (53 it.)
[GI] p = 3.85156 failed (26 it.)
[GI] p = 3.79883 failed (49 it.)
[GI] p = 3.77246 converged (86 it.)
[GI] p = 3.79883 failed (27 it.)
[GI] p = 3.78564 failed (47 it.)
[GI] last converged p = 3.77246
[FS] cycle 3: 8540 equations, lambda GI 3.77246 (314.616 s); GI plastic zone x in [-0.157066, 9.27458], y in [-5.43787, 0] (1 %: x in [-0.235598, 9.42816], y in [-5.54642, 0])
  [fem fig9 1] alpha=1 beta=30 vopt: Gamma_FEM = 3.54834 (h -> 0; last cycle 3.77246, 8540 equations), Gamma_LA = 3.57876 (547.8 s)
  [fem fig9] alpha=1 beta=30 FE: limit analysis, then 4 FEM cycles
inserting uniform refpattern: line
void TPZAnalysis::SetCompMeshInit(TPZCompMesh*, bool) optimizing bandwidth
void TPZAnalysis::SetCompMeshInit(TPZCompMesh*, bool) optimizing bandwidth finished
Entering Assemble Equations
**********
[Time for assembly:116.644631ms]
Entering Solve
[Time for solving:437.068233ms]
void TPZAnalysis::SetCompMeshInit(TPZCompMesh*, bool) optimizing bandwidth
void TPZAnalysis::SetCompMeshInit(TPZCompMesh*, bool) optimizing bandwidth finished
Entering Assemble Equations
**********
[Time for assembly:124.934356ms]
Entering Solve
[Time for solving:470.929267ms]
[GI] p = 0.5 converged (1 it.)
[GI] p = 1.25 converged (5 it.)
[GI] p = 2.375 converged (8 it.)
[GI] p = 4.0625 failed (26 it.)
[GI] p = 3.21875 failed (66 it.)
[GI] p = 2.79688 converged (12 it.)
[GI] p = 3.21875 failed (60 it.)
[GI] p = 3.00781 converged (33 it.)
[GI] p = 3.21875 failed (41 it.)
[GI] p = 3.11328 converged (84 it.)
[GI] p = 3.21875 failed (17 it.)
[GI] p = 3.16602 failed (21 it.)
[GI] p = 3.13965 failed (27 it.)
[GI] p = 3.12646 failed (43 it.)
[GI] p = 3.11987 converged (95 it.)
[GI] p = 3.12646 failed (19 it.)
[GI] last converged p = 3.11987
[FS] cycle 0: 1240 equations, lambda GI 3.11987 (28.6522 s); GI plastic zone x in [-2.82882, 13.3262], y in [-7.87794, 0] (1 %: x in [-2.82882, 15.7014], y in [-7.87794, 0])
[GI] p = 0.5 converged (1 it.)
[GI] p = 1.25 converged (5 it.)
[GI] p = 2.375 converged (11 it.)
[GI] p = 3.5 failed (20 it.)
[GI] p = 2.9375 failed (34 it.)
[GI] p = 2.65625 failed (101 it.)
[GI] p = 2.51562 converged (18 it.)
[GI] p = 2.65625 failed (101 it.)
[GI] p = 2.58594 converged (34 it.)
[GI] p = 2.65625 failed (101 it.)
[GI] p = 2.62109 converged (40 it.)
[GI] p = 2.65625 failed (101 it.)
[GI] p = 2.63867 converged (47 it.)
[GI] p = 2.65625 failed (93 it.)
[GI] p = 2.64746 converged (52 it.)
[GI] p = 2.65625 failed (70 it.)
[GI] last converged p = 2.64746
[FS] cycle 1: 2128 equations, lambda GI 2.64746 (93.1123 s); GI plastic zone x in [-1.6496, 11.4195], y in [-6.69626, 0] (1 %: x in [-2.04267, 12.3728], y in [-7.11586, 0])
[GI] p = 0.5 converged (1 it.)
[GI] p = 1.25 converged (6 it.)
[GI] p = 2.375 converged (15 it.)
[GI] p = 3.5 failed (16 it.)
[GI] p = 2.9375 failed (17 it.)
[GI] p = 2.65625 failed (25 it.)
[GI] p = 2.51562 failed (42 it.)
[GI] p = 2.44531 failed (101 it.)
[GI] p = 2.41016 converged (37 it.)
[GI] p = 2.44531 converged (90 it.)
[GI] p = 2.48047 failed (22 it.)
[GI] p = 2.46289 failed (38 it.)
[GI] p = 2.4541 failed (101 it.)
[GI] last converged p = 2.44531
[FS] cycle 2: 4050 equations, lambda GI 2.44531 (133.734 s); GI plastic zone x in [-1.25652, 10.2716], y in [-6.06299, 0] (1 %: x in [-1.25652, 11.0368], y in [-6.204, 0])
[GI] p = 0.5 converged (1 it.)
[GI] p = 1.25 converged (8 it.)
[GI] p = 2.375 failed (99 it.)
[GI] p = 1.8125 converged (10 it.)
[GI] p = 2.375 failed (97 it.)
[GI] p = 2.09375 converged (10 it.)
[GI] p = 2.375 failed (80 it.)
[GI] p = 2.23438 converged (9 it.)
[GI] p = 2.375 failed (84 it.)
[GI] p = 2.30469 converged (11 it.)
[GI] p = 2.375 failed (89 it.)
[GI] p = 2.33984 converged (29 it.)
[GI] p = 2.375 failed (68 it.)
[GI] p = 2.35742 converged (48 it.)
[GI] p = 2.375 failed (44 it.)
[GI] p = 2.36621 failed (101 it.)
[GI] last converged p = 2.35742
[FS] cycle 3: 8770 equations, lambda GI 2.35742 (503.104 s); GI plastic zone x in [-1.09946, 9.88891], y in [-5.71423, 0] (1 %: x in [-1.09946, 10.2716], y in [-5.85898, 0])
  [fem fig9 2] alpha=1 beta=30 FE: Gamma_FEM = 2.26953 (h -> 0; last cycle 2.35742, 8770 equations), Gamma_LA = 2.33281 (760 s)
  [fem fig9] alpha=1 beta=45 vopt: limit analysis, then 4 FEM cycles
[GI] p = 0.5 converged (1 it.)
[GI] p = 1.25 converged (6 it.)
[GI] p = 2.375 converged (13 it.)
[GI] p = 3.5 failed (20 it.)
[GI] p = 2.9375 failed (28 it.)
[GI] p = 2.65625 failed (48 it.)
[GI] p = 2.51562 converged (18 it.)
[GI] p = 2.65625 failed (44 it.)
[GI] p = 2.58594 converged (75 it.)
[GI] p = 2.65625 failed (19 it.)
[GI] p = 2.62109 failed (25 it.)
[GI] p = 2.60352 failed (38 it.)
[GI] p = 2.59473 failed (101 it.)
[GI] last converged p = 2.58594
[FS] cycle 0: 916 equations, lambda GI 2.58594 (12.3744 s); GI plastic zone x in [-1.29961, 6.22866], y in [-6.56288, 0] (1 %: x in [-1.29961, 9.66591], y in [-7.14255, 0])
[GI] p = 0.5 converged (1 it.)
[GI] p = 1.25 converged (6 it.)
[GI] p = 2.375 failed (36 it.)
[GI] p = 1.8125 converged (8 it.)
[GI] p = 2.65625 failed (25 it.)
[GI] p = 2.23438 converged (70 it.)
[GI] p = 2.65625 failed (14 it.)
[GI] p = 2.44531 failed (15 it.)
[GI] p = 2.33984 failed (16 it.)
[GI] p = 2.28711 failed (17 it.)
[GI] p = 2.26074 failed (21 it.)
[GI] p = 2.24756 failed (30 it.)
[GI] p = 2.24097 failed (59 it.)
[GI] last converged p = 2.23438
[FS] cycle 1: 1282 equations, lambda GI 2.23438 (15.5049 s); GI plastic zone x in [-0.974705, 5.61433], y in [-5.69272, 0] (1 %: x in [-0.974705, 6.22866], y in [-5.69272, 0])
[GI] p = 0.5 converged (1 it.)
[GI] p = 1.25 converged (7 it.)
[GI] p = 2.375 failed (29 it.)
[GI] p = 1.8125 converged (10 it.)
[GI] p = 2.375 failed (26 it.)
[GI] p = 2.09375 failed (52 it.)
[GI] p = 1.95312 converged (8 it.)
TPZSkylMatrix pivot = 4.54747e-13
TPZSkylMatrix::DecomposeLDLt zero pivot
j = 188 l = 188
[GI] p = 2.16406 failed (37 it.)
[GI] p = 2.05859 converged (29 it.)
[GI] p = 2.16406 failed (25 it.)
[GI] p = 2.11133 failed (28 it.)
[GI] p = 2.08496 failed (54 it.)
[GI] p = 2.07178 converged (59 it.)
[GI] p = 2.08496 failed (31 it.)
[GI] p = 2.07837 failed (66 it.)
[GI] last converged p = 2.07178
[FS] cycle 2: 2086 equations, lambda GI 2.07178 (46.8679 s); GI plastic zone x in [-0.649803, 5.30716], y in [-5.2458, 0] (1 %: x in [-0.812254, 5.61433], y in [-5.30634, 0])
[GI] p = 0.5 converged (1 it.)
[GI] p = 1.25 converged (9 it.)
[GI] p = 2 failed (48 it.)
[GI] p = 1.625 converged (9 it.)
[GI] p = 2 failed (56 it.)
[GI] p = 1.8125 converged (9 it.)
[GI] p = 2 failed (52 it.)
[GI] p = 1.90625 converged (8 it.)
[GI] p = 2.04688 failed (31 it.)
[GI] p = 1.97656 converged (20 it.)
[GI] p = 2.04688 failed (19 it.)
[GI] p = 2.01172 failed (26 it.)
[GI] p = 1.99414 failed (51 it.)
[GI] p = 1.98535 converged (72 it.)
[GI] p = 1.99414 failed (28 it.)
[GI] p = 1.98975 failed (53 it.)
[GI] last converged p = 1.98535
[FS] cycle 3: 4166 equations, lambda GI 1.98535 (145.634 s); GI plastic zone x in [-0.410524, 5.15358], y in [-5.15317, 0] (1 %: x in [-0.487352, 5.30716], y in [-5.19146, 0])
  [fem fig9 3] alpha=1 beta=45 vopt: Gamma_FEM = 1.89893 (h -> 0; last cycle 1.98535, 4166 equations), Gamma_LA = 1.90448 (220.5 s)
  [fem fig9] alpha=1 beta=45 FE: limit analysis, then 4 FEM cycles
*********
[Time for assembly:101.150455ms]
[Time for solving:374.843029ms]
*********
[Time for assembly:95.335799ms]
[Time for solving:438.051031ms]
[GI] p = 0.5 converged (1 it.)
[GI] p = 1.25 converged (8 it.)
[GI] p = 2.375 failed (20 it.)
[GI] p = 1.8125 failed (36 it.)
[GI] p = 1.53125 converged (10 it.)
[GI] p = 1.8125 failed (38 it.)
[GI] p = 1.67188 converged (38 it.)
[GI] p = 1.8125 failed (19 it.)
[GI] p = 1.74219 failed (25 it.)
[GI] p = 1.70703 failed (43 it.)
[GI] p = 1.68945 converged (57 it.)
[GI] p = 1.70703 failed (21 it.)
[GI] p = 1.69824 failed (29 it.)
[GI] p = 1.69385 failed (53 it.)
[GI] last converged p = 1.68945
[FS] cycle 0: 916 equations, lambda GI 1.68945 (15.651 s); GI plastic zone x in [-2.93701, 9.66591], y in [-7.14255, 0] (1 %: x in [-3.09641, 9.66591], y in [-7.14255, 0])
[GI] p = 0.5 converged (1 it.)
[GI] p = 1.25 converged (9 it.)
[GI] p = 2 failed (20 it.)
[GI] p = 1.625 failed (32 it.)
[GI] p = 1.4375 converged (10 it.)
[GI] p = 1.625 failed (30 it.)
[GI] p = 1.53125 failed (61 it.)
[GI] p = 1.48438 converged (35 it.)
[GI] p = 1.53125 failed (39 it.)
[GI] p = 1.50781 failed (101 it.)
[GI] p = 1.49609 converged (43 it.)
[GI] p = 1.50781 converged (96 it.)
[GI] p = 1.51953 failed (17 it.)
[GI] p = 1.51367 failed (22 it.)
[GI] last converged p = 1.50781
[FS] cycle 1: 1508 equations, lambda GI 1.50781 (41.938 s); GI plastic zone x in [-2.11831, 6.99394], y in [-5.98321, 0] (1 %: x in [-2.93701, 7.75923], y in [-6.56288, 0])
[GI] p = 0.5 converged (5 it.)
[GI] p = 1.25 converged (11 it.)
[GI] p = 2 failed (15 it.)
[GI] p = 1.625 failed (19 it.)
[GI] p = 1.4375 failed (50 it.)
[GI] p = 1.34375 converged (8 it.)
[GI] p = 1.48438 failed (32 it.)
[GI] p = 1.41406 converged (94 it.)
[GI] p = 1.48438 failed (14 it.)
[GI] p = 1.44922 failed (15 it.)
[GI] p = 1.43164 failed (17 it.)
[GI] p = 1.42285 failed (22 it.)
[GI] p = 1.41846 failed (34 it.)
[GI] last converged p = 1.41406
[FS] cycle 2: 2684 equations, lambda GI 1.41406 (59.1189 s); GI plastic zone x in [-1.70896, 5.92149], y in [-5.49953, 0] (1 %: x in [-2.11831, 6.22866], y in [-5.76521, 0])
[GI] p = 0.5 converged (6 it.)
[GI] p = 1.25 converged (12 it.)
[GI] p = 2 failed (14 it.)
[GI] p = 1.625 failed (19 it.)
[GI] p = 1.4375 failed (23 it.)
[GI] p = 1.34375 converged (12 it.)
[GI] p = 1.4375 failed (23 it.)
[GI] p = 1.39062 failed (36 it.)
[GI] p = 1.36719 failed (101 it.)
[GI] p = 1.35547 converged (23 it.)
[GI] p = 1.36719 failed (101 it.)
[GI] p = 1.36133 converged (43 it.)
[GI] p = 1.36719 converged (84 it.)
[GI] p = 1.37305 failed (25 it.)
[GI] p = 1.37012 failed (47 it.)
[GI] last converged p = 1.36719
[FS] cycle 3: 5434 equations, lambda GI 1.36719 (288.168 s); GI plastic zone x in [-1.60662, 5.46075], y in [-5.2458, 0] (1 %: x in [-1.70896, 5.61433], y in [-5.3362, 0])
  [fem fig9 4] alpha=1 beta=45 FE: Gamma_FEM = 1.32031 (h -> 0; last cycle 1.36719, 5434 equations), Gamma_LA = 1.3262 (406.1 s)
  [fem fig9] alpha=1 beta=75 vopt: limit analysis, then 4 FEM cycles
[GI] p = 0.5 converged (4 it.)
[GI] p = 1.25 converged (9 it.)
[GI] p = 2 failed (18 it.)
[GI] p = 1.625 failed (22 it.)
[GI] p = 1.4375 failed (37 it.)
[GI] p = 1.34375 converged (18 it.)
[GI] p = 1.4375 failed (29 it.)
[GI] p = 1.39062 failed (53 it.)
[GI] p = 1.36719 converged (45 it.)
[GI] p = 1.39062 failed (32 it.)
[GI] p = 1.37891 failed (68 it.)
[GI] p = 1.37305 converged (43 it.)
[GI] p = 1.37891 failed (48 it.)
[GI] p = 1.37598 converged (40 it.)
[GI] p = 1.37891 failed (30 it.)
[GI] last converged p = 1.37598
[FS] cycle 0: 732 equations, lambda GI 1.37598 (14.1775 s); GI plastic zone x in [-5.17502, 4.09897], y in [-5.98874, 0] (1 %: x in [-5.17502, 4.09897], y in [-5.98874, 0])
[GI] p = 0.5 converged (6 it.)
[GI] p = 1.25 failed (41 it.)
[GI] p = 0.875 converged (7 it.)
[GI] p = 1.4375 failed (22 it.)
[GI] p = 1.15625 converged (11 it.)
[GI] p = 1.4375 failed (22 it.)
[GI] p = 1.29688 failed (28 it.)
[GI] p = 1.22656 failed (55 it.)
[GI] p = 1.19141 converged (26 it.)
[GI] p = 1.22656 failed (42 it.)
[GI] p = 1.20898 converged (66 it.)
[GI] p = 1.22656 failed (20 it.)
[GI] p = 1.21777 failed (28 it.)
[GI] p = 1.21338 failed (54 it.)
[GI] last converged p = 1.20898
[FS] cycle 1: 1096 equations, lambda GI 1.20898 (22.0258 s); GI plastic zone x in [-4.10218, 2.5684], y in [-5.49437, 0] (1 %: x in [-4.38152, 2.5684], y in [-5.68255, 0])
[GI] p = 0.5 converged (6 it.)
[GI] p = 1.25 failed (22 it.)
[GI] p = 0.875 converged (8 it.)
[GI] p = 1.4375 failed (16 it.)
[GI] p = 1.15625 failed (36 it.)
[GI] p = 1.01562 converged (8 it.)
[GI] p = 1.22656 failed (27 it.)
[GI] p = 1.12109 converged (90 it.)
[GI] p = 1.22656 failed (12 it.)
[GI] p = 1.17383 failed (14 it.)
[GI] p = 1.14746 failed (15 it.)
[GI] p = 1.13428 failed (16 it.)
[GI] p = 1.12769 failed (22 it.)
[GI] p = 1.12439 failed (30 it.)
[GI] last converged p = 1.12109
[FS] cycle 2: 1918 equations, lambda GI 1.12109 (32.1999 s); GI plastic zone x in [-3.02935, 1.64691], y in [-5.17064, 0] (1 %: x in [-3.56576, 1.95407], y in [-5.24719, 0])
[GI] p = 0.5 converged (6 it.)
[GI] p = 1.25 failed (20 it.)
[GI] p = 0.875 converged (9 it.)
[GI] p = 1.25 failed (19 it.)
[GI] p = 1.0625 converged (17 it.)
[GI] p = 1.25 failed (19 it.)
[GI] p = 1.15625 failed (15 it.)
[GI] p = 1.10938 failed (22 it.)
[GI] p = 1.08594 failed (36 it.)
[GI] p = 1.07422 failed (101 it.)
[GI] p = 1.06836 converged (35 it.)
[GI] p = 1.07422 failed (101 it.)
[GI] p = 1.07129 converged (44 it.)
[GI] p = 1.07422 converged (89 it.)
[GI] p = 1.07715 failed (19 it.)
[GI] last converged p = 1.07422
[FS] cycle 3: 3626 equations, lambda GI 1.07422 (138.663 s); GI plastic zone x in [-2.60605, 1.33975], y in [-5, 0] (1 %: x in [-3.02935, 1.33975], y in [-5, 0])
  [fem fig9 5] alpha=1 beta=75 vopt: Gamma_FEM = 1.02734 (h -> 0; last cycle 1.07422, 3626 equations), Gamma_LA = 1.02512 (207.1 s)
  [fem fig9] alpha=1 beta=75 FE: limit analysis, then 4 FEM cycles
********
[Time for assembly:150.034396ms]
[Time for solving:326.475024ms]
********
[Time for assembly:90.071745ms]
[Time for solving:338.182746ms]
[GI] p = 0.5 converged (6 it.)
[GI] p = 1.25 failed (21 it.)
[GI] p = 0.875 converged (8 it.)
[GI] p = 1.4375 failed (17 it.)
[GI] p = 1.15625 failed (22 it.)
[GI] p = 1.01562 failed (37 it.)
[GI] p = 0.945312 converged (11 it.)
[GI] p = 1.01562 failed (36 it.)
[GI] p = 0.980469 converged (75 it.)
[GI] p = 1.01562 failed (15 it.)
[GI] p = 0.998047 failed (17 it.)
[GI] p = 0.989258 failed (22 it.)
[GI] p = 0.984863 failed (32 it.)
[GI] p = 0.982666 failed (65 it.)
[GI] last converged p = 0.980469
[FS] cycle 0: 732 equations, lambda GI 0.980469 (11.7086 s); GI plastic zone x in [-5.17502, 4.09897], y in [-5.98874, 0] (1 %: x in [-5.17502, 4.09897], y in [-5.98874, 0])
[GI] p = 0.5 converged (6 it.)
[GI] p = 1.25 failed (23 it.)
[GI] p = 0.875 failed (60 it.)
[GI] p = 0.6875 converged (7 it.)
[GI] p = 0.96875 failed (28 it.)
[GI] p = 0.828125 converged (12 it.)
[GI] p = 0.96875 failed (19 it.)
[GI] p = 0.898438 failed (32 it.)
[GI] p = 0.863281 failed (101 it.)
[GI] p = 0.845703 converged (21 it.)
[GI] p = 0.863281 failed (101 it.)
[GI] p = 0.854492 converged (34 it.)
[GI] p = 0.863281 converged (90 it.)
[GI] p = 0.87207 failed (17 it.)
[GI] p = 0.867676 failed (21 it.)
[GI] p = 0.865479 failed (32 it.)
[GI] last converged p = 0.863281
[FS] cycle 1: 1096 equations, lambda GI 0.863281 (30.7486 s); GI plastic zone x in [-3.30868, 2.5684], y in [-5.49437, 0] (1 %: x in [-4.10218, 2.5684], y in [-5.83564, 0])
[GI] p = 0.5 converged (7 it.)
[GI] p = 1.25 failed (17 it.)
[GI] p = 0.875 failed (29 it.)
[GI] p = 0.6875 converged (9 it.)
[GI] p = 0.875 failed (23 it.)
[GI] p = 0.78125 converged (16 it.)
[GI] p = 0.875 failed (17 it.)
[GI] p = 0.828125 failed (26 it.)
[GI] p = 0.804688 failed (61 it.)
[GI] p = 0.792969 converged (45 it.)
[GI] p = 0.804688 failed (38 it.)
[GI] p = 0.798828 failed (101 it.)
[GI] p = 0.795898 converged (44 it.)
[GI] p = 0.798828 converged (69 it.)
[GI] p = 0.801758 failed (18 it.)
[GI] last converged p = 0.798828
[FS] cycle 2: 1874 equations, lambda GI 0.798828 (58.0617 s); GI plastic zone x in [-3.02935, 1.64691], y in [-5.17064, 0] (1 %: x in [-3.02935, 1.95407], y in [-5.24719, 0])
[GI] p = 0.5 converged (8 it.)
[GI] p = 1.25 failed (21 it.)
[GI] p = 0.875 failed (20 it.)
[GI] p = 0.6875 converged (10 it.)
[GI] p = 0.875 failed (17 it.)
[GI] p = 0.78125 failed (39 it.)
[GI] p = 0.734375 converged (8 it.)
[GI] p = 0.804688 failed (27 it.)
[GI] p = 0.769531 failed (67 it.)
[GI] p = 0.751953 converged (15 it.)
[GI] p = 0.769531 failed (61 it.)
[GI] p = 0.760742 converged (61 it.)
[GI] p = 0.769531 failed (35 it.)
[GI] p = 0.765137 failed (101 it.)
[GI] p = 0.762939 converged (47 it.)
[GI] p = 0.765137 failed (101 it.)
[GI] last converged p = 0.762939
[FS] cycle 3: 3408 equations, lambda GI 0.762939 (167.042 s); GI plastic zone x in [-2.60605, 1.33975], y in [-5, 0] (1 %: x in [-2.92352, 1.33975], y in [-5, 0])
  [fem fig9 6] alpha=1 beta=75 FE: Gamma_FEM = 0.727051 (h -> 0; last cycle 0.762939, 3408 equations), Gamma_LA = 0.728102 (268.6 s)
  [fem fig9] alpha=1 beta=90 vopt: limit analysis, then 4 FEM cycles
[GI] p = 0.5 converged (6 it.)
[GI] p = 1.25 failed (20 it.)
[GI] p = 0.875 failed (31 it.)
[GI] p = 0.6875 converged (7 it.)
[GI] p = 0.96875 failed (22 it.)
[GI] p = 0.828125 failed (37 it.)
[GI] p = 0.757812 converged (21 it.)
[GI] p = 0.828125 failed (23 it.)
[GI] p = 0.792969 failed (38 it.)
[GI] p = 0.775391 converged (53 it.)
[GI] p = 0.792969 failed (17 it.)
[GI] p = 0.78418 failed (21 it.)
[GI] p = 0.779785 failed (33 it.)
[GI] p = 0.777588 failed (78 it.)
[GI] last converged p = 0.775391
[FS] cycle 0: 682 equations, lambda GI 0.775391 (11.2455 s); GI plastic zone x in [-4.66591, 0], y in [-5.4077, 0] (1 %: x in [-4.66591, 2.75923], y in [-6.39849, 0])
[GI] p = 0.5 converged (6 it.)
[GI] p = 1.25 failed (14 it.)
[GI] p = 0.875 failed (21 it.)
[GI] p = 0.6875 converged (21 it.)
[GI] p = 0.875 failed (15 it.)
[GI] p = 0.78125 failed (19 it.)
[GI] p = 0.734375 failed (25 it.)
[GI] p = 0.710938 failed (44 it.)
[GI] p = 0.699219 converged (66 it.)
[GI] p = 0.710938 failed (21 it.)
[GI] p = 0.705078 failed (32 it.)
[GI] p = 0.702148 failed (73 it.)
[GI] p = 0.700684 converged (43 it.)
[GI] p = 0.702148 failed (51 it.)
[GI] last converged p = 0.700684
[FS] cycle 1: 924 equations, lambda GI 0.700684 (19.5433 s); GI plastic zone x in [-4.66591, 0], y in [-5, 0] (1 %: x in [-4.66591, 0], y in [-5, 0])
[GI] p = 0.5 converged (7 it.)
[GI] p = 1.25 failed (10 it.)
[GI] p = 0.875 failed (16 it.)
[GI] p = 0.6875 failed (36 it.)
[GI] p = 0.59375 converged (8 it.)
[GI] p = 0.734375 failed (19 it.)
[GI] p = 0.664062 failed (42 it.)
[GI] p = 0.628906 converged (10 it.)
[GI] p = 0.664062 failed (41 it.)
[GI] p = 0.646484 converged (72 it.)
[GI] p = 0.664062 failed (19 it.)
[GI] p = 0.655273 failed (32 it.)
[GI] p = 0.650879 failed (101 it.)
[GI] p = 0.648682 converged (42 it.)
[GI] p = 0.650879 failed (93 it.)
[GI] last converged p = 0.648682
[FS] cycle 2: 1622 equations, lambda GI 0.648682 (50.637 s); GI plastic zone x in [-4.18924, 0], y in [-5, 0] (1 %: x in [-4.66591, 0], y in [-5, 0])
[GI] p = 0.5 converged (8 it.)
[GI] p = 1.25 failed (12 it.)
[GI] p = 0.875 failed (16 it.)
[GI] p = 0.6875 failed (22 it.)
[GI] p = 0.59375 converged (10 it.)
[GI] p = 0.6875 failed (19 it.)
[GI] p = 0.640625 failed (37 it.)
[GI] p = 0.617188 converged (12 it.)
[GI] p = 0.640625 failed (31 it.)
[GI] p = 0.628906 failed (97 it.)
[GI] p = 0.623047 converged (53 it.)
[GI] p = 0.628906 failed (74 it.)
[GI] p = 0.625977 converged (59 it.)
[GI] p = 0.628906 failed (51 it.)
[GI] p = 0.627441 converged (67 it.)
[GI] p = 0.628906 failed (29 it.)
[GI] last converged p = 0.627441
[FS] cycle 3: 3058 equations, lambda GI 0.627441 (169.165 s); GI plastic zone x in [-3.9509, 0], y in [-5, 0] (1 %: x in [-4.18924, 0], y in [-5, 0])
  [fem fig9 7] alpha=1 beta=90 vopt: Gamma_FEM = 0.606201 (h -> 0; last cycle 0.627441, 3058 equations), Gamma_LA = 0.601432 (250.7 s)
  [fem fig9] alpha=1 beta=90 FE: limit analysis, then 4 FEM cycles
********
[Time for assembly:85.523492ms]
[Time for solving:315.892357ms]
********
[Time for assembly:104.994786ms]
[Time for solving:387.102006ms]
[GI] p = 0.5 converged (7 it.)
[GI] p = 1.25 failed (19 it.)
[GI] p = 0.875 failed (30 it.)
[GI] p = 0.6875 converged (12 it.)
[GI] p = 0.875 failed (25 it.)
[GI] p = 0.78125 failed (42 it.)
[GI] p = 0.734375 converged (44 it.)
[GI] p = 0.78125 failed (20 it.)
[GI] p = 0.757812 failed (31 it.)
[GI] p = 0.746094 failed (57 it.)
[GI] p = 0.740234 converged (31 it.)
[GI] p = 0.746094 failed (39 it.)
[GI] p = 0.743164 converged (69 it.)
[GI] p = 0.746094 failed (16 it.)
[GI] last converged p = 0.743164
[FS] cycle 0: 682 equations, lambda GI 0.743164 (16.6058 s); GI plastic zone x in [-4.66591, 0], y in [-5, 0] (1 %: x in [-4.66591, 1.63779], y in [-6.39849, 0])
[GI] p = 0.5 converged (7 it.)
[GI] p = 1.25 failed (13 it.)
[GI] p = 0.875 failed (19 it.)
[GI] p = 0.6875 failed (38 it.)
[GI] p = 0.59375 converged (8 it.)
[GI] p = 0.734375 failed (25 it.)
[GI] p = 0.664062 failed (53 it.)
[GI] p = 0.628906 converged (20 it.)
[GI] p = 0.664062 failed (39 it.)
[GI] p = 0.646484 converged (76 it.)
[GI] p = 0.664062 failed (16 it.)
[GI] p = 0.655273 failed (24 it.)
[GI] p = 0.650879 failed (40 it.)
[GI] p = 0.648682 converged (86 it.)
[GI] p = 0.650879 failed (16 it.)
[GI] last converged p = 0.648682
[FS] cycle 1: 946 equations, lambda GI 0.648682 (29.5288 s); GI plastic zone x in [-3.71257, 0], y in [-5, 0] (1 %: x in [-3.71257, 0], y in [-5, 0])
[GI] p = 0.5 converged (9 it.)
[GI] p = 1 failed (13 it.)
[GI] p = 0.75 failed (17 it.)
[GI] p = 0.625 failed (35 it.)
[GI] p = 0.5625 converged (8 it.)
[GI] p = 0.65625 failed (24 it.)
[GI] p = 0.609375 failed (51 it.)
[GI] p = 0.585938 converged (17 it.)
[GI] p = 0.609375 failed (43 it.)
[GI] p = 0.597656 converged (77 it.)
[GI] p = 0.609375 failed (19 it.)
[GI] p = 0.603516 failed (28 it.)
[GI] p = 0.600586 failed (62 it.)
[GI] p = 0.599121 converged (52 it.)
[GI] p = 0.600586 failed (41 it.)
[GI] last converged p = 0.599121
[FS] cycle 2: 1568 equations, lambda GI 0.599121 (55.4011 s); GI plastic zone x in [-3.71257, 0], y in [-5, 0] (1 %: x in [-3.71257, 0], y in [-5, 0])
[GI] p = 0.5 converged (9 it.)
[GI] p = 1 failed (12 it.)
[GI] p = 0.75 failed (13 it.)
[GI] p = 0.625 failed (22 it.)
[GI] p = 0.5625 converged (11 it.)
[GI] p = 0.625 failed (17 it.)
[GI] p = 0.59375 failed (28 it.)
[GI] p = 0.578125 failed (84 it.)
[GI] p = 0.570312 converged (35 it.)
[GI] p = 0.578125 failed (61 it.)
[GI] p = 0.574219 converged (59 it.)
[GI] p = 0.578125 failed (37 it.)
[GI] p = 0.576172 converged (76 it.)
[GI] p = 0.578125 failed (17 it.)
[GI] last converged p = 0.576172
[FS] cycle 3: 3168 equations, lambda GI 0.576172 (139.308 s); GI plastic zone x in [-3.2359, 0], y in [-5, 0] (1 %: x in [-3.47423, 0], y in [-5, 0])
  [fem fig9 8] alpha=1 beta=90 FE: Gamma_FEM = 0.553223 (h -> 0; last cycle 0.576172, 3168 equations), Gamma_LA = 0.551266 (242.1 s)
  [fem fig9] alpha=5 beta=30 vopt: limit analysis, then 4 FEM cycles
[GI] p = 0.5 converged (1 it.)
[GI] p = 1.25 converged (1 it.)
[GI] p = 2.375 converged (5 it.)
[GI] p = 4.0625 converged (6 it.)
[GI] p = 6.59375 converged (7 it.)
[GI] p = 10.3906 converged (14 it.)
[GI] p = 14.1875 converged (99 it.)
[GI] p = 17.9844 failed (42 it.)
[GI] p = 16.0859 failed (49 it.)
[GI] p = 15.1367 failed (98 it.)
[GI] p = 14.6621 converged (56 it.)
[GI] p = 15.1367 failed (74 it.)
[GI] p = 14.8994 converged (62 it.)
[GI] p = 15.1367 failed (49 it.)
[GI] p = 15.0181 converged (87 it.)
[GI] p = 15.1367 failed (26 it.)
[GI] p = 15.0774 failed (29 it.)
[GI] last converged p = 15.0181
[FS] cycle 0: 1240 equations, lambda GI 15.0181 (32.8877 s); GI plastic zone x in [-1.25652, 9.88891], y in [-6.23434, 0] (1 %: x in [-1.25652, 13.3262], y in [-7.26358, 0])
[GI] p = 0.5 converged (1 it.)
[GI] p = 1.25 converged (1 it.)
[GI] p = 2.375 converged (6 it.)
[GI] p = 4.0625 converged (7 it.)
[GI] p = 6.59375 converged (9 it.)
[GI] p = 9.125 converged (31 it.)
[GI] p = 11.6562 failed (44 it.)
[GI] p = 10.3906 failed (81 it.)
[GI] p = 9.75781 converged (51 it.)
[GI] p = 10.3906 failed (58 it.)
[GI] p = 10.0742 converged (67 it.)
[GI] p = 10.3906 failed (32 it.)
[GI] p = 10.2324 failed (47 it.)
[GI] p = 10.1533 failed (101 it.)
[GI] p = 10.1138 converged (55 it.)
[GI] p = 10.1533 failed (101 it.)
[GI] last converged p = 10.1138
[FS] cycle 1: 1744 equations, lambda GI 10.1138 (57.4237 s); GI plastic zone x in [-0.628262, 9.88891], y in [-6.04754, 0] (1 %: x in [-0.628262, 9.88891], y in [-6.7915, 0])
[GI] p = 0.5 converged (1 it.)
[GI] p = 1.25 converged (3 it.)
[GI] p = 2.375 converged (7 it.)
[GI] p = 4.0625 converged (8 it.)
[GI] p = 6.59375 converged (12 it.)
[GI] p = 9.125 failed (47 it.)
[GI] p = 7.85938 converged (46 it.)
[GI] p = 9.125 failed (28 it.)
[GI] p = 8.49219 failed (39 it.)
[GI] p = 8.17578 failed (86 it.)
[GI] p = 8.01758 converged (56 it.)
[GI] p = 8.17578 failed (62 it.)
[GI] p = 8.09668 converged (69 it.)
[GI] p = 8.17578 failed (35 it.)
[GI] p = 8.13623 failed (101 it.)
[GI] p = 8.11646 converged (58 it.)
[GI] p = 8.13623 failed (101 it.)
[GI] last converged p = 8.11646
[FS] cycle 2: 3652 equations, lambda GI 8.11646 (180.578 s); GI plastic zone x in [-0.314131, 9.58175], y in [-5.65496, 0] (1 %: x in [-0.314131, 9.88891], y in [-5.85319, 0])
[GI] p = 0.5 converged (1 it.)
[GI] p = 1.25 converged (3 it.)
[GI] p = 2.375 converged (7 it.)
[GI] p = 4.0625 converged (9 it.)
[GI] p = 5.75 converged (10 it.)
[GI] p = 7.4375 failed (78 it.)
[GI] p = 6.59375 converged (14 it.)
[GI] p = 7.4375 failed (82 it.)
[GI] p = 7.01562 converged (15 it.)
[GI] p = 7.4375 failed (79 it.)
[GI] p = 7.22656 converged (40 it.)
