2026-10-09 04:58:59  fig5: 4 alphas x 11 betas; hw=1;box_H=50/10/30;hbc=zero/zero/noflow;horder=2;href=1;hmesh=gen/0.025/0.0625/0.15/2;lm=10; out results/cpp/fig5.csv (0 rows already there)
2026-10-09 04:59:03    [fig5] alpha=1 beta=15: -J*/(kh H^2 gw^2) = 0.3381548146 (m = 0.914482324); J_FE/(kh H^2 gw^2) = 0.5863252696 (45557 equations, 3.74 s)
2026-10-09 04:59:06    [fig5] alpha=1 beta=22.5: -J*/(kh H^2 gw^2) = 0.3914676762 (m = 0.8904793011); J_FE/(kh H^2 gw^2) = 0.6424302247 (40665 equations, 2.98 s)
2026-10-09 04:59:09    [fig5] alpha=1 beta=30: -J*/(kh H^2 gw^2) = 0.4324692005 (m = 0.8591904419); J_FE/(kh H^2 gw^2) = 0.6858461372 (38247 equations, 2.72 s)
2026-10-09 04:59:11    [fig5] alpha=1 beta=37.5: -J*/(kh H^2 gw^2) = 0.4655040146 (m = 0.8180641274); J_FE/(kh H^2 gw^2) = 0.7218395165 (36963 equations, 2.45 s)
2026-10-09 04:59:14    [fig5] alpha=1 beta=45: -J*/(kh H^2 gw^2) = 0.4927776857 (m = 0.7634347218); J_FE/(kh H^2 gw^2) = 0.7531749864 (36201 equations, 2.45 s)
2026-10-09 04:59:16    [fig5] alpha=1 beta=52.5: -J*/(kh H^2 gw^2) = 0.5155544894 (m = 0.6898702372); J_FE/(kh H^2 gw^2) = 0.7815047899 (35613 equations, 2.3 s)
2026-10-09 04:59:18    [fig5] alpha=1 beta=60: -J*/(kh H^2 gw^2) = 0.5346500479 (m = 0.5889717531); J_FE/(kh H^2 gw^2) = 0.8079165576 (34873 equations, 2.19 s)
2026-10-09 04:59:21    [fig5] alpha=1 beta=67.5: -J*/(kh H^2 gw^2) = 0.5507274667 (m = 0.4469105623); J_FE/(kh H^2 gw^2) = 0.8332120245 (34735 equations, 2.36 s)
2026-10-09 04:59:23    [fig5] alpha=1 beta=75: -J*/(kh H^2 gw^2) = 0.5646799842 (m = 0.2383976515); J_FE/(kh H^2 gw^2) = 0.8580565983 (34759 equations, 2.19 s)
2026-10-09 04:59:25    [fig5] alpha=1 beta=82.5: -J*/(kh H^2 gw^2) = 0.5786708385 (m = 0, degenerate); J_FE/(kh H^2 gw^2) = 0.8830412787 (34195 equations, 2.15 s)
2026-10-09 04:59:28    [fig5] alpha=1 beta=90: -J*/(kh H^2 gw^2) = 0.5913769302 (m = 0, degenerate); J_FE/(kh H^2 gw^2) = 0.9087461924 (34581 equations, 2.2 s)
2026-10-09 04:59:32    [fig5] alpha=2 beta=15: -J*/(kh H^2 gw^2) = 0.2297246028 (m = 0.9149351837); J_FE/(kh H^2 gw^2) = 0.4023851926 (45557 equations, 4.06 s)
2026-10-09 04:59:35    [fig5] alpha=2 beta=22.5: -J*/(kh H^2 gw^2) = 0.2665149731 (m = 0.8665877594); J_FE/(kh H^2 gw^2) = 0.4419207903 (40665 equations, 3.09 s)
2026-10-09 04:59:38    [fig5] alpha=2 beta=30: -J*/(kh H^2 gw^2) = 0.2955261587 (m = 0.8129077756); J_FE/(kh H^2 gw^2) = 0.4710511504 (38247 equations, 2.67 s)
2026-10-09 04:59:40    [fig5] alpha=2 beta=37.5: -J*/(kh H^2 gw^2) = 0.3195544245 (m = 0.7548779372); J_FE/(kh H^2 gw^2) = 0.4940856122 (36963 equations, 2.48 s)
2026-10-09 04:59:43    [fig5] alpha=2 beta=45: -J*/(kh H^2 gw^2) = 0.3398699104 (m = 0.6902865661); J_FE/(kh H^2 gw^2) = 0.5132373459 (36201 equations, 2.39 s)
2026-10-09 04:59:45    [fig5] alpha=2 beta=52.5: -J*/(kh H^2 gw^2) = 0.3570623966 (m = 0.6136231186); J_FE/(kh H^2 gw^2) = 0.5298169005 (35613 equations, 2.42 s)
2026-10-09 04:59:48    [fig5] alpha=2 beta=60: -J*/(kh H^2 gw^2) = 0.3714195943 (m = 0.5161965378); J_FE/(kh H^2 gw^2) = 0.5446692646 (34873 equations, 2.17 s)
2026-10-09 04:59:50    [fig5] alpha=2 beta=67.5: -J*/(kh H^2 gw^2) = 0.3831522122 (m = 0.3858589495); J_FE/(kh H^2 gw^2) = 0.5583997101 (34735 equations, 2.19 s)
2026-10-09 04:59:52    [fig5] alpha=2 beta=75: -J*/(kh H^2 gw^2) = 0.3926028827 (m = 0.2050434452); J_FE/(kh H^2 gw^2) = 0.5714856011 (34759 equations, 2.26 s)
2026-10-09 04:59:55    [fig5] alpha=2 beta=82.5: -J*/(kh H^2 gw^2) = 0.400621891 (m = 0, degenerate); J_FE/(kh H^2 gw^2) = 0.5843177022 (34195 equations, 2.19 s)
2026-10-09 04:59:57    [fig5] alpha=2 beta=90: -J*/(kh H^2 gw^2) = 0.4065601831 (m = 0, degenerate); J_FE/(kh H^2 gw^2) = 0.5972489258 (34581 equations, 2.26 s)
2026-10-09 05:00:01    [fig5] alpha=4 beta=15: -J*/(kh H^2 gw^2) = 0.1421662631 (m = 0.9576273419); J_FE/(kh H^2 gw^2) = 0.280600184 (45557 equations, 3.67 s)
2026-10-09 05:00:04    [fig5] alpha=4 beta=22.5: -J*/(kh H^2 gw^2) = 0.164029834 (m = 0.8604586641); J_FE/(kh H^2 gw^2) = 0.3072534861 (40665 equations, 2.94 s)
2026-10-09 05:00:07    [fig5] alpha=4 beta=30: -J*/(kh H^2 gw^2) = 0.1821067583 (m = 0.7766539518); J_FE/(kh H^2 gw^2) = 0.325779656 (38247 equations, 2.76 s)
2026-10-09 05:00:09    [fig5] alpha=4 beta=37.5: -J*/(kh H^2 gw^2) = 0.1978018256 (m = 0.7135785466); J_FE/(kh H^2 gw^2) = 0.339686148 (36963 equations, 2.59 s)
2026-10-09 05:00:12    [fig5] alpha=4 beta=45: -J*/(kh H^2 gw^2) = 0.2115041756 (m = 0.6666245509); J_FE/(kh H^2 gw^2) = 0.3507496481 (36201 equations, 2.31 s)
2026-10-09 05:00:14    [fig5] alpha=4 beta=52.5: -J*/(kh H^2 gw^2) = 0.2232101047 (m = 0.6246461853); J_FE/(kh H^2 gw^2) = 0.3599844706 (35613 equations, 2.26 s)
2026-10-09 05:00:16    [fig5] alpha=4 beta=60: -J*/(kh H^2 gw^2) = 0.2327903935 (m = 0.5723564113); J_FE/(kh H^2 gw^2) = 0.368010551 (34873 equations, 2.27 s)
2026-10-09 05:00:19    [fig5] alpha=4 beta=67.5: -J*/(kh H^2 gw^2) = 0.2401454297 (m = 0.4923659051); J_FE/(kh H^2 gw^2) = 0.3752504101 (34735 equations, 2.26 s)
2026-10-09 05:00:21    [fig5] alpha=4 beta=75: -J*/(kh H^2 gw^2) = 0.2453161289 (m = 0.3686636153); J_FE/(kh H^2 gw^2) = 0.3820162269 (34759 equations, 2.23 s)
2026-10-09 05:00:23    [fig5] alpha=4 beta=82.5: -J*/(kh H^2 gw^2) = 0.2485635195 (m = 0.1890594038); J_FE/(kh H^2 gw^2) = 0.388543922 (34195 equations, 2.12 s)
2026-10-09 05:00:25    [fig5] alpha=4 beta=90: -J*/(kh H^2 gw^2) = 0.2504559712 (m = 0, degenerate); J_FE/(kh H^2 gw^2) = 0.3950265045 (34581 equations, 2.2 s)
2026-10-09 05:00:29    [fig5] alpha=10 beta=15: -J*/(kh H^2 gw^2) = 0.06779371743 (m = 1.063425801); J_FE/(kh H^2 gw^2) = 0.1763689888 (45557 equations, 3.93 s)
2026-10-09 05:00:33    [fig5] alpha=10 beta=22.5: -J*/(kh H^2 gw^2) = 0.07675544761 (m = 0.8740063547); J_FE/(kh H^2 gw^2) = 0.1909891071 (40665 equations, 3.05 s)
2026-10-09 05:00:35    [fig5] alpha=10 beta=30: -J*/(kh H^2 gw^2) = 0.08507481994 (m = 0.7516739405); J_FE/(kh H^2 gw^2) = 0.2003234812 (38247 equations, 2.73 s)
2026-10-09 05:00:38    [fig5] alpha=10 beta=37.5: -J*/(kh H^2 gw^2) = 0.0928322396 (m = 0.6951154549); J_FE/(kh H^2 gw^2) = 0.2068976527 (36963 equations, 2.56 s)
2026-10-09 05:00:41    [fig5] alpha=10 beta=45: -J*/(kh H^2 gw^2) = 0.09985501633 (m = 0.6848814158); J_FE/(kh H^2 gw^2) = 0.2118972452 (36201 equations, 2.66 s)
2026-10-09 05:00:43    [fig5] alpha=10 beta=52.5: -J*/(kh H^2 gw^2) = 0.1059189683 (m = 0.7003287571); J_FE/(kh H^2 gw^2) = 0.2159330361 (35613 equations, 2.34 s)
2026-10-09 05:00:46    [fig5] alpha=10 beta=60: -J*/(kh H^2 gw^2) = 0.1107920525 (m = 0.7164789981); J_FE/(kh H^2 gw^2) = 0.219349246 (34873 equations, 2.22 s)
2026-10-09 05:00:48    [fig5] alpha=10 beta=67.5: -J*/(kh H^2 gw^2) = 0.1142969328 (m = 0.7020973217); J_FE/(kh H^2 gw^2) = 0.2223701436 (34735 equations, 2.18 s)
2026-10-09 05:00:50    [fig5] alpha=10 beta=75: -J*/(kh H^2 gw^2) = 0.1163958595 (m = 0.6303609833); J_FE/(kh H^2 gw^2) = 0.2251504586 (34759 equations, 2.2 s)
2026-10-09 05:00:52    [fig5] alpha=10 beta=82.5: -J*/(kh H^2 gw^2) = 0.1172284076 (m = 0.4974135666); J_FE/(kh H^2 gw^2) = 0.2277997237 (34195 equations, 2.15 s)
2026-10-09 05:00:55    [fig5] alpha=10 beta=90: -J*/(kh H^2 gw^2) = 0.1170494047 (m = 0.321709034); J_FE/(kh H^2 gw^2) = 0.2303894912 (34581 equations, 2.17 s)
2026-10-09 05:00:55  fig5: 44 cases run, 0 already in results/cpp/fig5.csv, 115.6 s
2026-10-09 05:28:07  fig5: 4 alphas x 11 betas; hw=1;box_H=50/10/30;hbc=zero/zero/noflow;horder=2;href=1;hmesh=gen/0.025/0.0625/0.15/2;lm=10; out results/cpp/fig5.csv (88 rows already there)
2026-10-09 05:28:07  fig5: 0 cases run, 44 already in results/cpp/fig5.csv, 0.0005624 s
