fig8: 4 panels x 12 h_w / H x 2 curves, soil table1, gamma_w 9.8, alpha 1, H_ref 1 m; box_m=50/10/30;hbc=zero/zero/noflow;horder=2;href=1;hmesh=gen/0.025/0.0625/0.15/2;lm=10;mech=I+II;seeds=0+1+2;np=40;niter=150;pools=25;q=coarse/fine;polish=1;dmax=10;soil=table1; out /home/user/neopz-master/Projects/SlopeSeepageForces/results/cpp/fig8_table1.csv (0 rows already there)
  [fig8 1] London beta=30 hw/H=0 none: Gamma = inf (no mechanism with P_gamma + P_u > 0) (0.0635 s)
  [fig8 2] London beta=30 hw/H=0.05 vopt: Gamma = 212.5975, H_crit = 212.5975 m, mechanism I eta = 0.06011, seed spread 1.8e-15 (9.23 s)
inserting uniform refpattern: triangle
inserting uniform refpattern: line
void TPZAnalysis::SetCompMeshInit(TPZCompMesh*, bool) optimizing bandwidth
void TPZAnalysis::SetCompMeshInit(TPZCompMesh*, bool) optimizing bandwidth finished
Entering Assemble Equations
*******************
[Time for assembly:307.870271ms]
Entering Solve
[Time for solving:2015.634456ms]
  [fig8 3] London beta=30 hw/H=0.05 FE: Gamma = 124.7115, H_crit = 124.7115 m, mechanism I eta = 0.08162, seed spread 4e-15 (8.77 s)
  [fig8 4] London beta=30 hw/H=0.1 vopt: Gamma = 106.2987, H_crit = 106.2987 m, mechanism I eta = 0.1202, seed spread 1.6e-15 (7.98 s)
void TPZAnalysis::SetCompMeshInit(TPZCompMesh*, bool) optimizing bandwidth
void TPZAnalysis::SetCompMeshInit(TPZCompMesh*, bool) optimizing bandwidth finished
Entering Assemble Equations
*******************
[Time for assembly:231.311028ms]
Entering Solve
[Time for solving:1947.476649ms]
  [fig8 5] London beta=30 hw/H=0.1 FE: Gamma = 62.18175, H_crit = 62.18175 m, mechanism I eta = 0.1633, seed spread 6e-15 (8.85 s)
  [fig8 6] London beta=30 hw/H=0.2 vopt: Gamma = 53.14937, H_crit = 53.14937 m, mechanism I eta = 0.2404, seed spread 1.8e-15 (1.36 s)
void TPZAnalysis::SetCompMeshInit(TPZCompMesh*, bool) optimizing bandwidth
void TPZAnalysis::SetCompMeshInit(TPZCompMesh*, bool) optimizing bandwidth finished
Entering Assemble Equations
********************

[Time for assembly:238.816891ms]
Entering Solve
[Time for solving:1567.618203ms]
  [fig8 7] London beta=30 hw/H=0.2 FE: Gamma = 30.88912, H_crit = 30.88912 m, mechanism I eta = 0.3279, seed spread 3.8e-15 (16.9 s)
  [fig8 8] London beta=30 hw/H=0.3 vopt: Gamma = 35.43291, H_crit = 35.43291 m, mechanism I eta = 0.3607, seed spread 4.4e-15 (19.1 s)
void TPZAnalysis::SetCompMeshInit(TPZCompMesh*, bool) optimizing bandwidth
void TPZAnalysis::SetCompMeshInit(TPZCompMesh*, bool) optimizing bandwidth finished
Entering Assemble Equations
*******************
[Time for assembly:393.530674ms]
Entering Solve
[Time for solving:1878.588853ms]
  [fig8 9] London beta=30 hw/H=0.3 FE: Gamma = 20.43061, H_crit = 20.43061 m, mechanism I eta = 0.4947, seed spread 1.1e-15 (14.1 s)
  [fig8 10] London beta=30 hw/H=0.4 vopt: Gamma = 26.57468, H_crit = 26.57468 m, mechanism I eta = 0.4809, seed spread 3.8e-15 (14.4 s)
void TPZAnalysis::SetCompMeshInit(TPZCompMesh*, bool) optimizing bandwidth
void TPZAnalysis::SetCompMeshInit(TPZCompMesh*, bool) optimizing bandwidth finished
Entering Assemble Equations
********************

[Time for assembly:353.399712ms]
Entering Solve
[Time for solving:1949.718443ms]
  [fig8 11] London beta=30 hw/H=0.4 FE: Gamma = 15.17689, H_crit = 15.17689 m, mechanism I eta = 0.6652, seed spread 6.7e-16 (6.11 s)
  [fig8 12] London beta=30 hw/H=0.5 vopt: Gamma = 21.25975, H_crit = 21.25975 m, mechanism I eta = 0.6011, seed spread 2.4e-15 (1.26 s)
void TPZAnalysis::SetCompMeshInit(TPZCompMesh*, bool) optimizing bandwidth
void TPZAnalysis::SetCompMeshInit(TPZCompMesh*, bool) optimizing bandwidth finished
Entering Assemble Equations
********************

[Time for assembly:297.170698ms]
Entering Solve
[Time for solving:1755.750187ms]
  [fig8 13] London beta=30 hw/H=0.5 FE: Gamma = 11.99497, H_crit = 11.99497 m, mechanism I eta = 0.8444, seed spread 4.2e-15 (5.96 s)
  [fig8 14] London beta=30 hw/H=0.6 vopt: Gamma = 17.71646, H_crit = 17.71646 m, mechanism I eta = 0.7213, seed spread 8.9e-16 (1.4 s)
void TPZAnalysis::SetCompMeshInit(TPZCompMesh*, bool) optimizing bandwidth
void TPZAnalysis::SetCompMeshInit(TPZCompMesh*, bool) optimizing bandwidth finished
Entering Assemble Equations
********************

[Time for assembly:339.578471ms]
Entering Solve
[Time for solving:2281.498210ms]
  [fig8 15] London beta=30 hw/H=0.6 FE: Gamma = 9.828293, H_crit = 9.828293 m, mechanism I eta = 1, seed spread 6.2e-15, s=lower (5.79 s)
  [fig8 16] London beta=30 hw/H=0.7 vopt: Gamma = 15.18553, H_crit = 15.18553 m, mechanism I eta = 0.8416, seed spread 2.4e-15 (1.19 s)
void TPZAnalysis::SetCompMeshInit(TPZCompMesh*, bool) optimizing bandwidth
void TPZAnalysis::SetCompMeshInit(TPZCompMesh*, bool) optimizing bandwidth finished
Entering Assemble Equations
********************

[Time for assembly:256.580838ms]
Entering Solve
[Time for solving:1912.191604ms]
  [fig8 17] London beta=30 hw/H=0.7 FE: Gamma = 8.526511, H_crit = 8.526511 m, mechanism I eta = 1, seed spread 6.7e-16, s=upper (5.87 s)
  [fig8 18] London beta=30 hw/H=0.8 vopt: Gamma = 13.28734, H_crit = 13.28734 m, mechanism I eta = 0.9618, seed spread 2e-15 (1.33 s)
void TPZAnalysis::SetCompMeshInit(TPZCompMesh*, bool) optimizing bandwidth
void TPZAnalysis::SetCompMeshInit(TPZCompMesh*, bool) optimizing bandwidth finished
Entering Assemble Equations
********************

[Time for assembly:480.716452ms]
Entering Solve
[Time for solving:2036.529998ms]
  [fig8 19] London beta=30 hw/H=0.8 FE: Gamma = 7.888332, H_crit = 7.888332 m, mechanism I eta = 1, seed spread 3.3e-15, s=upper (5.87 s)
  [fig8 20] London beta=30 hw/H=0.9 vopt: Gamma = 11.94737, H_crit = 11.94737 m, mechanism I eta = 1, seed spread 2.4e-15, s=lower (0.951 s)
void TPZAnalysis::SetCompMeshInit(TPZCompMesh*, bool) optimizing bandwidth
void TPZAnalysis::SetCompMeshInit(TPZCompMesh*, bool) optimizing bandwidth finished
Entering Assemble Equations
*******************
[Time for assembly:266.726890ms]
Entering Solve
[Time for solving:1890.404870ms]
  [fig8 21] London beta=30 hw/H=0.9 FE: Gamma = 7.770094, H_crit = 7.770094 m, mechanism I eta = 1, seed spread 5.8e-15, s=lower (5.76 s)
  [fig8 22] London beta=30 hw/H=1 vopt: Gamma = 11.4631, H_crit = 11.4631 m, mechanism I eta = 1, seed spread 1.3e-15, s=lower (0.965 s)
void TPZAnalysis::SetCompMeshInit(TPZCompMesh*, bool) optimizing bandwidth
void TPZAnalysis::SetCompMeshInit(TPZCompMesh*, bool) optimizing bandwidth finished
Entering Assemble Equations
*******************
[Time for assembly:286.988744ms]
Entering Solve
[Time for solving:1681.235758ms]
  [fig8 23] London beta=30 hw/H=1 FE: Gamma = 8.141324, H_crit = 8.141324 m, mechanism I eta = 1, seed spread 5.3e-15, s=lower (5.63 s)
  [fig8 24] London beta=60 hw/H=0 none: Gamma = 12.98603, H_crit = 12.98603 m, mechanism I eta = 1, seed spread 6.7e-16, s=upper (0.0781 s)
  [fig8 25] London beta=60 hw/H=0.05 vopt: Gamma = 10.36026, H_crit = 10.36026 m, mechanism I eta = 1, seed spread 6.7e-16, s=upper (0.947 s)
void TPZAnalysis::SetCompMeshInit(TPZCompMesh*, bool) optimizing bandwidth
void TPZAnalysis::SetCompMeshInit(TPZCompMesh*, bool) optimizing bandwidth finished
Entering Assemble Equations
*****************
[Time for assembly:277.517759ms]
Entering Solve
[Time for solving:1503.971906ms]
  [fig8 26] London beta=60 hw/H=0.05 FE: Gamma = 10.20113, H_crit = 10.20113 m, mechanism I eta = 1, seed spread 8.9e-16, s=upper (5.3 s)
  [fig8 27] London beta=60 hw/H=0.1 vopt: Gamma = 8.721742, H_crit = 8.721742 m, mechanism I eta = 1, seed spread 1.1e-15, s=upper (1.07 s)
void TPZAnalysis::SetCompMeshInit(TPZCompMesh*, bool) optimizing bandwidth
void TPZAnalysis::SetCompMeshInit(TPZCompMesh*, bool) optimizing bandwidth finished
Entering Assemble Equations
*****************
[Time for assembly:276.084607ms]
Entering Solve
[Time for solving:1423.028988ms]
  [fig8 28] London beta=60 hw/H=0.1 FE: Gamma = 8.372229, H_crit = 8.372229 m, mechanism I eta = 1, seed spread 1.1e-15, s=lower (5.41 s)
  [fig8 29] London beta=60 hw/H=0.2 vopt: Gamma = 6.925329, H_crit = 6.925329 m, mechanism I eta = 1, seed spread 2.4e-15, s=lower (1.21 s)
void TPZAnalysis::SetCompMeshInit(TPZCompMesh*, bool) optimizing bandwidth
void TPZAnalysis::SetCompMeshInit(TPZCompMesh*, bool) optimizing bandwidth finished
Entering Assemble Equations
*****************
[Time for assembly:297.542218ms]
Entering Solve
[Time for solving:1343.498837ms]
  [fig8 30] London beta=60 hw/H=0.2 FE: Gamma = 6.21381, H_crit = 6.21381 m, mechanism I eta = 1, seed spread 6.7e-16, s=lower (4.85 s)
  [fig8 31] London beta=60 hw/H=0.3 vopt: Gamma = 6.097011, H_crit = 6.097011 m, mechanism I eta = 1, seed spread 8.9e-16, s=upper (0.976 s)
void TPZAnalysis::SetCompMeshInit(TPZCompMesh*, bool) optimizing bandwidth
void TPZAnalysis::SetCompMeshInit(TPZCompMesh*, bool) optimizing bandwidth finished
Entering Assemble Equations
******************
[Time for assembly:293.221527ms]
Entering Solve
[Time for solving:1315.191223ms]
  [fig8 32] London beta=60 hw/H=0.3 FE: Gamma = 5.021557, H_crit = 5.021557 m, mechanism I eta = 1, seed spread 4.4e-16, s=upper (5.46 s)
  [fig8 33] London beta=60 hw/H=0.4 vopt: Gamma = 5.736264, H_crit = 5.736264 m, mechanism I eta = 1, seed spread 8.9e-16, s=upper (1.18 s)
void TPZAnalysis::SetCompMeshInit(TPZCompMesh*, bool) optimizing bandwidth
void TPZAnalysis::SetCompMeshInit(TPZCompMesh*, bool) optimizing bandwidth finished
Entering Assemble Equations
******************
[Time for assembly:235.897675ms]
Entering Solve
[Time for solving:1369.937073ms]
  [fig8 34] London beta=60 hw/H=0.4 FE: Gamma = 4.288158, H_crit = 4.288158 m, mechanism I eta = 1, seed spread 8.9e-16, s=lower (4.71 s)
  [fig8 35] London beta=60 hw/H=0.5 vopt: Gamma = 5.48158, H_crit = 5.48158 m, mechanism I eta = 1, seed spread 8.9e-16, s=lower (1.06 s)
void TPZAnalysis::SetCompMeshInit(TPZCompMesh*, bool) optimizing bandwidth
void TPZAnalysis::SetCompMeshInit(TPZCompMesh*, bool) optimizing bandwidth finished
Entering Assemble Equations
******************
[Time for assembly:356.064730ms]
Entering Solve
[Time for solving:1667.063576ms]
  [fig8 36] London beta=60 hw/H=0.5 FE: Gamma = 3.811123, H_crit = 3.811123 m, mechanism I eta = 1, seed spread 6.7e-16, s=upper (5.31 s)
  [fig8 37] London beta=60 hw/H=0.6 vopt: Gamma = 5.283063, H_crit = 5.283063 m, mechanism I eta = 1, seed spread 6.7e-16, s=upper (1.13 s)
void TPZAnalysis::SetCompMeshInit(TPZCompMesh*, bool) optimizing bandwidth
void TPZAnalysis::SetCompMeshInit(TPZCompMesh*, bool) optimizing bandwidth finished
Entering Assemble Equations
******************
[Time for assembly:434.380040ms]
Entering Solve
[Time for solving:1394.013482ms]
  [fig8 38] London beta=60 hw/H=0.6 FE: Gamma = 3.497957, H_crit = 3.497957 m, mechanism I eta = 1, seed spread 1.1e-15, s=upper (5.35 s)
  [fig8 39] London beta=60 hw/H=0.7 vopt: Gamma = 5.104379, H_crit = 5.104379 m, mechanism I eta = 1, seed spread 1.3e-15, s=upper (1.49 s)
void TPZAnalysis::SetCompMeshInit(TPZCompMesh*, bool) optimizing bandwidth
void TPZAnalysis::SetCompMeshInit(TPZCompMesh*, bool) optimizing bandwidth finished
Entering Assemble Equations
******************
[Time for assembly:290.663216ms]
Entering Solve
[Time for solving:1726.066119ms]
  [fig8 40] London beta=60 hw/H=0.7 FE: Gamma = 3.303374, H_crit = 3.303374 m, mechanism I eta = 1, seed spread 6.7e-16, s=upper (5.99 s)
  [fig8 41] London beta=60 hw/H=0.8 vopt: Gamma = 4.944712, H_crit = 4.944712 m, mechanism I eta = 1, seed spread 8.9e-16, s=lower (1.1 s)
void TPZAnalysis::SetCompMeshInit(TPZCompMesh*, bool) optimizing bandwidth
void TPZAnalysis::SetCompMeshInit(TPZCompMesh*, bool) optimizing bandwidth finished
Entering Assemble Equations
******************
[Time for assembly:306.089408ms]
Entering Solve
[Time for solving:1612.324655ms]
  [fig8 42] London beta=60 hw/H=0.8 FE: Gamma = 3.205907, H_crit = 3.205907 m, mechanism I eta = 1, seed spread 2e-15, s=lower (5.41 s)
  [fig8 43] London beta=60 hw/H=0.9 vopt: Gamma = 4.836452, H_crit = 4.836452 m, mechanism I eta = 1, seed spread 8.9e-16, s=upper (1.2 s)
void TPZAnalysis::SetCompMeshInit(TPZCompMesh*, bool) optimizing bandwidth
void TPZAnalysis::SetCompMeshInit(TPZCompMesh*, bool) optimizing bandwidth finished
Entering Assemble Equations
******************
[Time for assembly:281.838797ms]
Entering Solve
[Time for solving:1401.955506ms]
  [fig8 44] London beta=60 hw/H=0.9 FE: Gamma = 3.197256, H_crit = 3.197256 m, mechanism I eta = 1, seed spread 4.4e-16, s=upper (5.04 s)
  [fig8 45] London beta=60 hw/H=1 vopt: Gamma = 4.827888, H_crit = 4.827888 m, mechanism I eta = 1, seed spread 6.7e-16, s=upper (1.24 s)
void TPZAnalysis::SetCompMeshInit(TPZCompMesh*, bool) optimizing bandwidth
void TPZAnalysis::SetCompMeshInit(TPZCompMesh*, bool) optimizing bandwidth finished
Entering Assemble Equations
*****************
[Time for assembly:225.097375ms]
Entering Solve
[Time for solving:1512.071367ms]
  [fig8 46] London beta=60 hw/H=1 FE: Gamma = 3.270927, H_crit = 3.270927 m, mechanism I eta = 1, seed spread 1.3e-15, s=lower (4.78 s)
  [fig8 47] Israeli beta=35 hw/H=0 none: Gamma = 68.24781, H_crit = 68.24781 m, mechanism I eta = 1, seed spread 3.3e-15, s=lower (0.0285 s)
  [fig8 48] Israeli beta=35 hw/H=0.05 vopt: Gamma = 52.46583, H_crit = 52.46583 m, mechanism I eta = 1, seed spread 2.7e-15, s=upper (7.7 s)
void TPZAnalysis::SetCompMeshInit(TPZCompMesh*, bool) optimizing bandwidth
void TPZAnalysis::SetCompMeshInit(TPZCompMesh*, bool) optimizing bandwidth finished
Entering Assemble Equations
*******************
[Time for assembly:298.541424ms]
Entering Solve
[Time for solving:1725.024925ms]
  [fig8 49] Israeli beta=35 hw/H=0.05 FE: Gamma = 50.08286, H_crit = 50.08286 m, mechanism I eta = 1, seed spread 5.3e-15, s=lower (10.5 s)
  [fig8 50] Israeli beta=35 hw/H=0.1 vopt: Gamma = 43.31452, H_crit = 43.31452 m, mechanism I eta = 1, seed spread 1.6e-15, s=lower (3.81 s)
void TPZAnalysis::SetCompMeshInit(TPZCompMesh*, bool) optimizing bandwidth
void TPZAnalysis::SetCompMeshInit(TPZCompMesh*, bool) optimizing bandwidth finished
Entering Assemble Equations
*******************
[Time for assembly:220.373459ms]
Entering Solve
[Time for solving:1502.870427ms]
  [fig8 51] Israeli beta=35 hw/H=0.1 FE: Gamma = 38.02886, H_crit = 38.02886 m, mechanism I eta = 1, seed spread 1.8e-15, s=lower (5.31 s)
  [fig8 52] Israeli beta=35 hw/H=0.2 vopt: Gamma = 34.03441, H_crit = 34.03441 m, mechanism I eta = 1, seed spread 2.7e-15, s=upper (1.31 s)
void TPZAnalysis::SetCompMeshInit(TPZCompMesh*, bool) optimizing bandwidth
void TPZAnalysis::SetCompMeshInit(TPZCompMesh*, bool) optimizing bandwidth finished
Entering Assemble Equations
*******************
[Time for assembly:231.725597ms]
Entering Solve
[Time for solving:1888.072747ms]
  [fig8 53] Israeli beta=35 hw/H=0.2 FE: Gamma = 24.77611, H_crit = 24.77611 m, mechanism I eta = 1, seed spread 2.4e-15, s=upper (5.9 s)
  [fig8 54] Israeli beta=35 hw/H=0.3 vopt: Gamma = 27.86012, H_crit = 27.86012 m, mechanism I eta = 1, seed spread 6.7e-16, s=lower (1.42 s)
void TPZAnalysis::SetCompMeshInit(TPZCompMesh*, bool) optimizing bandwidth
void TPZAnalysis::SetCompMeshInit(TPZCompMesh*, bool) optimizing bandwidth finished
Entering Assemble Equations
*******************
[Time for assembly:325.534479ms]
Entering Solve
[Time for solving:1704.792960ms]
  [fig8 55] Israeli beta=35 hw/H=0.3 FE: Gamma = 18.15116, H_crit = 18.15116 m, mechanism I eta = 1, seed spread 2.7e-15, s=upper (5.52 s)
  [fig8 56] Israeli beta=35 hw/H=0.4 vopt: Gamma = 23.30992, H_crit = 23.30992 m, mechanism I eta = 1, seed spread 2.7e-15, s=upper (1.27 s)
void TPZAnalysis::SetCompMeshInit(TPZCompMesh*, bool) optimizing bandwidth
void TPZAnalysis::SetCompMeshInit(TPZCompMesh*, bool) optimizing bandwidth finished
Entering Assemble Equations
*******************
[Time for assembly:361.171624ms]
Entering Solve
[Time for solving:1501.902688ms]
  [fig8 57] Israeli beta=35 hw/H=0.4 FE: Gamma = 14.37198, H_crit = 14.37198 m, mechanism I eta = 1, seed spread 4.4e-16, s=upper (5.45 s)
  [fig8 58] Israeli beta=35 hw/H=0.5 vopt: Gamma = 19.8286, H_crit = 19.8286 m, mechanism I eta = 1, seed spread 2.9e-15, s=upper (1.07 s)
void TPZAnalysis::SetCompMeshInit(TPZCompMesh*, bool) optimizing bandwidth
void TPZAnalysis::SetCompMeshInit(TPZCompMesh*, bool) optimizing bandwidth finished
Entering Assemble Equations
*******************
[Time for assembly:309.458339ms]
Entering Solve
[Time for solving:1541.059782ms]
  [fig8 59] Israeli beta=35 hw/H=0.5 FE: Gamma = 12.03804, H_crit = 12.03804 m, mechanism I eta = 1, seed spread 6.7e-16, s=upper (5.32 s)
  [fig8 60] Israeli beta=35 hw/H=0.6 vopt: Gamma = 17.15178, H_crit = 17.15178 m, mechanism I eta = 1, seed spread 3.3e-15, s=lower (1.07 s)
void TPZAnalysis::SetCompMeshInit(TPZCompMesh*, bool) optimizing bandwidth
void TPZAnalysis::SetCompMeshInit(TPZCompMesh*, bool) optimizing bandwidth finished
Entering Assemble Equations
*******************
[Time for assembly:228.945903ms]
Entering Solve
[Time for solving:1803.068457ms]
  [fig8 61] Israeli beta=35 hw/H=0.6 FE: Gamma = 10.54592, H_crit = 10.54592 m, mechanism I eta = 1, seed spread 6.7e-16, s=upper (6.2 s)
  [fig8 62] Israeli beta=35 hw/H=0.7 vopt: Gamma = 15.12443, H_crit = 15.12443 m, mechanism I eta = 1, seed spread 6.7e-16, s=upper (1.06 s)
void TPZAnalysis::SetCompMeshInit(TPZCompMesh*, bool) optimizing bandwidth
void TPZAnalysis::SetCompMeshInit(TPZCompMesh*, bool) optimizing bandwidth finished
Entering Assemble Equations
*******************
[Time for assembly:241.682150ms]
Entering Solve
[Time for solving:1842.914739ms]
  [fig8 63] Israeli beta=35 hw/H=0.7 FE: Gamma = 9.608594, H_crit = 9.608594 m, mechanism I eta = 1, seed spread 4.4e-16, s=lower (5.89 s)
  [fig8 64] Israeli beta=35 hw/H=0.8 vopt: Gamma = 13.65545, H_crit = 13.65545 m, mechanism I eta = 1, seed spread 1.6e-15, s=upper (1.07 s)
void TPZAnalysis::SetCompMeshInit(TPZCompMesh*, bool) optimizing bandwidth
void TPZAnalysis::SetCompMeshInit(TPZCompMesh*, bool) optimizing bandwidth finished
Entering Assemble Equations
*******************
[Time for assembly:307.868949ms]
Entering Solve
[Time for solving:1775.336961ms]
  [fig8 65] Israeli beta=35 hw/H=0.8 FE: Gamma = 9.087111, H_crit = 9.087111 m, mechanism I eta = 1, seed spread 8.9e-16, s=upper (5.69 s)
  [fig8 66] Israeli beta=35 hw/H=0.9 vopt: Gamma = 12.70976, H_crit = 12.70976 m, mechanism I eta = 1, seed spread 2e-15, s=lower (1.06 s)
void TPZAnalysis::SetCompMeshInit(TPZCompMesh*, bool) optimizing bandwidth
void TPZAnalysis::SetCompMeshInit(TPZCompMesh*, bool) optimizing bandwidth finished
Entering Assemble Equations
*******************
[Time for assembly:287.163423ms]
Entering Solve
[Time for solving:1390.660201ms]
  [fig8 67] Israeli beta=35 hw/H=0.9 FE: Gamma = 8.924143, H_crit = 8.924143 m, mechanism I eta = 1, seed spread 8.9e-16, s=upper (4.93 s)
  [fig8 68] Israeli beta=35 hw/H=1 vopt: Gamma = 12.31699, H_crit = 12.31699 m, mechanism I eta = 1, seed spread 1.3e-15, s=upper (0.851 s)
void TPZAnalysis::SetCompMeshInit(TPZCompMesh*, bool) optimizing bandwidth
void TPZAnalysis::SetCompMeshInit(TPZCompMesh*, bool) optimizing bandwidth finished
Entering Assemble Equations
******************
[Time for assembly:299.299741ms]
Entering Solve
[Time for solving:1573.715909ms]
  [fig8 69] Israeli beta=35 hw/H=1 FE: Gamma = 9.103713, H_crit = 9.103713 m, mechanism I eta = 1, seed spread 1.8e-15, s=lower (5.22 s)
  [fig8 70] Israeli beta=60 hw/H=0 none: Gamma = 17.94946, H_crit = 17.94946 m, mechanism I eta = 1, seed spread 4.4e-16, s=upper (0.00912 s)
  [fig8 71] Israeli beta=60 hw/H=0.05 vopt: Gamma = 15.05548, H_crit = 15.05548 m, mechanism I eta = 1, seed spread 2.2e-16, s=upper (0.757 s)
void TPZAnalysis::SetCompMeshInit(TPZCompMesh*, bool) optimizing bandwidth
void TPZAnalysis::SetCompMeshInit(TPZCompMesh*, bool) optimizing bandwidth finished
Entering Assemble Equations
*****************
[Time for assembly:235.086252ms]
Entering Solve
[Time for solving:1359.009436ms]
  [fig8 72] Israeli beta=60 hw/H=0.05 FE: Gamma = 14.9008, H_crit = 14.9008 m, mechanism I eta = 1, seed spread 6.7e-16, s=upper (4.75 s)
  [fig8 73] Israeli beta=60 hw/H=0.1 vopt: Gamma = 13.0862, H_crit = 13.0862 m, mechanism I eta = 1, seed spread 8.9e-16, s=lower (0.918 s)
void TPZAnalysis::SetCompMeshInit(TPZCompMesh*, bool) optimizing bandwidth
void TPZAnalysis::SetCompMeshInit(TPZCompMesh*, bool) optimizing bandwidth finished
Entering Assemble Equations
*****************
[Time for assembly:229.228089ms]
Entering Solve
[Time for solving:1208.509629ms]
  [fig8 74] Israeli beta=60 hw/H=0.1 FE: Gamma = 12.72267, H_crit = 12.72267 m, mechanism I eta = 1, seed spread 8.9e-16, s=upper (4.68 s)
  [fig8 75] Israeli beta=60 hw/H=0.2 vopt: Gamma = 10.71775, H_crit = 10.71775 m, mechanism I eta = 1, seed spread 1.6e-15, s=upper (0.954 s)
void TPZAnalysis::SetCompMeshInit(TPZCompMesh*, bool) optimizing bandwidth
void TPZAnalysis::SetCompMeshInit(TPZCompMesh*, bool) optimizing bandwidth finished
Entering Assemble Equations
*****************
[Time for assembly:249.909979ms]
Entering Solve
[Time for solving:1276.696797ms]
  [fig8 76] Israeli beta=60 hw/H=0.2 FE: Gamma = 9.920617, H_crit = 9.920617 m, mechanism I eta = 1, seed spread 6.7e-16, s=lower (4.88 s)
  [fig8 77] Israeli beta=60 hw/H=0.3 vopt: Gamma = 9.484357, H_crit = 9.484357 m, mechanism I eta = 1, seed spread 6.7e-16, s=lower (0.846 s)
void TPZAnalysis::SetCompMeshInit(TPZCompMesh*, bool) optimizing bandwidth
void TPZAnalysis::SetCompMeshInit(TPZCompMesh*, bool) optimizing bandwidth finished
Entering Assemble Equations
******************
[Time for assembly:316.950486ms]
Entering Solve
[Time for solving:1609.651302ms]
  [fig8 78] Israeli beta=60 hw/H=0.3 FE: Gamma = 8.245864, H_crit = 8.245864 m, mechanism I eta = 1, seed spread 2.2e-16, s=upper (5.24 s)
  [fig8 79] Israeli beta=60 hw/H=0.4 vopt: Gamma = 8.892467, H_crit = 8.892467 m, mechanism I eta = 1, seed spread 1.3e-15, s=lower (0.864 s)
void TPZAnalysis::SetCompMeshInit(TPZCompMesh*, bool) optimizing bandwidth
void TPZAnalysis::SetCompMeshInit(TPZCompMesh*, bool) optimizing bandwidth finished
Entering Assemble Equations
******************
[Time for assembly:269.906114ms]
Entering Solve
[Time for solving:1520.620934ms]
  [fig8 80] Israeli beta=60 hw/H=0.4 FE: Gamma = 7.163628, H_crit = 7.163628 m, mechanism I eta = 1, seed spread 4.4e-16, s=upper (4.74 s)
  [fig8 81] Israeli beta=60 hw/H=0.5 vopt: Gamma = 8.673534, H_crit = 8.673534 m, mechanism I eta = 1, seed spread 4.4e-16, s=upper (1.15 s)
void TPZAnalysis::SetCompMeshInit(TPZCompMesh*, bool) optimizing bandwidth
void TPZAnalysis::SetCompMeshInit(TPZCompMesh*, bool) optimizing bandwidth finished
Entering Assemble Equations
******************
[Time for assembly:287.304209ms]
Entering Solve
[Time for solving:1467.107963ms]
  [fig8 82] Israeli beta=60 hw/H=0.5 FE: Gamma = 6.43407, H_crit = 6.43407 m, mechanism I eta = 1, seed spread 4.4e-16, s=upper (5.41 s)
  [fig8 83] Israeli beta=60 hw/H=0.6 vopt: Gamma = 8.491065, H_crit = 8.491065 m, mechanism I eta = 1, seed spread 6.7e-16, s=lower (1.17 s)
void TPZAnalysis::SetCompMeshInit(TPZCompMesh*, bool) optimizing bandwidth
void TPZAnalysis::SetCompMeshInit(TPZCompMesh*, bool) optimizing bandwidth finished
Entering Assemble Equations
******************
[Time for assembly:263.547713ms]
Entering Solve
[Time for solving:1459.784593ms]
  [fig8 84] Israeli beta=60 hw/H=0.6 FE: Gamma = 5.938905, H_crit = 5.938905 m, mechanism I eta = 1, seed spread 6.7e-16, s=lower (5.24 s)
  [fig8 85] Israeli beta=60 hw/H=0.7 vopt: Gamma = 8.349307, H_crit = 8.349307 m, mechanism I eta = 1, seed spread 6.7e-16, s=lower (1.51 s)
void TPZAnalysis::SetCompMeshInit(TPZCompMesh*, bool) optimizing bandwidth
void TPZAnalysis::SetCompMeshInit(TPZCompMesh*, bool) optimizing bandwidth finished
Entering Assemble Equations
******************
[Time for assembly:341.035153ms]
Entering Solve
[Time for solving:1549.577064ms]
  [fig8 86] Israeli beta=60 hw/H=0.7 FE: Gamma = 5.616738, H_crit = 5.616738 m, mechanism I eta = 1, seed spread 6.7e-16, s=upper (5.2 s)
  [fig8 87] Israeli beta=60 hw/H=0.8 vopt: Gamma = 8.223442, H_crit = 8.223442 m, mechanism I eta = 1, seed spread 6.7e-16, s=upper (1.37 s)
void TPZAnalysis::SetCompMeshInit(TPZCompMesh*, bool) optimizing bandwidth
void TPZAnalysis::SetCompMeshInit(TPZCompMesh*, bool) optimizing bandwidth finished
Entering Assemble Equations
******************
[Time for assembly:264.969643ms]
Entering Solve
[Time for solving:1425.750061ms]
  [fig8 88] Israeli beta=60 hw/H=0.8 FE: Gamma = 5.436561, H_crit = 5.436561 m, mechanism I eta = 1, seed spread 4.4e-16, s=lower (4.93 s)
  [fig8 89] Israeli beta=60 hw/H=0.9 vopt: Gamma = 8.128373, H_crit = 8.128373 m, mechanism I eta = 1, seed spread 2.2e-16, s=upper (1.41 s)
void TPZAnalysis::SetCompMeshInit(TPZCompMesh*, bool) optimizing bandwidth
void TPZAnalysis::SetCompMeshInit(TPZCompMesh*, bool) optimizing bandwidth finished
Entering Assemble Equations
******************
[Time for assembly:374.141538ms]
Entering Solve
[Time for solving:1803.386751ms]
  [fig8 90] Israeli beta=60 hw/H=0.9 FE: Gamma = 5.385042, H_crit = 5.385042 m, mechanism I eta = 1, seed spread 1.6e-15, s=lower (5.91 s)
  [fig8 91] Israeli beta=60 hw/H=1 vopt: Gamma = 8.127066, H_crit = 8.127066 m, mechanism I eta = 1, seed spread 4.4e-16, s=upper (1.1 s)
void TPZAnalysis::SetCompMeshInit(TPZCompMesh*, bool) optimizing bandwidth
void TPZAnalysis::SetCompMeshInit(TPZCompMesh*, bool) optimizing bandwidth finished
Entering Assemble Equations
*****************
[Time for assembly:305.388671ms]
Entering Solve
[Time for solving:1478.927488ms]
  [fig8 92] Israeli beta=60 hw/H=1 FE: Gamma = 5.454024, H_crit = 5.454024 m, mechanism I eta = 1, seed spread 8.9e-16, s=upper (4.84 s)
fig8: 92 limit analyses run (1 with Gamma = inf), 0 already in /home/user/neopz-master/Projects/SlopeSeepageForces/results/cpp/fig8_table1.csv, 380 s
