2026-10-09 05:12:08  fig8: 4 panels x 12 h_w / H x 2 curves, soil table1, gamma_w 9.8, alpha 1, H_ref 1 m; box_m=50/10/30;hbc=zero/zero/noflow;horder=2;href=1;hmesh=gen/0.025/0.0625/0.15/2;lm=10;mech=I+II;seeds=0+1+2;np=40;niter=150;pools=25;q=coarse/fine;polish=1;dmax=10;soil=table1; out /home/user/neopz-master/Projects/SlopeSeepageForces/results/cpp/fig8_table1.csv (0 rows already there)
2026-10-09 05:12:08    [fig8 1] London beta=30 hw/H=0 none: Gamma = inf (no mechanism with P_gamma + P_u > 0) (0.0635 s)
2026-10-09 05:12:17    [fig8 2] London beta=30 hw/H=0.05 vopt: Gamma = 212.5975, H_crit = 212.5975 m, mechanism I eta = 0.06011, seed spread 1.8e-15 (9.23 s)
2026-10-09 05:12:26    [fig8 3] London beta=30 hw/H=0.05 FE: Gamma = 124.7115, H_crit = 124.7115 m, mechanism I eta = 0.08162, seed spread 4e-15 (8.77 s)
2026-10-09 05:12:34    [fig8 4] London beta=30 hw/H=0.1 vopt: Gamma = 106.2987, H_crit = 106.2987 m, mechanism I eta = 0.1202, seed spread 1.6e-15 (7.98 s)
2026-10-09 05:12:43    [fig8 5] London beta=30 hw/H=0.1 FE: Gamma = 62.18175, H_crit = 62.18175 m, mechanism I eta = 0.1633, seed spread 6e-15 (8.85 s)
2026-10-09 05:12:45    [fig8 6] London beta=30 hw/H=0.2 vopt: Gamma = 53.14937, H_crit = 53.14937 m, mechanism I eta = 0.2404, seed spread 1.8e-15 (1.36 s)
2026-10-09 05:13:02    [fig8 7] London beta=30 hw/H=0.2 FE: Gamma = 30.88912, H_crit = 30.88912 m, mechanism I eta = 0.3279, seed spread 3.8e-15 (16.9 s)
2026-10-09 05:13:21    [fig8 8] London beta=30 hw/H=0.3 vopt: Gamma = 35.43291, H_crit = 35.43291 m, mechanism I eta = 0.3607, seed spread 4.4e-15 (19.1 s)
2026-10-09 05:13:35    [fig8 9] London beta=30 hw/H=0.3 FE: Gamma = 20.43061, H_crit = 20.43061 m, mechanism I eta = 0.4947, seed spread 1.1e-15 (14.1 s)
2026-10-09 05:13:49    [fig8 10] London beta=30 hw/H=0.4 vopt: Gamma = 26.57468, H_crit = 26.57468 m, mechanism I eta = 0.4809, seed spread 3.8e-15 (14.4 s)
2026-10-09 05:13:56    [fig8 11] London beta=30 hw/H=0.4 FE: Gamma = 15.17689, H_crit = 15.17689 m, mechanism I eta = 0.6652, seed spread 6.7e-16 (6.11 s)
2026-10-09 05:13:57    [fig8 12] London beta=30 hw/H=0.5 vopt: Gamma = 21.25975, H_crit = 21.25975 m, mechanism I eta = 0.6011, seed spread 2.4e-15 (1.26 s)
2026-10-09 05:14:03    [fig8 13] London beta=30 hw/H=0.5 FE: Gamma = 11.99497, H_crit = 11.99497 m, mechanism I eta = 0.8444, seed spread 4.2e-15 (5.96 s)
2026-10-09 05:14:04    [fig8 14] London beta=30 hw/H=0.6 vopt: Gamma = 17.71646, H_crit = 17.71646 m, mechanism I eta = 0.7213, seed spread 8.9e-16 (1.4 s)
2026-10-09 05:14:10    [fig8 15] London beta=30 hw/H=0.6 FE: Gamma = 9.828293, H_crit = 9.828293 m, mechanism I eta = 1, seed spread 6.2e-15, s=lower (5.79 s)
2026-10-09 05:14:11    [fig8 16] London beta=30 hw/H=0.7 vopt: Gamma = 15.18553, H_crit = 15.18553 m, mechanism I eta = 0.8416, seed spread 2.4e-15 (1.19 s)
2026-10-09 05:14:17    [fig8 17] London beta=30 hw/H=0.7 FE: Gamma = 8.526511, H_crit = 8.526511 m, mechanism I eta = 1, seed spread 6.7e-16, s=upper (5.87 s)
2026-10-09 05:14:19    [fig8 18] London beta=30 hw/H=0.8 vopt: Gamma = 13.28734, H_crit = 13.28734 m, mechanism I eta = 0.9618, seed spread 2e-15 (1.33 s)
2026-10-09 05:14:25    [fig8 19] London beta=30 hw/H=0.8 FE: Gamma = 7.888332, H_crit = 7.888332 m, mechanism I eta = 1, seed spread 3.3e-15, s=upper (5.87 s)
2026-10-09 05:14:26    [fig8 20] London beta=30 hw/H=0.9 vopt: Gamma = 11.94737, H_crit = 11.94737 m, mechanism I eta = 1, seed spread 2.4e-15, s=lower (0.951 s)
2026-10-09 05:14:32    [fig8 21] London beta=30 hw/H=0.9 FE: Gamma = 7.770094, H_crit = 7.770094 m, mechanism I eta = 1, seed spread 5.8e-15, s=lower (5.76 s)
2026-10-09 05:14:33    [fig8 22] London beta=30 hw/H=1 vopt: Gamma = 11.4631, H_crit = 11.4631 m, mechanism I eta = 1, seed spread 1.3e-15, s=lower (0.965 s)
2026-10-09 05:14:38    [fig8 23] London beta=30 hw/H=1 FE: Gamma = 8.141324, H_crit = 8.141324 m, mechanism I eta = 1, seed spread 5.3e-15, s=lower (5.63 s)
2026-10-09 05:14:38    [fig8 24] London beta=60 hw/H=0 none: Gamma = 12.98603, H_crit = 12.98603 m, mechanism I eta = 1, seed spread 6.7e-16, s=upper (0.0781 s)
2026-10-09 05:14:39    [fig8 25] London beta=60 hw/H=0.05 vopt: Gamma = 10.36026, H_crit = 10.36026 m, mechanism I eta = 1, seed spread 6.7e-16, s=upper (0.947 s)
2026-10-09 05:14:45    [fig8 26] London beta=60 hw/H=0.05 FE: Gamma = 10.20113, H_crit = 10.20113 m, mechanism I eta = 1, seed spread 8.9e-16, s=upper (5.3 s)
2026-10-09 05:14:46    [fig8 27] London beta=60 hw/H=0.1 vopt: Gamma = 8.721742, H_crit = 8.721742 m, mechanism I eta = 1, seed spread 1.1e-15, s=upper (1.07 s)
2026-10-09 05:14:51    [fig8 28] London beta=60 hw/H=0.1 FE: Gamma = 8.372229, H_crit = 8.372229 m, mechanism I eta = 1, seed spread 1.1e-15, s=lower (5.41 s)
2026-10-09 05:14:53    [fig8 29] London beta=60 hw/H=0.2 vopt: Gamma = 6.925329, H_crit = 6.925329 m, mechanism I eta = 1, seed spread 2.4e-15, s=lower (1.21 s)
2026-10-09 05:14:58    [fig8 30] London beta=60 hw/H=0.2 FE: Gamma = 6.21381, H_crit = 6.21381 m, mechanism I eta = 1, seed spread 6.7e-16, s=lower (4.85 s)
2026-10-09 05:14:59    [fig8 31] London beta=60 hw/H=0.3 vopt: Gamma = 6.097011, H_crit = 6.097011 m, mechanism I eta = 1, seed spread 8.9e-16, s=upper (0.976 s)
2026-10-09 05:15:04    [fig8 32] London beta=60 hw/H=0.3 FE: Gamma = 5.021557, H_crit = 5.021557 m, mechanism I eta = 1, seed spread 4.4e-16, s=upper (5.46 s)
2026-10-09 05:15:05    [fig8 33] London beta=60 hw/H=0.4 vopt: Gamma = 5.736264, H_crit = 5.736264 m, mechanism I eta = 1, seed spread 8.9e-16, s=upper (1.18 s)
2026-10-09 05:15:10    [fig8 34] London beta=60 hw/H=0.4 FE: Gamma = 4.288158, H_crit = 4.288158 m, mechanism I eta = 1, seed spread 8.9e-16, s=lower (4.71 s)
2026-10-09 05:15:11    [fig8 35] London beta=60 hw/H=0.5 vopt: Gamma = 5.48158, H_crit = 5.48158 m, mechanism I eta = 1, seed spread 8.9e-16, s=lower (1.06 s)
2026-10-09 05:15:17    [fig8 36] London beta=60 hw/H=0.5 FE: Gamma = 3.811123, H_crit = 3.811123 m, mechanism I eta = 1, seed spread 6.7e-16, s=upper (5.31 s)
2026-10-09 05:15:18    [fig8 37] London beta=60 hw/H=0.6 vopt: Gamma = 5.283063, H_crit = 5.283063 m, mechanism I eta = 1, seed spread 6.7e-16, s=upper (1.13 s)
2026-10-09 05:15:23    [fig8 38] London beta=60 hw/H=0.6 FE: Gamma = 3.497957, H_crit = 3.497957 m, mechanism I eta = 1, seed spread 1.1e-15, s=upper (5.35 s)
2026-10-09 05:15:25    [fig8 39] London beta=60 hw/H=0.7 vopt: Gamma = 5.104379, H_crit = 5.104379 m, mechanism I eta = 1, seed spread 1.3e-15, s=upper (1.49 s)
2026-10-09 05:15:31    [fig8 40] London beta=60 hw/H=0.7 FE: Gamma = 3.303374, H_crit = 3.303374 m, mechanism I eta = 1, seed spread 6.7e-16, s=upper (5.99 s)
2026-10-09 05:15:32    [fig8 41] London beta=60 hw/H=0.8 vopt: Gamma = 4.944712, H_crit = 4.944712 m, mechanism I eta = 1, seed spread 8.9e-16, s=lower (1.1 s)
2026-10-09 05:15:38    [fig8 42] London beta=60 hw/H=0.8 FE: Gamma = 3.205907, H_crit = 3.205907 m, mechanism I eta = 1, seed spread 2e-15, s=lower (5.41 s)
2026-10-09 05:15:39    [fig8 43] London beta=60 hw/H=0.9 vopt: Gamma = 4.836452, H_crit = 4.836452 m, mechanism I eta = 1, seed spread 8.9e-16, s=upper (1.2 s)
2026-10-09 05:15:44    [fig8 44] London beta=60 hw/H=0.9 FE: Gamma = 3.197256, H_crit = 3.197256 m, mechanism I eta = 1, seed spread 4.4e-16, s=upper (5.04 s)
2026-10-09 05:15:45    [fig8 45] London beta=60 hw/H=1 vopt: Gamma = 4.827888, H_crit = 4.827888 m, mechanism I eta = 1, seed spread 6.7e-16, s=upper (1.24 s)
2026-10-09 05:15:50    [fig8 46] London beta=60 hw/H=1 FE: Gamma = 3.270927, H_crit = 3.270927 m, mechanism I eta = 1, seed spread 1.3e-15, s=lower (4.78 s)
2026-10-09 05:15:50    [fig8 47] Israeli beta=35 hw/H=0 none: Gamma = 68.24781, H_crit = 68.24781 m, mechanism I eta = 1, seed spread 3.3e-15, s=lower (0.0285 s)
2026-10-09 05:15:58    [fig8 48] Israeli beta=35 hw/H=0.05 vopt: Gamma = 52.46583, H_crit = 52.46583 m, mechanism I eta = 1, seed spread 2.7e-15, s=upper (7.7 s)
2026-10-09 05:16:08    [fig8 49] Israeli beta=35 hw/H=0.05 FE: Gamma = 50.08286, H_crit = 50.08286 m, mechanism I eta = 1, seed spread 5.3e-15, s=lower (10.5 s)
2026-10-09 05:16:12    [fig8 50] Israeli beta=35 hw/H=0.1 vopt: Gamma = 43.31452, H_crit = 43.31452 m, mechanism I eta = 1, seed spread 1.6e-15, s=lower (3.81 s)
2026-10-09 05:16:18    [fig8 51] Israeli beta=35 hw/H=0.1 FE: Gamma = 38.02886, H_crit = 38.02886 m, mechanism I eta = 1, seed spread 1.8e-15, s=lower (5.31 s)
2026-10-09 05:16:19    [fig8 52] Israeli beta=35 hw/H=0.2 vopt: Gamma = 34.03441, H_crit = 34.03441 m, mechanism I eta = 1, seed spread 2.7e-15, s=upper (1.31 s)
2026-10-09 05:16:25    [fig8 53] Israeli beta=35 hw/H=0.2 FE: Gamma = 24.77611, H_crit = 24.77611 m, mechanism I eta = 1, seed spread 2.4e-15, s=upper (5.9 s)
2026-10-09 05:16:26    [fig8 54] Israeli beta=35 hw/H=0.3 vopt: Gamma = 27.86012, H_crit = 27.86012 m, mechanism I eta = 1, seed spread 6.7e-16, s=lower (1.42 s)
2026-10-09 05:16:32    [fig8 55] Israeli beta=35 hw/H=0.3 FE: Gamma = 18.15116, H_crit = 18.15116 m, mechanism I eta = 1, seed spread 2.7e-15, s=upper (5.52 s)
2026-10-09 05:16:33    [fig8 56] Israeli beta=35 hw/H=0.4 vopt: Gamma = 23.30992, H_crit = 23.30992 m, mechanism I eta = 1, seed spread 2.7e-15, s=upper (1.27 s)
2026-10-09 05:16:39    [fig8 57] Israeli beta=35 hw/H=0.4 FE: Gamma = 14.37198, H_crit = 14.37198 m, mechanism I eta = 1, seed spread 4.4e-16, s=upper (5.45 s)
2026-10-09 05:16:40    [fig8 58] Israeli beta=35 hw/H=0.5 vopt: Gamma = 19.8286, H_crit = 19.8286 m, mechanism I eta = 1, seed spread 2.9e-15, s=upper (1.07 s)
2026-10-09 05:16:45    [fig8 59] Israeli beta=35 hw/H=0.5 FE: Gamma = 12.03804, H_crit = 12.03804 m, mechanism I eta = 1, seed spread 6.7e-16, s=upper (5.32 s)
2026-10-09 05:16:46    [fig8 60] Israeli beta=35 hw/H=0.6 vopt: Gamma = 17.15178, H_crit = 17.15178 m, mechanism I eta = 1, seed spread 3.3e-15, s=lower (1.07 s)
2026-10-09 05:16:53    [fig8 61] Israeli beta=35 hw/H=0.6 FE: Gamma = 10.54592, H_crit = 10.54592 m, mechanism I eta = 1, seed spread 6.7e-16, s=upper (6.2 s)
2026-10-09 05:16:54    [fig8 62] Israeli beta=35 hw/H=0.7 vopt: Gamma = 15.12443, H_crit = 15.12443 m, mechanism I eta = 1, seed spread 6.7e-16, s=upper (1.06 s)
2026-10-09 05:17:00    [fig8 63] Israeli beta=35 hw/H=0.7 FE: Gamma = 9.608594, H_crit = 9.608594 m, mechanism I eta = 1, seed spread 4.4e-16, s=lower (5.89 s)
2026-10-09 05:17:01    [fig8 64] Israeli beta=35 hw/H=0.8 vopt: Gamma = 13.65545, H_crit = 13.65545 m, mechanism I eta = 1, seed spread 1.6e-15, s=upper (1.07 s)
2026-10-09 05:17:07    [fig8 65] Israeli beta=35 hw/H=0.8 FE: Gamma = 9.087111, H_crit = 9.087111 m, mechanism I eta = 1, seed spread 8.9e-16, s=upper (5.69 s)
2026-10-09 05:17:08    [fig8 66] Israeli beta=35 hw/H=0.9 vopt: Gamma = 12.70976, H_crit = 12.70976 m, mechanism I eta = 1, seed spread 2e-15, s=lower (1.06 s)
2026-10-09 05:17:13    [fig8 67] Israeli beta=35 hw/H=0.9 FE: Gamma = 8.924143, H_crit = 8.924143 m, mechanism I eta = 1, seed spread 8.9e-16, s=upper (4.93 s)
2026-10-09 05:17:14    [fig8 68] Israeli beta=35 hw/H=1 vopt: Gamma = 12.31699, H_crit = 12.31699 m, mechanism I eta = 1, seed spread 1.3e-15, s=upper (0.851 s)
2026-10-09 05:17:19    [fig8 69] Israeli beta=35 hw/H=1 FE: Gamma = 9.103713, H_crit = 9.103713 m, mechanism I eta = 1, seed spread 1.8e-15, s=lower (5.22 s)
2026-10-09 05:17:19    [fig8 70] Israeli beta=60 hw/H=0 none: Gamma = 17.94946, H_crit = 17.94946 m, mechanism I eta = 1, seed spread 4.4e-16, s=upper (0.00912 s)
2026-10-09 05:17:20    [fig8 71] Israeli beta=60 hw/H=0.05 vopt: Gamma = 15.05548, H_crit = 15.05548 m, mechanism I eta = 1, seed spread 2.2e-16, s=upper (0.757 s)
2026-10-09 05:17:25    [fig8 72] Israeli beta=60 hw/H=0.05 FE: Gamma = 14.9008, H_crit = 14.9008 m, mechanism I eta = 1, seed spread 6.7e-16, s=upper (4.75 s)
2026-10-09 05:17:25    [fig8 73] Israeli beta=60 hw/H=0.1 vopt: Gamma = 13.0862, H_crit = 13.0862 m, mechanism I eta = 1, seed spread 8.9e-16, s=lower (0.918 s)
2026-10-09 05:17:30    [fig8 74] Israeli beta=60 hw/H=0.1 FE: Gamma = 12.72267, H_crit = 12.72267 m, mechanism I eta = 1, seed spread 8.9e-16, s=upper (4.68 s)
2026-10-09 05:17:31    [fig8 75] Israeli beta=60 hw/H=0.2 vopt: Gamma = 10.71775, H_crit = 10.71775 m, mechanism I eta = 1, seed spread 1.6e-15, s=upper (0.954 s)
2026-10-09 05:17:36    [fig8 76] Israeli beta=60 hw/H=0.2 FE: Gamma = 9.920617, H_crit = 9.920617 m, mechanism I eta = 1, seed spread 6.7e-16, s=lower (4.88 s)
2026-10-09 05:17:37    [fig8 77] Israeli beta=60 hw/H=0.3 vopt: Gamma = 9.484357, H_crit = 9.484357 m, mechanism I eta = 1, seed spread 6.7e-16, s=lower (0.846 s)
2026-10-09 05:17:42    [fig8 78] Israeli beta=60 hw/H=0.3 FE: Gamma = 8.245864, H_crit = 8.245864 m, mechanism I eta = 1, seed spread 2.2e-16, s=upper (5.24 s)
2026-10-09 05:17:43    [fig8 79] Israeli beta=60 hw/H=0.4 vopt: Gamma = 8.892467, H_crit = 8.892467 m, mechanism I eta = 1, seed spread 1.3e-15, s=lower (0.864 s)
2026-10-09 05:17:48    [fig8 80] Israeli beta=60 hw/H=0.4 FE: Gamma = 7.163628, H_crit = 7.163628 m, mechanism I eta = 1, seed spread 4.4e-16, s=upper (4.74 s)
2026-10-09 05:17:49    [fig8 81] Israeli beta=60 hw/H=0.5 vopt: Gamma = 8.673534, H_crit = 8.673534 m, mechanism I eta = 1, seed spread 4.4e-16, s=upper (1.15 s)
2026-10-09 05:17:55    [fig8 82] Israeli beta=60 hw/H=0.5 FE: Gamma = 6.43407, H_crit = 6.43407 m, mechanism I eta = 1, seed spread 4.4e-16, s=upper (5.41 s)
2026-10-09 05:17:56    [fig8 83] Israeli beta=60 hw/H=0.6 vopt: Gamma = 8.491065, H_crit = 8.491065 m, mechanism I eta = 1, seed spread 6.7e-16, s=lower (1.17 s)
2026-10-09 05:18:01    [fig8 84] Israeli beta=60 hw/H=0.6 FE: Gamma = 5.938905, H_crit = 5.938905 m, mechanism I eta = 1, seed spread 6.7e-16, s=lower (5.24 s)
2026-10-09 05:18:03    [fig8 85] Israeli beta=60 hw/H=0.7 vopt: Gamma = 8.349307, H_crit = 8.349307 m, mechanism I eta = 1, seed spread 6.7e-16, s=lower (1.51 s)
2026-10-09 05:18:08    [fig8 86] Israeli beta=60 hw/H=0.7 FE: Gamma = 5.616738, H_crit = 5.616738 m, mechanism I eta = 1, seed spread 6.7e-16, s=upper (5.2 s)
2026-10-09 05:18:10    [fig8 87] Israeli beta=60 hw/H=0.8 vopt: Gamma = 8.223442, H_crit = 8.223442 m, mechanism I eta = 1, seed spread 6.7e-16, s=upper (1.37 s)
2026-10-09 05:18:15    [fig8 88] Israeli beta=60 hw/H=0.8 FE: Gamma = 5.436561, H_crit = 5.436561 m, mechanism I eta = 1, seed spread 4.4e-16, s=lower (4.93 s)
2026-10-09 05:18:16    [fig8 89] Israeli beta=60 hw/H=0.9 vopt: Gamma = 8.128373, H_crit = 8.128373 m, mechanism I eta = 1, seed spread 2.2e-16, s=upper (1.41 s)
2026-10-09 05:18:22    [fig8 90] Israeli beta=60 hw/H=0.9 FE: Gamma = 5.385042, H_crit = 5.385042 m, mechanism I eta = 1, seed spread 1.6e-15, s=lower (5.91 s)
2026-10-09 05:18:23    [fig8 91] Israeli beta=60 hw/H=1 vopt: Gamma = 8.127066, H_crit = 8.127066 m, mechanism I eta = 1, seed spread 4.4e-16, s=upper (1.1 s)
2026-10-09 05:18:28    [fig8 92] Israeli beta=60 hw/H=1 FE: Gamma = 5.454024, H_crit = 5.454024 m, mechanism I eta = 1, seed spread 8.9e-16, s=upper (4.84 s)
2026-10-09 05:18:28  fig8: 92 limit analyses run (1 with Gamma = inf), 0 already in /home/user/neopz-master/Projects/SlopeSeepageForces/results/cpp/fig8_table1.csv, 380 s
