2026-10-09 05:05:23  fig8: 4 panels x 12 h_w / H x 2 curves, soil swapped, gamma_w 9.8, alpha 1, H_ref 1 m; box_m=50/10/30;hbc=zero/zero/noflow;horder=2;href=1;hmesh=gen/0.025/0.0625/0.15/2;lm=10;mech=I+II;seeds=0+1+2;np=40;niter=150;pools=25;q=coarse/fine;polish=1;dmax=10;soil=swapped; out /home/user/neopz-master/Projects/SlopeSeepageForces/results/cpp/fig8.csv (0 rows already there)
2026-10-09 05:05:23    [fig8 1] London beta=30 hw/H=0 none: Gamma = 156.5274, H_crit = 156.5274 m, mechanism I eta = 1, seed spread 7.8e-15, s=lower (0.048 s)
2026-10-09 05:05:41    [fig8 2] London beta=30 hw/H=0.05 vopt: Gamma = 108.8247, H_crit = 108.8247 m, mechanism I eta = 1, seed spread 1.4e-14, s=upper (18.3 s)
2026-10-09 05:05:57    [fig8 3] London beta=30 hw/H=0.05 FE: Gamma = 98.52177, H_crit = 98.52177 m, mechanism I eta = 1, seed spread 9.1e-15, s=upper (15.1 s)
2026-10-09 05:06:15    [fig8 4] London beta=30 hw/H=0.1 vopt: Gamma = 85.74057, H_crit = 85.74057 m, mechanism I eta = 1, seed spread 1.5e-14, s=lower (17.8 s)
2026-10-09 05:06:31    [fig8 5] London beta=30 hw/H=0.1 FE: Gamma = 66.27055, H_crit = 66.27055 m, mechanism I eta = 1, seed spread 1.2e-14, s=upper (16.4 s)
2026-10-09 05:06:54    [fig8 6] London beta=30 hw/H=0.2 vopt: Gamma = 58.69766, H_crit = 58.69766 m, mechanism I eta = 1, seed spread 2e-15, s=lower (23 s)
2026-10-09 05:07:06    [fig8 7] London beta=30 hw/H=0.2 FE: Gamma = 37.20894, H_crit = 37.20894 m, mechanism I eta = 1, seed spread 6.7e-16, s=lower (12 s)
2026-10-09 05:07:21    [fig8 8] London beta=30 hw/H=0.3 vopt: Gamma = 43.23822, H_crit = 43.23822 m, mechanism I eta = 1, seed spread 2e-15, s=upper (15.2 s)
2026-10-09 05:07:26    [fig8 9] London beta=30 hw/H=0.3 FE: Gamma = 25.02916, H_crit = 25.02916 m, mechanism I eta = 1, seed spread 1.1e-15, s=lower (4.71 s)
2026-10-09 05:07:27    [fig8 10] London beta=30 hw/H=0.4 vopt: Gamma = 33.01818, H_crit = 33.01818 m, mechanism I eta = 0.5664, seed spread 8.9e-16 (1.02 s)
2026-10-09 05:07:32    [fig8 11] London beta=30 hw/H=0.4 FE: Gamma = 18.75804, H_crit = 18.75804 m, mechanism I eta = 1, seed spread 2.2e-15, s=lower (4.65 s)
2026-10-09 05:07:33    [fig8 12] London beta=30 hw/H=0.5 vopt: Gamma = 26.41454, H_crit = 26.41454 m, mechanism I eta = 0.7081, seed spread 6.7e-16 (1.03 s)
2026-10-09 05:07:38    [fig8 13] London beta=30 hw/H=0.5 FE: Gamma = 15.13157, H_crit = 15.13157 m, mechanism I eta = 1, seed spread 1.8e-15, s=upper (4.57 s)
2026-10-09 05:07:39    [fig8 14] London beta=30 hw/H=0.6 vopt: Gamma = 22.01212, H_crit = 22.01212 m, mechanism I eta = 0.8497, seed spread 1.1e-15 (0.899 s)
2026-10-09 05:07:43    [fig8 15] London beta=30 hw/H=0.6 FE: Gamma = 12.91208, H_crit = 12.91208 m, mechanism I eta = 1, seed spread 4.4e-16, s=upper (4.44 s)
2026-10-09 05:07:44    [fig8 16] London beta=30 hw/H=0.7 vopt: Gamma = 18.86753, H_crit = 18.86753 m, mechanism I eta = 0.9913, seed spread 1.8e-15 (0.964 s)
2026-10-09 05:07:49    [fig8 17] London beta=30 hw/H=0.7 FE: Gamma = 11.55559, H_crit = 11.55559 m, mechanism I eta = 1, seed spread 2e-15, s=upper (4.96 s)
2026-10-09 05:07:50    [fig8 18] London beta=30 hw/H=0.8 vopt: Gamma = 16.62358, H_crit = 16.62358 m, mechanism I eta = 1, seed spread 2.4e-15, s=lower (1.06 s)
2026-10-09 05:07:55    [fig8 19] London beta=30 hw/H=0.8 FE: Gamma = 10.80954, H_crit = 10.80954 m, mechanism I eta = 1, seed spread 1.6e-15, s=lower (4.72 s)
2026-10-09 05:07:56    [fig8 20] London beta=30 hw/H=0.9 vopt: Gamma = 15.21637, H_crit = 15.21637 m, mechanism I eta = 1, seed spread 2e-15, s=upper (0.941 s)
2026-10-09 05:08:02    [fig8 21] London beta=30 hw/H=0.9 FE: Gamma = 10.56939, H_crit = 10.56939 m, mechanism I eta = 1, seed spread 4.4e-16, s=upper (5.9 s)
2026-10-09 05:08:03    [fig8 22] London beta=30 hw/H=1 vopt: Gamma = 14.60721, H_crit = 14.60721 m, mechanism I eta = 1, seed spread 1.3e-15, s=lower (0.759 s)
2026-10-09 05:08:09    [fig8 23] London beta=30 hw/H=1 FE: Gamma = 10.80762, H_crit = 10.80762 m, mechanism I eta = 1, seed spread 4.4e-16, s=upper (6.19 s)
2026-10-09 05:08:09    [fig8 24] London beta=60 hw/H=0 none: Gamma = 17.94946, H_crit = 17.94946 m, mechanism I eta = 1, seed spread 4.4e-16, s=upper (0.0202 s)
2026-10-09 05:08:10    [fig8 25] London beta=60 hw/H=0.05 vopt: Gamma = 15.05548, H_crit = 15.05548 m, mechanism I eta = 1, seed spread 2.2e-16, s=upper (0.876 s)
2026-10-09 05:08:15    [fig8 26] London beta=60 hw/H=0.05 FE: Gamma = 14.9008, H_crit = 14.9008 m, mechanism I eta = 1, seed spread 6.7e-16, s=upper (5.18 s)
2026-10-09 05:08:16    [fig8 27] London beta=60 hw/H=0.1 vopt: Gamma = 13.0862, H_crit = 13.0862 m, mechanism I eta = 1, seed spread 8.9e-16, s=lower (1.05 s)
2026-10-09 05:08:22    [fig8 28] London beta=60 hw/H=0.1 FE: Gamma = 12.72267, H_crit = 12.72267 m, mechanism I eta = 1, seed spread 8.9e-16, s=upper (5.48 s)
2026-10-09 05:08:23    [fig8 29] London beta=60 hw/H=0.2 vopt: Gamma = 10.71775, H_crit = 10.71775 m, mechanism I eta = 1, seed spread 1.6e-15, s=upper (0.982 s)
2026-10-09 05:08:28    [fig8 30] London beta=60 hw/H=0.2 FE: Gamma = 9.920617, H_crit = 9.920617 m, mechanism I eta = 1, seed spread 6.7e-16, s=lower (5.36 s)
2026-10-09 05:08:30    [fig8 31] London beta=60 hw/H=0.3 vopt: Gamma = 9.484357, H_crit = 9.484357 m, mechanism I eta = 1, seed spread 6.7e-16, s=lower (1.17 s)
2026-10-09 05:08:35    [fig8 32] London beta=60 hw/H=0.3 FE: Gamma = 8.245864, H_crit = 8.245864 m, mechanism I eta = 1, seed spread 2.2e-16, s=upper (4.91 s)
2026-10-09 05:08:36    [fig8 33] London beta=60 hw/H=0.4 vopt: Gamma = 8.892467, H_crit = 8.892467 m, mechanism I eta = 1, seed spread 1.3e-15, s=lower (1.03 s)
2026-10-09 05:08:41    [fig8 34] London beta=60 hw/H=0.4 FE: Gamma = 7.163628, H_crit = 7.163628 m, mechanism I eta = 1, seed spread 4.4e-16, s=upper (4.84 s)
2026-10-09 05:08:42    [fig8 35] London beta=60 hw/H=0.5 vopt: Gamma = 8.673534, H_crit = 8.673534 m, mechanism I eta = 1, seed spread 4.4e-16, s=upper (0.93 s)
2026-10-09 05:08:47    [fig8 36] London beta=60 hw/H=0.5 FE: Gamma = 6.43407, H_crit = 6.43407 m, mechanism I eta = 1, seed spread 4.4e-16, s=upper (5.09 s)
2026-10-09 05:08:48    [fig8 37] London beta=60 hw/H=0.6 vopt: Gamma = 8.491065, H_crit = 8.491065 m, mechanism I eta = 1, seed spread 6.7e-16, s=lower (0.973 s)
2026-10-09 05:08:53    [fig8 38] London beta=60 hw/H=0.6 FE: Gamma = 5.938905, H_crit = 5.938905 m, mechanism I eta = 1, seed spread 6.7e-16, s=lower (5.59 s)
2026-10-09 05:08:55    [fig8 39] London beta=60 hw/H=0.7 vopt: Gamma = 8.349307, H_crit = 8.349307 m, mechanism I eta = 1, seed spread 6.7e-16, s=lower (1.27 s)
2026-10-09 05:09:00    [fig8 40] London beta=60 hw/H=0.7 FE: Gamma = 5.616738, H_crit = 5.616738 m, mechanism I eta = 1, seed spread 6.7e-16, s=upper (5.5 s)
2026-10-09 05:09:02    [fig8 41] London beta=60 hw/H=0.8 vopt: Gamma = 8.223442, H_crit = 8.223442 m, mechanism I eta = 1, seed spread 6.7e-16, s=upper (1.24 s)
2026-10-09 05:09:07    [fig8 42] London beta=60 hw/H=0.8 FE: Gamma = 5.436561, H_crit = 5.436561 m, mechanism I eta = 1, seed spread 4.4e-16, s=lower (4.93 s)
2026-10-09 05:09:08    [fig8 43] London beta=60 hw/H=0.9 vopt: Gamma = 8.128373, H_crit = 8.128373 m, mechanism I eta = 1, seed spread 2.2e-16, s=upper (1.15 s)
2026-10-09 05:09:13    [fig8 44] London beta=60 hw/H=0.9 FE: Gamma = 5.385042, H_crit = 5.385042 m, mechanism I eta = 1, seed spread 1.6e-15, s=lower (5 s)
2026-10-09 05:09:14    [fig8 45] London beta=60 hw/H=1 vopt: Gamma = 8.127066, H_crit = 8.127066 m, mechanism I eta = 1, seed spread 4.4e-16, s=upper (0.96 s)
2026-10-09 05:09:19    [fig8 46] London beta=60 hw/H=1 FE: Gamma = 5.454024, H_crit = 5.454024 m, mechanism I eta = 1, seed spread 8.9e-16, s=upper (5.29 s)
2026-10-09 05:09:19    [fig8 47] Israeli beta=35 hw/H=0 none: Gamma = 228.8286, H_crit = 228.8286 m, mechanism I eta = 1, seed spread 2.8e-14, s=upper (0.06 s)
2026-10-09 05:09:20    [fig8 48] Israeli beta=35 hw/H=0.05 vopt: Gamma = 111.6565, H_crit = 111.6565 m, mechanism I eta = 1, seed spread 9.5e-15, s=upper (0.917 s)
2026-10-09 05:09:26    [fig8 49] Israeli beta=35 hw/H=0.05 FE: Gamma = 90.06924, H_crit = 90.06924 m, mechanism I eta = 0.1065, seed spread 4.4e-16 (6.06 s)
2026-10-09 05:09:42    [fig8 50] Israeli beta=35 hw/H=0.1 vopt: Gamma = 73.64632, H_crit = 73.64632 m, mechanism I eta = 1, seed spread 7.1e-15, s=upper (15.8 s)
2026-10-09 05:09:49    [fig8 51] Israeli beta=35 hw/H=0.1 FE: Gamma = 44.90919, H_crit = 44.90919 m, mechanism I eta = 0.2141, seed spread 4.7e-15 (6.99 s)
2026-10-09 05:09:55    [fig8 52] Israeli beta=35 hw/H=0.2 vopt: Gamma = 38.66059, H_crit = 38.66059 m, mechanism I eta = 0.2768, seed spread 4.4e-16 (5.96 s)
2026-10-09 05:10:01    [fig8 53] Israeli beta=35 hw/H=0.2 FE: Gamma = 22.29663, H_crit = 22.29663 m, mechanism I eta = 0.4349, seed spread 5.3e-15 (5.9 s)
2026-10-09 05:10:03    [fig8 54] Israeli beta=35 hw/H=0.3 vopt: Gamma = 25.77373, H_crit = 25.77373 m, mechanism I eta = 0.4151, seed spread 1.1e-15 (1.46 s)
2026-10-09 05:10:08    [fig8 55] Israeli beta=35 hw/H=0.3 FE: Gamma = 14.72527, H_crit = 14.72527 m, mechanism I eta = 0.671, seed spread 2e-15 (5.37 s)
2026-10-09 05:10:09    [fig8 56] Israeli beta=35 hw/H=0.4 vopt: Gamma = 19.33029, H_crit = 19.33029 m, mechanism I eta = 0.5535, seed spread 3.1e-15 (1.19 s)
2026-10-09 05:10:15    [fig8 57] Israeli beta=35 hw/H=0.4 FE: Gamma = 10.88028, H_crit = 10.88028 m, mechanism I eta = 1, seed spread 1.6e-15, s=lower (5.58 s)
2026-10-09 05:10:17    [fig8 58] Israeli beta=35 hw/H=0.5 vopt: Gamma = 15.46424, H_crit = 15.46424 m, mechanism I eta = 0.6919, seed spread 6.7e-16 (1.63 s)
2026-10-09 05:10:23    [fig8 59] Israeli beta=35 hw/H=0.5 FE: Gamma = 8.630303, H_crit = 8.630303 m, mechanism I eta = 1, seed spread 1.6e-15, s=lower (5.77 s)
2026-10-09 05:10:24    [fig8 60] Israeli beta=35 hw/H=0.6 vopt: Gamma = 12.88686, H_crit = 12.88686 m, mechanism I eta = 0.8303, seed spread 1.3e-15 (1.2 s)
2026-10-09 05:10:30    [fig8 61] Israeli beta=35 hw/H=0.6 FE: Gamma = 7.310304, H_crit = 7.310304 m, mechanism I eta = 1, seed spread 6.7e-16, s=lower (6.07 s)
2026-10-09 05:10:31    [fig8 62] Israeli beta=35 hw/H=0.7 vopt: Gamma = 11.04588, H_crit = 11.04588 m, mechanism I eta = 0.9686, seed spread 2e-15 (0.967 s)
2026-10-09 05:10:37    [fig8 63] Israeli beta=35 hw/H=0.7 FE: Gamma = 6.5401, H_crit = 6.5401 m, mechanism I eta = 1, seed spread 2.7e-15, s=upper (5.7 s)
2026-10-09 05:10:38    [fig8 64] Israeli beta=35 hw/H=0.8 vopt: Gamma = 9.735513, H_crit = 9.735513 m, mechanism I eta = 1, seed spread 2.4e-15, s=lower (1.15 s)
2026-10-09 05:10:44    [fig8 65] Israeli beta=35 hw/H=0.8 FE: Gamma = 6.154472, H_crit = 6.154472 m, mechanism I eta = 1, seed spread 3.3e-15, s=upper (6.3 s)
2026-10-09 05:10:45    [fig8 66] Israeli beta=35 hw/H=0.9 vopt: Gamma = 8.972933, H_crit = 8.972933 m, mechanism I eta = 1, seed spread 8.9e-16, s=upper (0.76 s)
2026-10-09 05:10:51    [fig8 67] Israeli beta=35 hw/H=0.9 FE: Gamma = 6.091574, H_crit = 6.091574 m, mechanism I eta = 1, seed spread 4.4e-16, s=lower (5.25 s)
2026-10-09 05:10:51    [fig8 68] Israeli beta=35 hw/H=1 vopt: Gamma = 8.72817, H_crit = 8.72817 m, mechanism I eta = 1, seed spread 1.1e-15, s=lower (0.759 s)
2026-10-09 05:10:57    [fig8 69] Israeli beta=35 hw/H=1 FE: Gamma = 6.336469, H_crit = 6.336469 m, mechanism I eta = 1, seed spread 4e-15, s=upper (5.63 s)
2026-10-09 05:10:57    [fig8 70] Israeli beta=60 hw/H=0 none: Gamma = 12.98603, H_crit = 12.98603 m, mechanism I eta = 1, seed spread 6.7e-16, s=upper (0.0601 s)
2026-10-09 05:10:58    [fig8 71] Israeli beta=60 hw/H=0.05 vopt: Gamma = 10.36026, H_crit = 10.36026 m, mechanism I eta = 1, seed spread 6.7e-16, s=upper (0.804 s)
2026-10-09 05:11:03    [fig8 72] Israeli beta=60 hw/H=0.05 FE: Gamma = 10.20113, H_crit = 10.20113 m, mechanism I eta = 1, seed spread 8.9e-16, s=upper (4.68 s)
2026-10-09 05:11:04    [fig8 73] Israeli beta=60 hw/H=0.1 vopt: Gamma = 8.721742, H_crit = 8.721742 m, mechanism I eta = 1, seed spread 1.1e-15, s=upper (0.913 s)
2026-10-09 05:11:08    [fig8 74] Israeli beta=60 hw/H=0.1 FE: Gamma = 8.372229, H_crit = 8.372229 m, mechanism I eta = 1, seed spread 1.1e-15, s=lower (4.64 s)
2026-10-09 05:11:09    [fig8 75] Israeli beta=60 hw/H=0.2 vopt: Gamma = 6.925329, H_crit = 6.925329 m, mechanism I eta = 1, seed spread 2.4e-15, s=lower (0.979 s)
2026-10-09 05:11:14    [fig8 76] Israeli beta=60 hw/H=0.2 FE: Gamma = 6.21381, H_crit = 6.21381 m, mechanism I eta = 1, seed spread 6.7e-16, s=lower (4.85 s)
2026-10-09 05:11:15    [fig8 77] Israeli beta=60 hw/H=0.3 vopt: Gamma = 6.097011, H_crit = 6.097011 m, mechanism I eta = 1, seed spread 8.9e-16, s=upper (0.964 s)
2026-10-09 05:11:21    [fig8 78] Israeli beta=60 hw/H=0.3 FE: Gamma = 5.021557, H_crit = 5.021557 m, mechanism I eta = 1, seed spread 4.4e-16, s=upper (5.83 s)
2026-10-09 05:11:22    [fig8 79] Israeli beta=60 hw/H=0.4 vopt: Gamma = 5.736264, H_crit = 5.736264 m, mechanism I eta = 1, seed spread 8.9e-16, s=upper (1.15 s)
2026-10-09 05:11:28    [fig8 80] Israeli beta=60 hw/H=0.4 FE: Gamma = 4.288158, H_crit = 4.288158 m, mechanism I eta = 1, seed spread 8.9e-16, s=lower (5.7 s)
2026-10-09 05:11:30    [fig8 81] Israeli beta=60 hw/H=0.5 vopt: Gamma = 5.48158, H_crit = 5.48158 m, mechanism I eta = 1, seed spread 8.9e-16, s=lower (1.31 s)
2026-10-09 05:11:35    [fig8 82] Israeli beta=60 hw/H=0.5 FE: Gamma = 3.811123, H_crit = 3.811123 m, mechanism I eta = 1, seed spread 6.7e-16, s=upper (4.89 s)
2026-10-09 05:11:36    [fig8 83] Israeli beta=60 hw/H=0.6 vopt: Gamma = 5.283063, H_crit = 5.283063 m, mechanism I eta = 1, seed spread 6.7e-16, s=upper (1.23 s)
2026-10-09 05:11:41    [fig8 84] Israeli beta=60 hw/H=0.6 FE: Gamma = 3.497957, H_crit = 3.497957 m, mechanism I eta = 1, seed spread 1.1e-15, s=upper (5.08 s)
2026-10-09 05:11:42    [fig8 85] Israeli beta=60 hw/H=0.7 vopt: Gamma = 5.104379, H_crit = 5.104379 m, mechanism I eta = 1, seed spread 1.3e-15, s=upper (1.22 s)
2026-10-09 05:11:47    [fig8 86] Israeli beta=60 hw/H=0.7 FE: Gamma = 3.303374, H_crit = 3.303374 m, mechanism I eta = 1, seed spread 6.7e-16, s=upper (5.08 s)
2026-10-09 05:11:49    [fig8 87] Israeli beta=60 hw/H=0.8 vopt: Gamma = 4.944712, H_crit = 4.944712 m, mechanism I eta = 1, seed spread 8.9e-16, s=lower (1.38 s)
2026-10-09 05:11:54    [fig8 88] Israeli beta=60 hw/H=0.8 FE: Gamma = 3.205907, H_crit = 3.205907 m, mechanism I eta = 1, seed spread 2e-15, s=lower (5.42 s)
2026-10-09 05:11:56    [fig8 89] Israeli beta=60 hw/H=0.9 vopt: Gamma = 4.836452, H_crit = 4.836452 m, mechanism I eta = 1, seed spread 8.9e-16, s=upper (1.26 s)
2026-10-09 05:12:02    [fig8 90] Israeli beta=60 hw/H=0.9 FE: Gamma = 3.197256, H_crit = 3.197256 m, mechanism I eta = 1, seed spread 4.4e-16, s=upper (5.85 s)
2026-10-09 05:12:03    [fig8 91] Israeli beta=60 hw/H=1 vopt: Gamma = 4.827888, H_crit = 4.827888 m, mechanism I eta = 1, seed spread 6.7e-16, s=upper (1.33 s)
2026-10-09 05:12:08    [fig8 92] Israeli beta=60 hw/H=1 FE: Gamma = 3.270927, H_crit = 3.270927 m, mechanism I eta = 1, seed spread 1.3e-15, s=lower (4.92 s)
2026-10-09 05:12:08  fig8: 92 limit analyses run (0 with Gamma = inf), 0 already in /home/user/neopz-master/Projects/SlopeSeepageForces/results/cpp/fig8.csv, 404.9 s
2026-10-09 05:28:07  fig8: 4 panels x 12 h_w / H x 2 curves, soil swapped, gamma_w 9.8, alpha 1, H_ref 1 m; box_m=50/10/30;hbc=zero/zero/noflow;horder=2;href=1;hmesh=gen/0.025/0.0625/0.15/2;lm=10;mech=I+II;seeds=0+1+2;np=40;niter=150;pools=25;q=coarse/fine;polish=1;dmax=10;soil=swapped; out /home/user/neopz-master/Projects/SlopeSeepageForces/results/cpp/fig8.csv (96 rows already there)
2026-10-09 05:28:07  fig8: 0 limit analyses run (0 with Gamma = inf), 92 already in /home/user/neopz-master/Projects/SlopeSeepageForces/results/cpp/fig8.csv, 0.001757 s
