2026-10-09 05:00:55  fig9: 3 alphas x 20 betas x 2 curves, H 5 m, c 10, phi 30, gamma 20, gamma_w 9.81, h_w / H 1; box_m=50/10/30;hbc=zero/zero/noflow;horder=2;href=1;hmesh=gen/0.025/0.0625/0.15/2;lm=10;mech=I+II;seeds=0+1+2;np=40;niter=150;pools=25;q=coarse/fine;polish=1;dmax=10; out /home/user/neopz-master/Projects/SlopeSeepageForces/results/cpp/fig9.csv (0 rows already there)
2026-10-09 05:01:04    [fig9 1] alpha=1 beta=15 vopt: Gamma = 119.0809, H_crit = 595.4046 m, mechanism I eta = 0.128, seed spread 4.6e-14 (9 s)
2026-10-09 05:01:07    [fig9 2] alpha=1 beta=15 FE: Gamma = inf (no mechanism with P_gamma + P_u > 0) (3.16 s)
2026-10-09 05:01:11    [fig9 3] alpha=1 beta=20 vopt: Gamma = 19.32041, H_crit = 96.60203 m, mechanism I eta = 0.7587, seed spread 2.9e-14 (3.86 s)
2026-10-09 05:01:14    [fig9 4] alpha=1 beta=20 FE: Gamma = 6.992533, H_crit = 34.96267 m, mechanism I eta = 1, seed spread 6.4e-15, s=lower (2.9 s)
2026-10-09 05:01:14    [fig9 5] alpha=1 beta=25 vopt: Gamma = 5.897284, H_crit = 29.48642 m, mechanism I eta = 1, seed spread 6.4e-15, s=upper (0.756 s)
2026-10-09 05:01:17    [fig9 6] alpha=1 beta=25 FE: Gamma = 3.390119, H_crit = 16.9506 m, mechanism I eta = 1, seed spread 2e-15, s=upper (2.71 s)
2026-10-09 05:01:18    [fig9 7] alpha=1 beta=30 vopt: Gamma = 3.578755, H_crit = 17.89378 m, mechanism I eta = 1, seed spread 4.4e-16, s=upper (0.694 s)
2026-10-09 05:01:21    [fig9 8] alpha=1 beta=30 FE: Gamma = 2.332813, H_crit = 11.66407 m, mechanism I eta = 1, seed spread 1.3e-15, s=lower (2.87 s)
2026-10-09 05:01:22    [fig9 9] alpha=1 beta=35 vopt: Gamma = 2.676838, H_crit = 13.38419 m, mechanism I eta = 1, seed spread 1.8e-15, s=upper (0.737 s)
2026-10-09 05:01:24    [fig9 10] alpha=1 beta=35 FE: Gamma = 1.829227, H_crit = 9.146133 m, mechanism I eta = 1, seed spread 8.9e-16, s=upper (2.6 s)
2026-10-09 05:01:25    [fig9 11] alpha=1 beta=37.5 vopt: Gamma = 2.406873, H_crit = 12.03436 m, mechanism I eta = 1, seed spread 1.1e-15, s=upper (0.734 s)
2026-10-09 05:01:28    [fig9 12] alpha=1 beta=37.5 FE: Gamma = 1.663035, H_crit = 8.315176 m, mechanism I eta = 1, seed spread 8.9e-16, s=lower (2.51 s)
2026-10-09 05:01:28    [fig9 13] alpha=1 beta=40 vopt: Gamma = 2.200444, H_crit = 11.00222 m, mechanism I eta = 1, seed spread 2.2e-16, s=lower (0.764 s)
2026-10-09 05:01:31    [fig9 14] alpha=1 beta=40 FE: Gamma = 1.529596, H_crit = 7.647979 m, mechanism I eta = 1, seed spread 6.7e-16, s=lower (2.72 s)
2026-10-09 05:01:32    [fig9 15] alpha=1 beta=45 vopt: Gamma = 1.904484, H_crit = 9.52242 m, mechanism I eta = 1, seed spread 1.3e-15, s=upper (0.79 s)
2026-10-09 05:01:34    [fig9 16] alpha=1 beta=45 FE: Gamma = 1.326197, H_crit = 6.630983 m, mechanism I eta = 1, seed spread 1.1e-15, s=upper (2.43 s)
2026-10-09 05:01:35    [fig9 17] alpha=1 beta=50 vopt: Gamma = 1.700672, H_crit = 8.503362 m, mechanism I eta = 1, seed spread 8.9e-16, s=lower (0.806 s)
2026-10-09 05:01:38    [fig9 18] alpha=1 beta=50 FE: Gamma = 1.175328, H_crit = 5.87664 m, mechanism I eta = 1, seed spread 4.4e-16, s=upper (2.34 s)
2026-10-09 05:01:38    [fig9 19] alpha=1 beta=52.5 vopt: Gamma = 1.620046, H_crit = 8.100229 m, mechanism I eta = 1, seed spread 1.1e-15, s=lower (0.917 s)
2026-10-09 05:01:41    [fig9 20] alpha=1 beta=52.5 FE: Gamma = 1.11258, H_crit = 5.562898 m, mechanism I eta = 1, seed spread 2.7e-15, s=upper (2.38 s)
2026-10-09 05:01:42    [fig9 21] alpha=1 beta=55 vopt: Gamma = 1.54937, H_crit = 7.74685 m, mechanism I eta = 1, seed spread 6.7e-16, s=upper (0.81 s)
2026-10-09 05:01:44    [fig9 22] alpha=1 beta=55 FE: Gamma = 1.056038, H_crit = 5.280192 m, mechanism I eta = 1, seed spread 8.9e-16, s=lower (2.54 s)
2026-10-09 05:01:45    [fig9 23] alpha=1 beta=60 vopt: Gamma = 1.428892, H_crit = 7.144462 m, mechanism I eta = 1, seed spread 1.1e-15, s=lower (0.822 s)
2026-10-09 05:01:48    [fig9 24] alpha=1 beta=60 FE: Gamma = 0.9570701, H_crit = 4.785351 m, mechanism I eta = 1, seed spread 8.9e-16, s=upper (2.39 s)
2026-10-09 05:01:48    [fig9 25] alpha=1 beta=65 vopt: Gamma = 1.321466, H_crit = 6.60733 m, mechanism I eta = 1, seed spread 4.4e-16, s=upper (0.912 s)
2026-10-09 05:01:51    [fig9 26] alpha=1 beta=65 FE: Gamma = 0.8718819, H_crit = 4.35941 m, mechanism I eta = 1, seed spread 8.9e-16, s=upper (2.63 s)
2026-10-09 05:01:52    [fig9 27] alpha=1 beta=67.5 vopt: Gamma = 1.264553, H_crit = 6.322765 m, mechanism I eta = 1, seed spread 1.1e-15, s=lower (0.922 s)
2026-10-09 05:01:54    [fig9 28] alpha=1 beta=67.5 FE: Gamma = 0.8331274, H_crit = 4.165637 m, mechanism I eta = 1, seed spread 6.7e-16, s=lower (2.27 s)
2026-10-09 05:01:55    [fig9 29] alpha=1 beta=70 vopt: Gamma = 1.198869, H_crit = 5.994347 m, mechanism I eta = 1, seed spread 1.1e-15, s=upper (1.09 s)
2026-10-09 05:01:58    [fig9 30] alpha=1 beta=70 FE: Gamma = 0.7964253, H_crit = 3.982127 m, mechanism I eta = 1, seed spread 1.3e-15, s=lower (2.34 s)
2026-10-09 05:02:03    [fig9 31] alpha=1 beta=75 vopt: Gamma = 1.025125, H_crit = 5.125624 m, mechanism I eta = 1, seed spread 6.7e-16, s=upper (4.7 s)
2026-10-09 05:02:05    [fig9 32] alpha=1 beta=75 FE: Gamma = 0.7281017, H_crit = 3.640509 m, mechanism I eta = 1, seed spread 6.7e-16, s=upper (2.38 s)
2026-10-09 05:02:06    [fig9 33] alpha=1 beta=80 vopt: Gamma = 0.7922882, H_crit = 3.961441 m, mechanism I eta = 1, seed spread 2.2e-16, s=upper (1.04 s)
2026-10-09 05:02:09    [fig9 34] alpha=1 beta=80 FE: Gamma = 0.665183, H_crit = 3.325915 m, mechanism I eta = 1, seed spread 6.7e-16, s=lower (2.45 s)
2026-10-09 05:02:09    [fig9 35] alpha=1 beta=82.5 vopt: Gamma = 0.7208409, H_crit = 3.604204 m, mechanism I eta = 1, seed spread 1.1e-15, s=lower (0.523 s)
2026-10-09 05:02:11    [fig9 36] alpha=1 beta=82.5 FE: Gamma = 0.6353699, H_crit = 3.17685 m, mechanism I eta = 1, seed spread 6.7e-16, s=upper (2.18 s)
2026-10-09 05:02:12    [fig9 37] alpha=1 beta=85 vopt: Gamma = 0.6784133, H_crit = 3.392067 m, mechanism I eta = 1, seed spread 6.7e-16, s=upper (0.663 s)
2026-10-09 05:02:14    [fig9 38] alpha=1 beta=85 FE: Gamma = 0.6065033, H_crit = 3.032516 m, mechanism I eta = 1, seed spread 1.1e-15, s=upper (2.18 s)
2026-10-09 05:02:15    [fig9 39] alpha=1 beta=90 vopt: Gamma = 0.6014322, H_crit = 3.007161 m, mechanism I eta = 1, seed spread 2.7e-15, s=lower (0.581 s)
2026-10-09 05:02:17    [fig9 40] alpha=1 beta=90 FE: Gamma = 0.5512663, H_crit = 2.756332 m, mechanism I eta = 1, seed spread 2.2e-15, s=upper (2.48 s)
2026-10-09 05:02:18    [fig9 41] alpha=5 beta=15 vopt: Gamma = inf (no mechanism with P_gamma + P_u > 0) (0.551 s)
2026-10-09 05:02:21    [fig9 42] alpha=5 beta=15 FE: Gamma = inf (no mechanism with P_gamma + P_u > 0) (3.37 s)
2026-10-09 05:02:22    [fig9 43] alpha=5 beta=20 vopt: Gamma = inf (no mechanism with P_gamma + P_u > 0) (0.694 s)
2026-10-09 05:02:31    [fig9 44] alpha=5 beta=20 FE: Gamma = 17.11778, H_crit = 85.58891 m, mechanism II d/H = 0.6652, seed spread 2.8e-05 (8.79 s)
2026-10-09 05:02:47    [fig9 45] alpha=5 beta=25 vopt: Gamma = 18.40617, H_crit = 92.03087 m, mechanism I eta = 1, seed spread 1.3e-14, s=lower (16.2 s)
2026-10-09 05:02:50    [fig9 46] alpha=5 beta=25 FE: Gamma = 5.915424, H_crit = 29.57712 m, mechanism II d/H = 0.5493, seed spread 2.5e-05 (2.92 s)
2026-10-09 05:02:51    [fig9 47] alpha=5 beta=30 vopt: Gamma = 6.848086, H_crit = 34.24043 m, mechanism I eta = 1, seed spread 2.9e-15, s=upper (0.992 s)
2026-10-09 05:02:54    [fig9 48] alpha=5 beta=30 FE: Gamma = 3.786016, H_crit = 18.93008 m, mechanism I eta = 1, seed spread 6e-15, s=upper (2.68 s)
2026-10-09 05:02:55    [fig9 49] alpha=5 beta=35 vopt: Gamma = 4.339449, H_crit = 21.69724 m, mechanism I eta = 1, seed spread 1.6e-14, s=upper (0.929 s)
2026-10-09 05:02:57    [fig9 50] alpha=5 beta=35 FE: Gamma = 2.782083, H_crit = 13.91042 m, mechanism I eta = 1, seed spread 1.1e-15, s=lower (2.54 s)
2026-10-09 05:02:58    [fig9 51] alpha=5 beta=37.5 vopt: Gamma = 3.717832, H_crit = 18.58916 m, mechanism I eta = 1, seed spread 1.8e-15, s=lower (0.9 s)
2026-10-09 05:03:01    [fig9 52] alpha=5 beta=37.5 FE: Gamma = 2.466154, H_crit = 12.33077 m, mechanism I eta = 1, seed spread 1.3e-15, s=upper (2.56 s)
2026-10-09 05:03:02    [fig9 53] alpha=5 beta=40 vopt: Gamma = 3.275409, H_crit = 16.37705 m, mechanism I eta = 1, seed spread 4.4e-16, s=upper (0.794 s)
2026-10-09 05:03:04    [fig9 54] alpha=5 beta=40 FE: Gamma = 2.21749, H_crit = 11.08745 m, mechanism I eta = 1, seed spread 3.1e-15, s=upper (2.57 s)
2026-10-09 05:03:05    [fig9 55] alpha=5 beta=45 vopt: Gamma = 2.682887, H_crit = 13.41443 m, mechanism I eta = 1, seed spread 8.9e-16, s=lower (0.827 s)
2026-10-09 05:03:08    [fig9 56] alpha=5 beta=45 FE: Gamma = 1.84661, H_crit = 9.233052 m, mechanism I eta = 1, seed spread 3.3e-15, s=upper (2.53 s)
2026-10-09 05:03:08    [fig9 57] alpha=5 beta=50 vopt: Gamma = 2.295082, H_crit = 11.47541 m, mechanism I eta = 1, seed spread 6.7e-16, s=lower (0.839 s)
2026-10-09 05:03:11    [fig9 58] alpha=5 beta=50 FE: Gamma = 1.578684, H_crit = 7.89342 m, mechanism I eta = 1, seed spread 1.8e-15, s=upper (2.58 s)
2026-10-09 05:03:12    [fig9 59] alpha=5 beta=52.5 vopt: Gamma = 2.143441, H_crit = 10.7172 m, mechanism I eta = 1, seed spread 6.7e-16, s=upper (0.945 s)
2026-10-09 05:03:15    [fig9 60] alpha=5 beta=52.5 FE: Gamma = 1.469459, H_crit = 7.347294 m, mechanism I eta = 1, seed spread 1.3e-15, s=upper (2.62 s)
2026-10-09 05:03:16    [fig9 61] alpha=5 beta=55 vopt: Gamma = 2.010076, H_crit = 10.05038 m, mechanism I eta = 1, seed spread 1.1e-15, s=upper (1.01 s)
2026-10-09 05:03:18    [fig9 62] alpha=5 beta=55 FE: Gamma = 1.37256, H_crit = 6.8628 m, mechanism I eta = 1, seed spread 1.1e-15, s=upper (2.57 s)
2026-10-09 05:03:19    [fig9 63] alpha=5 beta=60 vopt: Gamma = 1.780164, H_crit = 8.900821 m, mechanism I eta = 1, seed spread 6.7e-16, s=upper (0.967 s)
2026-10-09 05:03:22    [fig9 64] alpha=5 beta=60 FE: Gamma = 1.206966, H_crit = 6.03483 m, mechanism I eta = 1, seed spread 6.7e-16, s=lower (2.51 s)
2026-10-09 05:03:23    [fig9 65] alpha=5 beta=65 vopt: Gamma = 1.579582, H_crit = 7.897909 m, mechanism I eta = 1, seed spread 6.7e-16, s=lower (0.945 s)
2026-10-09 05:03:25    [fig9 66] alpha=5 beta=65 FE: Gamma = 1.069522, H_crit = 5.34761 m, mechanism I eta = 1, seed spread 1.1e-15, s=upper (2.39 s)
2026-10-09 05:03:26    [fig9 67] alpha=5 beta=67.5 vopt: Gamma = 1.485418, H_crit = 7.427089 m, mechanism I eta = 1, seed spread 6.7e-16, s=lower (0.937 s)
2026-10-09 05:03:29    [fig9 68] alpha=5 beta=67.5 FE: Gamma = 1.00882, H_crit = 5.0441 m, mechanism I eta = 1, seed spread 8.9e-16, s=lower (2.47 s)
2026-10-09 05:03:29    [fig9 69] alpha=5 beta=70 vopt: Gamma = 1.393798, H_crit = 6.968992 m, mechanism I eta = 1, seed spread 4.4e-16, s=upper (0.9 s)
2026-10-09 05:03:32    [fig9 70] alpha=5 beta=70 FE: Gamma = 0.9524569, H_crit = 4.762285 m, mechanism I eta = 1, seed spread 8.9e-16, s=upper (2.36 s)
2026-10-09 05:03:33    [fig9 71] alpha=5 beta=75 vopt: Gamma = 1.216264, H_crit = 6.08132 m, mechanism I eta = 1, seed spread 8.9e-16, s=upper (0.935 s)
2026-10-09 05:03:35    [fig9 72] alpha=5 beta=75 FE: Gamma = 0.8507703, H_crit = 4.253851 m, mechanism I eta = 1, seed spread 4.4e-16, s=upper (2.23 s)
2026-10-09 05:03:36    [fig9 73] alpha=5 beta=80 vopt: Gamma = 1.046351, H_crit = 5.231754 m, mechanism I eta = 1, seed spread 4.4e-16, s=lower (0.912 s)
2026-10-09 05:03:38    [fig9 74] alpha=5 beta=80 FE: Gamma = 0.7609654, H_crit = 3.804827 m, mechanism I eta = 1, seed spread 8.9e-16, s=upper (2.3 s)
2026-10-09 05:03:39    [fig9 75] alpha=5 beta=82.5 vopt: Gamma = 0.9648461, H_crit = 4.82423 m, mechanism I eta = 1, seed spread 1.8e-15, s=lower (0.862 s)
2026-10-09 05:03:42    [fig9 76] alpha=5 beta=82.5 FE: Gamma = 0.7197319, H_crit = 3.598659 m, mechanism I eta = 1, seed spread 1.3e-15, s=lower (2.25 s)
2026-10-09 05:03:42    [fig9 77] alpha=5 beta=85 vopt: Gamma = 0.8859304, H_crit = 4.429652 m, mechanism I eta = 1, seed spread 1.1e-15, s=upper (0.913 s)
2026-10-09 05:03:45    [fig9 78] alpha=5 beta=85 FE: Gamma = 0.6806143, H_crit = 3.403072 m, mechanism I eta = 1, seed spread 6.7e-16, s=upper (2.06 s)
2026-10-09 05:03:55    [fig9 79] alpha=5 beta=90 vopt: Gamma = 0.7357174, H_crit = 3.678587 m, mechanism I eta = 1, seed spread 1.3e-15, s=upper (10.8 s)
2026-10-09 05:03:58    [fig9 80] alpha=5 beta=90 FE: Gamma = 0.6079513, H_crit = 3.039756 m, mechanism I eta = 1, seed spread 4.7, s=lower (2.5 s)
2026-10-09 05:03:58    [fig9 81] alpha=10 beta=15 vopt: Gamma = inf (no mechanism with P_gamma + P_u > 0) (0.552 s)
2026-10-09 05:04:02    [fig9 82] alpha=10 beta=15 FE: Gamma = inf (no mechanism with P_gamma + P_u > 0) (3.06 s)
2026-10-09 05:04:02    [fig9 83] alpha=10 beta=20 vopt: Gamma = inf (no mechanism with P_gamma + P_u > 0) (0.539 s)
2026-10-09 05:04:09    [fig9 84] alpha=10 beta=20 FE: Gamma = 37.94081, H_crit = 189.704 m, mechanism II d/H = 0.9818, seed spread 0.01 (7.01 s)
2026-10-09 05:04:19    [fig9 85] alpha=10 beta=25 vopt: Gamma = 50.3337, H_crit = 251.6685 m, mechanism I eta = 1, seed spread 4.8e-14, s=upper (9.91 s)
2026-10-09 05:04:22    [fig9 86] alpha=10 beta=25 FE: Gamma = 7.531959, H_crit = 37.6598 m, mechanism II d/H = 0.822, seed spread 3.5e-06 (3.14 s)
2026-10-09 05:04:23    [fig9 87] alpha=10 beta=30 vopt: Gamma = 8.806873, H_crit = 44.03436 m, mechanism I eta = 1, seed spread 3.3e-15, s=lower (1.14 s)
2026-10-09 05:04:26    [fig9 88] alpha=10 beta=30 FE: Gamma = 4.694372, H_crit = 23.47186 m, mechanism II d/H = 0.7356, seed spread 2e-15 (3.01 s)
2026-10-09 05:04:27    [fig9 89] alpha=10 beta=35 vopt: Gamma = 4.993923, H_crit = 24.96962 m, mechanism I eta = 1, seed spread 3.1e-15, s=lower (0.855 s)
2026-10-09 05:04:30    [fig9 90] alpha=10 beta=35 FE: Gamma = 3.535789, H_crit = 17.67894 m, mechanism I eta = 1, seed spread 4.2e-15, s=upper (2.84 s)
2026-10-09 05:04:31    [fig9 91] alpha=10 beta=37.5 vopt: Gamma = 4.175244, H_crit = 20.87622 m, mechanism I eta = 1, seed spread 2e-15, s=lower (0.801 s)
2026-10-09 05:04:34    [fig9 92] alpha=10 beta=37.5 FE: Gamma = 3.036659, H_crit = 15.1833 m, mechanism I eta = 1, seed spread 2.9e-15, s=upper (2.74 s)
2026-10-09 05:04:35    [fig9 93] alpha=10 beta=40 vopt: Gamma = 3.617529, H_crit = 18.08764 m, mechanism I eta = 1, seed spread 6.7e-16, s=upper (0.928 s)
2026-10-09 05:04:37    [fig9 94] alpha=10 beta=40 FE: Gamma = 2.661055, H_crit = 13.30528 m, mechanism I eta = 1, seed spread 4.7e-15, s=upper (2.6 s)
2026-10-09 05:04:38    [fig9 95] alpha=10 beta=45 vopt: Gamma = 2.897423, H_crit = 14.48712 m, mechanism I eta = 1, seed spread 1.6e-15, s=upper (0.986 s)
2026-10-09 05:04:41    [fig9 96] alpha=10 beta=45 FE: Gamma = 2.129541, H_crit = 10.64771 m, mechanism I eta = 1, seed spread 1.8e-15, s=upper (2.64 s)
2026-10-09 05:04:42    [fig9 97] alpha=10 beta=50 vopt: Gamma = 2.437359, H_crit = 12.18679 m, mechanism I eta = 1, seed spread 1.1e-15, s=lower (0.852 s)
2026-10-09 05:04:44    [fig9 98] alpha=10 beta=50 FE: Gamma = 1.768223, H_crit = 8.841113 m, mechanism I eta = 1, seed spread 2.2e-15, s=upper (2.41 s)
2026-10-09 05:04:45    [fig9 99] alpha=10 beta=52.5 vopt: Gamma = 2.258616, H_crit = 11.29308 m, mechanism I eta = 1, seed spread 8.9e-16, s=lower (0.911 s)
2026-10-09 05:04:48    [fig9 100] alpha=10 beta=52.5 FE: Gamma = 1.62658, H_crit = 8.132902 m, mechanism I eta = 1, seed spread 1.1e-15, s=upper (2.41 s)
2026-10-09 05:04:49    [fig9 101] alpha=10 beta=55 vopt: Gamma = 2.101776, H_crit = 10.50888 m, mechanism I eta = 1, seed spread 1.1e-15, s=upper (1.01 s)
2026-10-09 05:04:51    [fig9 102] alpha=10 beta=55 FE: Gamma = 1.503804, H_crit = 7.519021 m, mechanism I eta = 1, seed spread 1.6e-15, s=lower (2.47 s)
2026-10-09 05:04:52    [fig9 103] alpha=10 beta=60 vopt: Gamma = 1.833346, H_crit = 9.166732 m, mechanism I eta = 1, seed spread 2.2e-15, s=upper (0.863 s)
2026-10-09 05:04:55    [fig9 104] alpha=10 beta=60 FE: Gamma = 1.300188, H_crit = 6.500938 m, mechanism I eta = 1, seed spread 1.8e-15, s=upper (2.49 s)
2026-10-09 05:04:56    [fig9 105] alpha=10 beta=65 vopt: Gamma = 1.605131, H_crit = 8.025655 m, mechanism I eta = 1, seed spread 2.2e-16, s=lower (0.888 s)
2026-10-09 05:04:58    [fig9 106] alpha=10 beta=65 FE: Gamma = 1.137037, H_crit = 5.685187 m, mechanism I eta = 1, seed spread 2e-15, s=lower (2.51 s)
2026-10-09 05:04:59    [fig9 107] alpha=10 beta=67.5 vopt: Gamma = 1.501625, H_crit = 7.508127 m, mechanism I eta = 1, seed spread 1.3e-15, s=lower (0.88 s)
2026-10-09 05:05:02    [fig9 108] alpha=10 beta=67.5 FE: Gamma = 1.066612, H_crit = 5.333058 m, mechanism I eta = 1, seed spread 8.9e-16, s=lower (2.56 s)
2026-10-09 05:05:02    [fig9 109] alpha=10 beta=70 vopt: Gamma = 1.403778, H_crit = 7.018891 m, mechanism I eta = 1, seed spread 2.2e-16, s=upper (0.876 s)
2026-10-09 05:05:05    [fig9 110] alpha=10 beta=70 FE: Gamma = 1.002063, H_crit = 5.010313 m, mechanism I eta = 1, seed spread 1.6e-15, s=upper (2.33 s)
2026-10-09 05:05:06    [fig9 111] alpha=10 beta=75 vopt: Gamma = 1.222614, H_crit = 6.113069 m, mechanism I eta = 1, seed spread 8.9e-16, s=upper (1.01 s)
2026-10-09 05:05:08    [fig9 112] alpha=10 beta=75 FE: Gamma = 0.8876163, H_crit = 4.438082 m, mechanism I eta = 1, seed spread 1.6e-15, s=upper (2.35 s)
2026-10-09 05:05:09    [fig9 113] alpha=10 beta=80 vopt: Gamma = 1.05876, H_crit = 5.293798 m, mechanism I eta = 1, seed spread 8.9e-16, s=lower (0.964 s)
2026-10-09 05:05:12    [fig9 114] alpha=10 beta=80 FE: Gamma = 0.7885297, H_crit = 3.942649 m, mechanism I eta = 1, seed spread 1.1e-15, s=lower (2.44 s)
2026-10-09 05:05:13    [fig9 115] alpha=10 beta=82.5 vopt: Gamma = 0.9830431, H_crit = 4.915216 m, mechanism I eta = 1, seed spread 6.7e-16, s=upper (0.956 s)
2026-10-09 05:05:15    [fig9 116] alpha=10 beta=82.5 FE: Gamma = 0.7436132, H_crit = 3.718066 m, mechanism I eta = 1, seed spread 4.4e-16, s=lower (2.35 s)
2026-10-09 05:05:16    [fig9 117] alpha=10 beta=85 vopt: Gamma = 0.9114297, H_crit = 4.557148 m, mechanism I eta = 1, seed spread 4.4e-16, s=upper (0.999 s)
2026-10-09 05:05:18    [fig9 118] alpha=10 beta=85 FE: Gamma = 0.7013169, H_crit = 3.506585 m, mechanism I eta = 1, seed spread 6.7e-16, s=upper (2.19 s)
2026-10-09 05:05:20    [fig9 119] alpha=10 beta=90 vopt: Gamma = 0.7802744, H_crit = 3.901372 m, mechanism I eta = 1, seed spread 6.7e-16, s=upper (1.51 s)
2026-10-09 05:05:23    [fig9 120] alpha=10 beta=90 FE: Gamma = 0.6235136, H_crit = 3.117568 m, mechanism I eta = 1, seed spread 4.4e-16, s=upper (3.24 s)
2026-10-09 05:05:23  fig9: 120 limit analyses run (7 with Gamma = inf), 0 already in /home/user/neopz-master/Projects/SlopeSeepageForces/results/cpp/fig9.csv, 268.4 s
2026-10-09 05:28:07  fig9: 3 alphas x 20 betas x 2 curves, H 5 m, c 10, phi 30, gamma 20, gamma_w 9.81, h_w / H 1; box_m=50/10/30;hbc=zero/zero/noflow;horder=2;href=1;hmesh=gen/0.025/0.0625/0.15/2;lm=10;mech=I+II;seeds=0+1+2;np=40;niter=150;pools=25;q=coarse/fine;polish=1;dmax=10; out /home/user/neopz-master/Projects/SlopeSeepageForces/results/cpp/fig9.csv (120 rows already there)
2026-10-09 05:28:07  fig9: 0 limit analyses run (0 with Gamma = inf), 120 already in /home/user/neopz-master/Projects/SlopeSeepageForces/results/cpp/fig9.csv, 0.001195 s
