2026-10-09 05:18:29  fig9: 3 alphas x 20 betas x 2 curves, H 5 m, c 10, phi 30, gamma 20, gamma_w 9.8, h_w / H 1; box_m=50/10/30;hbc=zero/zero/noflow;horder=2;href=1;hmesh=gen/0.025/0.0625/0.15/2;lm=10;mech=I+II;seeds=0+1+2;np=40;niter=150;pools=25;q=coarse/fine;polish=1;dmax=10; out results/cpp/fig9_gammaw9.8.csv (0 rows already there)
2026-10-09 05:18:37    [fig9 1] alpha=1 beta=15 vopt: Gamma = 119.9662, H_crit = 599.8309 m, mechanism I eta = 0.1273, seed spread 6.4e-14 (7.97 s)
2026-10-09 05:18:41    [fig9 2] alpha=1 beta=15 FE: Gamma = inf (no mechanism with P_gamma + P_u > 0) (3.74 s)
2026-10-09 05:18:52    [fig9 3] alpha=1 beta=20 vopt: Gamma = 19.43897, H_crit = 97.19483 m, mechanism I eta = 0.7546, seed spread 3.6e-15 (11.4 s)
2026-10-09 05:18:56    [fig9 4] alpha=1 beta=20 FE: Gamma = 7.025882, H_crit = 35.12941 m, mechanism I eta = 1, seed spread 3.1e-15, s=upper (3.82 s)
2026-10-09 05:18:57    [fig9 5] alpha=1 beta=25 vopt: Gamma = 5.913788, H_crit = 29.56894 m, mechanism I eta = 1, seed spread 1.6e-15, s=lower (1.32 s)
2026-10-09 05:19:01    [fig9 6] alpha=1 beta=25 FE: Gamma = 3.398398, H_crit = 16.99199 m, mechanism I eta = 1, seed spread 3.6e-15, s=upper (3.79 s)
2026-10-09 05:19:02    [fig9 7] alpha=1 beta=30 vopt: Gamma = 3.584644, H_crit = 17.92322 m, mechanism I eta = 1, seed spread 2.9e-15, s=lower (0.932 s)
2026-10-09 05:19:05    [fig9 8] alpha=1 beta=30 FE: Gamma = 2.336613, H_crit = 11.68306 m, mechanism I eta = 1, seed spread 2.2e-15, s=lower (3.31 s)
2026-10-09 05:19:06    [fig9 9] alpha=1 beta=35 vopt: Gamma = 2.679855, H_crit = 13.39927 m, mechanism I eta = 1, seed spread 2.4e-15, s=upper (1.03 s)
2026-10-09 05:19:10    [fig9 10] alpha=1 beta=35 FE: Gamma = 1.831438, H_crit = 9.15719 m, mechanism I eta = 1, seed spread 8.9e-16, s=lower (3.12 s)
2026-10-09 05:19:11    [fig9 11] alpha=1 beta=37.5 vopt: Gamma = 2.409182, H_crit = 12.04591 m, mechanism I eta = 1, seed spread 6.7e-16, s=upper (0.939 s)
2026-10-09 05:19:14    [fig9 12] alpha=1 beta=37.5 FE: Gamma = 1.664808, H_crit = 8.32404 m, mechanism I eta = 1, seed spread 1.1e-15, s=lower (3.24 s)
2026-10-09 05:19:15    [fig9 13] alpha=1 beta=40 vopt: Gamma = 2.202262, H_crit = 11.01131 m, mechanism I eta = 1, seed spread 8.9e-16, s=lower (0.831 s)
2026-10-09 05:19:18    [fig9 14] alpha=1 beta=40 FE: Gamma = 1.531049, H_crit = 7.655245 m, mechanism I eta = 1, seed spread 1.8e-15, s=upper (3.71 s)
2026-10-09 05:19:19    [fig9 15] alpha=1 beta=45 vopt: Gamma = 1.905672, H_crit = 9.528362 m, mechanism I eta = 1, seed spread 2.4e-15, s=lower (0.907 s)
2026-10-09 05:19:23    [fig9 16] alpha=1 beta=45 FE: Gamma = 1.327222, H_crit = 6.636109 m, mechanism I eta = 1, seed spread 1.3e-15, s=upper (4.01 s)
2026-10-09 05:19:25    [fig9 17] alpha=1 beta=50 vopt: Gamma = 1.701478, H_crit = 8.507389 m, mechanism I eta = 1, seed spread 4.4e-16, s=upper (1.47 s)
2026-10-09 05:19:28    [fig9 18] alpha=1 beta=50 FE: Gamma = 1.176084, H_crit = 5.88042 m, mechanism I eta = 1, seed spread 1.3e-15, s=upper (3.05 s)
2026-10-09 05:19:29    [fig9 19] alpha=1 beta=52.5 vopt: Gamma = 1.62071, H_crit = 8.103549 m, mechanism I eta = 1, seed spread 8.9e-16, s=upper (1.17 s)
2026-10-09 05:19:32    [fig9 20] alpha=1 beta=52.5 FE: Gamma = 1.113236, H_crit = 5.566181 m, mechanism I eta = 1, seed spread 6.7e-16, s=lower (3.16 s)
2026-10-09 05:19:34    [fig9 21] alpha=1 beta=55 vopt: Gamma = 1.549914, H_crit = 7.749568 m, mechanism I eta = 1, seed spread 6.7e-16, s=upper (1.35 s)
2026-10-09 05:19:37    [fig9 22] alpha=1 beta=55 FE: Gamma = 1.056612, H_crit = 5.28306 m, mechanism I eta = 1, seed spread 1.6e-15, s=lower (3.5 s)
2026-10-09 05:19:38    [fig9 23] alpha=1 beta=60 vopt: Gamma = 1.429234, H_crit = 7.146168 m, mechanism I eta = 1, seed spread 1.1e-15, s=lower (1.09 s)
2026-10-09 05:19:42    [fig9 24] alpha=1 beta=60 FE: Gamma = 0.9575139, H_crit = 4.787569 m, mechanism I eta = 1, seed spread 6.7e-16, s=upper (3.15 s)
2026-10-09 05:19:43    [fig9 25] alpha=1 beta=65 vopt: Gamma = 1.321628, H_crit = 6.608142 m, mechanism I eta = 1, seed spread 6.7e-16, s=upper (1.31 s)
2026-10-09 05:19:47    [fig9 26] alpha=1 beta=65 FE: Gamma = 0.8722292, H_crit = 4.361146 m, mechanism I eta = 1, seed spread 4.4e-16, s=upper (3.64 s)
2026-10-09 05:19:48    [fig9 27] alpha=1 beta=67.5 vopt: Gamma = 1.264638, H_crit = 6.32319 m, mechanism I eta = 1, seed spread 1.3e-15, s=lower (1.2 s)
2026-10-09 05:19:51    [fig9 28] alpha=1 beta=67.5 FE: Gamma = 0.8334354, H_crit = 4.167177 m, mechanism I eta = 1, seed spread 1.1e-15, s=upper (3.54 s)
2026-10-09 05:19:53    [fig9 29] alpha=1 beta=70 vopt: Gamma = 1.198903, H_crit = 5.994514 m, mechanism I eta = 1, seed spread 0.94, s=lower (1.53 s)
2026-10-09 05:19:56    [fig9 30] alpha=1 beta=70 FE: Gamma = 0.7966989, H_crit = 3.983495 m, mechanism I eta = 1, seed spread 8.9e-16, s=lower (3.2 s)
2026-10-09 05:19:58    [fig9 31] alpha=1 beta=75 vopt: Gamma = 1.025175, H_crit = 5.125874 m, mechanism I eta = 1, seed spread 1.1e-15, s=upper (1.28 s)
2026-10-09 05:20:00    [fig9 32] alpha=1 beta=75 FE: Gamma = 0.7283178, H_crit = 3.641589 m, mechanism I eta = 1, seed spread 1.1e-15, s=upper (2.74 s)
2026-10-09 05:20:02    [fig9 33] alpha=1 beta=80 vopt: Gamma = 0.7924415, H_crit = 3.962208 m, mechanism I eta = 1, seed spread 2e-15, s=upper (1.57 s)
2026-10-09 05:20:05    [fig9 34] alpha=1 beta=80 FE: Gamma = 0.6653536, H_crit = 3.326768 m, mechanism I eta = 1, seed spread 1.1e-15, s=upper (3.17 s)
2026-10-09 05:20:06    [fig9 35] alpha=1 beta=82.5 vopt: Gamma = 0.7209951, H_crit = 3.604975 m, mechanism I eta = 1, seed spread 6.7e-16, s=lower (0.439 s)
2026-10-09 05:20:09    [fig9 36] alpha=1 beta=82.5 FE: Gamma = 0.6355213, H_crit = 3.177606 m, mechanism I eta = 1, seed spread 6.7e-16, s=upper (3.13 s)
2026-10-09 05:20:10    [fig9 37] alpha=1 beta=85 vopt: Gamma = 0.6785494, H_crit = 3.392747 m, mechanism I eta = 1, seed spread 4.4e-16, s=upper (0.871 s)
2026-10-09 05:20:13    [fig9 38] alpha=1 beta=85 FE: Gamma = 0.6066374, H_crit = 3.033187 m, mechanism I eta = 1, seed spread 3.2, s=lower (3.05 s)
2026-10-09 05:20:14    [fig9 39] alpha=1 beta=90 vopt: Gamma = 0.6015383, H_crit = 3.007691 m, mechanism I eta = 1, seed spread 3.1e-15, s=upper (0.757 s)
2026-10-09 05:20:17    [fig9 40] alpha=1 beta=90 FE: Gamma = 0.5513712, H_crit = 2.756856 m, mechanism I eta = 1, seed spread 5.3, s=lower (3.03 s)
2026-10-09 05:20:17    [fig9 41] alpha=5 beta=15 vopt: Gamma = inf (no mechanism with P_gamma + P_u > 0) (0.793 s)
2026-10-09 05:20:22    [fig9 42] alpha=5 beta=15 FE: Gamma = inf (no mechanism with P_gamma + P_u > 0) (4.28 s)
2026-10-09 05:20:23    [fig9 43] alpha=5 beta=20 vopt: Gamma = inf (no mechanism with P_gamma + P_u > 0) (0.777 s)
2026-10-09 05:20:30    [fig9 44] alpha=5 beta=20 FE: Gamma = 17.30389, H_crit = 86.51947 m, mechanism II d/H = 0.6618, seed spread 0.00044 (6.93 s)
2026-10-09 05:20:43    [fig9 45] alpha=5 beta=25 vopt: Gamma = 18.50022, H_crit = 92.50108 m, mechanism I eta = 1, seed spread 1.9e-14, s=lower (13.1 s)
2026-10-09 05:20:46    [fig9 46] alpha=5 beta=25 FE: Gamma = 5.938448, H_crit = 29.69224 m, mechanism II d/H = 0.5505, seed spread 9.5e-06 (3.65 s)
2026-10-09 05:20:47    [fig9 47] alpha=5 beta=30 vopt: Gamma = 6.861548, H_crit = 34.30774 m, mechanism I eta = 1, seed spread 1.3e-15, s=lower (0.887 s)
2026-10-09 05:20:51    [fig9 48] alpha=5 beta=30 FE: Gamma = 3.792673, H_crit = 18.96336 m, mechanism I eta = 1, seed spread 3.6e-15, s=lower (3.31 s)
2026-10-09 05:20:52    [fig9 49] alpha=5 beta=35 vopt: Gamma = 4.344212, H_crit = 21.72106 m, mechanism I eta = 1, seed spread 2.4e-15, s=lower (1.08 s)
2026-10-09 05:20:55    [fig9 50] alpha=5 beta=35 FE: Gamma = 2.78527, H_crit = 13.92635 m, mechanism I eta = 1, seed spread 5.6e-15, s=upper (3.37 s)
2026-10-09 05:20:56    [fig9 51] alpha=5 beta=37.5 vopt: Gamma = 3.721016, H_crit = 18.60508 m, mechanism I eta = 1, seed spread 1.3e-15, s=lower (1.14 s)
2026-10-09 05:21:00    [fig9 52] alpha=5 beta=37.5 FE: Gamma = 2.468501, H_crit = 12.34251 m, mechanism I eta = 1, seed spread 2.2e-15, s=upper (3.15 s)
2026-10-09 05:21:01    [fig9 53] alpha=5 beta=40 vopt: Gamma = 3.277618, H_crit = 16.38809 m, mechanism I eta = 1, seed spread 1.1e-15, s=lower (1.05 s)
2026-10-09 05:21:04    [fig9 54] alpha=5 beta=40 FE: Gamma = 2.219269, H_crit = 11.09634 m, mechanism I eta = 1, seed spread 2.4e-15, s=lower (3.07 s)
2026-10-09 05:21:05    [fig9 55] alpha=5 beta=45 vopt: Gamma = 2.683997, H_crit = 13.41998 m, mechanism I eta = 1, seed spread 2e-15, s=upper (0.967 s)
2026-10-09 05:21:08    [fig9 56] alpha=5 beta=45 FE: Gamma = 1.847697, H_crit = 9.238484 m, mechanism I eta = 1, seed spread 2.4e-15, s=upper (3.69 s)
2026-10-09 05:21:10    [fig9 57] alpha=5 beta=50 vopt: Gamma = 2.29561, H_crit = 11.47805 m, mechanism I eta = 1, seed spread 1.8e-15, s=upper (1.26 s)
2026-10-09 05:21:13    [fig9 58] alpha=5 beta=50 FE: Gamma = 1.579389, H_crit = 7.896944 m, mechanism I eta = 1, seed spread 8.9e-16, s=lower (3.04 s)
2026-10-09 05:21:14    [fig9 59] alpha=5 beta=52.5 vopt: Gamma = 2.143773, H_crit = 10.71887 m, mechanism I eta = 1, seed spread 1.3e-15, s=upper (1.33 s)
2026-10-09 05:21:17    [fig9 60] alpha=5 beta=52.5 FE: Gamma = 1.470036, H_crit = 7.350182 m, mechanism I eta = 1, seed spread 1.1e-15, s=lower (3.1 s)
2026-10-09 05:21:18    [fig9 61] alpha=5 beta=55 vopt: Gamma = 2.010254, H_crit = 10.05127 m, mechanism I eta = 1, seed spread 6.7e-16, s=upper (1.02 s)
2026-10-09 05:21:22    [fig9 62] alpha=5 beta=55 FE: Gamma = 1.373038, H_crit = 6.865189 m, mechanism I eta = 1, seed spread 1.3e-15, s=upper (3.38 s)
2026-10-09 05:21:23    [fig9 63] alpha=5 beta=60 vopt: Gamma = 1.780115, H_crit = 8.900577 m, mechanism I eta = 1, seed spread 2e-15, s=upper (1.18 s)
2026-10-09 05:21:26    [fig9 64] alpha=5 beta=60 FE: Gamma = 1.207301, H_crit = 6.036505 m, mechanism I eta = 1, seed spread 1.8e-15, s=lower (2.99 s)
2026-10-09 05:21:27    [fig9 65] alpha=5 beta=65 vopt: Gamma = 1.579394, H_crit = 7.896968 m, mechanism I eta = 1, seed spread 8.9e-16, s=lower (1.12 s)
2026-10-09 05:21:30    [fig9 66] alpha=5 beta=65 FE: Gamma = 1.069763, H_crit = 5.348816 m, mechanism I eta = 1, seed spread 1, s=lower (2.96 s)
2026-10-09 05:21:32    [fig9 67] alpha=5 beta=67.5 vopt: Gamma = 1.485189, H_crit = 7.425946 m, mechanism I eta = 1, seed spread 1.1e-15, s=upper (1.35 s)
2026-10-09 05:21:35    [fig9 68] alpha=5 beta=67.5 FE: Gamma = 1.009026, H_crit = 5.045132 m, mechanism I eta = 1, seed spread 1.6e-15, s=lower (3.27 s)
2026-10-09 05:21:36    [fig9 69] alpha=5 beta=70 vopt: Gamma = 1.393548, H_crit = 6.96774 m, mechanism I eta = 1, seed spread 8.9e-16, s=lower (1.29 s)
2026-10-09 05:21:39    [fig9 70] alpha=5 beta=70 FE: Gamma = 0.9526341, H_crit = 4.763171 m, mechanism I eta = 1, seed spread 1.3e-15, s=upper (3.08 s)
2026-10-09 05:21:40    [fig9 71] alpha=5 beta=75 vopt: Gamma = 1.216018, H_crit = 6.080091 m, mechanism I eta = 1, seed spread 4.4e-16, s=upper (1 s)
2026-10-09 05:21:43    [fig9 72] alpha=5 beta=75 FE: Gamma = 0.8509026, H_crit = 4.254513 m, mechanism I eta = 1, seed spread 4.4e-16, s=upper (2.85 s)
2026-10-09 05:21:44    [fig9 73] alpha=5 beta=80 vopt: Gamma = 1.046155, H_crit = 5.230773 m, mechanism I eta = 1, seed spread 0, s=lower (1.06 s)
2026-10-09 05:21:47    [fig9 74] alpha=5 beta=80 FE: Gamma = 0.7610654, H_crit = 3.805327 m, mechanism I eta = 1, seed spread 1.6e-15, s=lower (2.81 s)
2026-10-09 05:21:48    [fig9 75] alpha=5 beta=82.5 vopt: Gamma = 0.9646833, H_crit = 4.823416 m, mechanism I eta = 1, seed spread 8.9e-16, s=lower (1.14 s)
2026-10-09 05:21:51    [fig9 76] alpha=5 beta=82.5 FE: Gamma = 0.7198191, H_crit = 3.599095 m, mechanism I eta = 1, seed spread 2.2e-16, s=lower (3.01 s)
2026-10-09 05:21:53    [fig9 77] alpha=5 beta=85 vopt: Gamma = 0.8858032, H_crit = 4.429016 m, mechanism I eta = 1, seed spread 1.6e-15, s=lower (1.29 s)
2026-10-09 05:21:55    [fig9 78] alpha=5 beta=85 FE: Gamma = 0.6806905, H_crit = 3.403452 m, mechanism I eta = 1, seed spread 3.2, s=lower (2.81 s)
2026-10-09 05:22:10    [fig9 79] alpha=5 beta=90 vopt: Gamma = 0.735661, H_crit = 3.678305 m, mechanism I eta = 1, seed spread 6.7e-16, s=upper (14.2 s)
2026-10-09 05:22:13    [fig9 80] alpha=5 beta=90 FE: Gamma = 0.6080096, H_crit = 3.040048 m, mechanism I eta = 1, seed spread 4.4e-16, s=upper (3.16 s)
2026-10-09 05:22:14    [fig9 81] alpha=10 beta=15 vopt: Gamma = inf (no mechanism with P_gamma + P_u > 0) (0.698 s)
2026-10-09 05:22:18    [fig9 82] alpha=10 beta=15 FE: Gamma = inf (no mechanism with P_gamma + P_u > 0) (4.17 s)
2026-10-09 05:22:19    [fig9 83] alpha=10 beta=20 vopt: Gamma = inf (no mechanism with P_gamma + P_u > 0) (0.952 s)
2026-10-09 05:22:32    [fig9 84] alpha=10 beta=20 FE: Gamma = 38.94269, H_crit = 194.7135 m, mechanism II d/H = 0.9841, seed spread 0.012 (12.9 s)
2026-10-09 05:22:43    [fig9 85] alpha=10 beta=25 vopt: Gamma = 50.88173, H_crit = 254.4086 m, mechanism I eta = 1, seed spread 0.3, s=lower (11.4 s)
2026-10-09 05:22:48    [fig9 86] alpha=10 beta=25 FE: Gamma = 7.572877, H_crit = 37.86439 m, mechanism II d/H = 0.8208, seed spread 0.0002 (4.23 s)
2026-10-09 05:22:49    [fig9 87] alpha=10 beta=30 vopt: Gamma = 8.826194, H_crit = 44.13097 m, mechanism I eta = 1, seed spread 3.6e-15, s=lower (1.18 s)
2026-10-09 05:22:53    [fig9 88] alpha=10 beta=30 FE: Gamma = 4.709005, H_crit = 23.54502 m, mechanism II d/H = 0.7342, seed spread 6.2e-15 (4.13 s)
2026-10-09 05:22:54    [fig9 89] alpha=10 beta=35 vopt: Gamma = 4.999405, H_crit = 24.99703 m, mechanism I eta = 1, seed spread 3.3e-15, s=lower (1.02 s)
2026-10-09 05:22:58    [fig9 90] alpha=10 beta=35 FE: Gamma = 3.539608, H_crit = 17.69804 m, mechanism I eta = 1, seed spread 0.037, s=lower (3.73 s)
2026-10-09 05:22:59    [fig9 91] alpha=10 beta=37.5 vopt: Gamma = 4.17869, H_crit = 20.89345 m, mechanism I eta = 1, seed spread 8.9e-16, s=lower (1.29 s)
2026-10-09 05:23:03    [fig9 92] alpha=10 beta=37.5 FE: Gamma = 3.039268, H_crit = 15.19634 m, mechanism I eta = 1, seed spread 3.6e-15, s=upper (3.73 s)
2026-10-09 05:23:04    [fig9 93] alpha=10 beta=40 vopt: Gamma = 3.619793, H_crit = 18.09897 m, mechanism I eta = 1, seed spread 1.3e-15, s=lower (1.02 s)
2026-10-09 05:23:07    [fig9 94] alpha=10 beta=40 FE: Gamma = 2.662912, H_crit = 13.31456 m, mechanism I eta = 1, seed spread 6.7e-16, s=upper (3.51 s)
2026-10-09 05:23:09    [fig9 95] alpha=10 beta=45 vopt: Gamma = 2.898432, H_crit = 14.49216 m, mechanism I eta = 1, seed spread 2e-15, s=lower (1.24 s)
2026-10-09 05:23:12    [fig9 96] alpha=10 beta=45 FE: Gamma = 2.13057, H_crit = 10.65285 m, mechanism I eta = 1, seed spread 6.7e-16, s=upper (3.63 s)
2026-10-09 05:23:14    [fig9 97] alpha=10 beta=50 vopt: Gamma = 2.437745, H_crit = 12.18873 m, mechanism I eta = 1, seed spread 2.4e-15, s=upper (1.28 s)
2026-10-09 05:23:17    [fig9 98] alpha=10 beta=50 FE: Gamma = 1.768845, H_crit = 8.844223 m, mechanism I eta = 1, seed spread 1.6e-15, s=lower (2.91 s)
2026-10-09 05:23:18    [fig9 99] alpha=10 beta=52.5 vopt: Gamma = 2.258806, H_crit = 11.29403 m, mechanism I eta = 1, seed spread 8.9e-16, s=upper (1.08 s)
2026-10-09 05:23:21    [fig9 100] alpha=10 beta=52.5 FE: Gamma = 1.627077, H_crit = 8.135383 m, mechanism I eta = 1, seed spread 1.3e-15, s=lower (3.57 s)
2026-10-09 05:23:23    [fig9 101] alpha=10 beta=55 vopt: Gamma = 2.101817, H_crit = 10.50909 m, mechanism I eta = 1, seed spread 2.2e-15, s=upper (1.43 s)
2026-10-09 05:23:26    [fig9 102] alpha=10 beta=55 FE: Gamma = 1.504205, H_crit = 7.521027 m, mechanism I eta = 1, seed spread 4.4e-16, s=upper (2.9 s)
2026-10-09 05:23:27    [fig9 103] alpha=10 beta=60 vopt: Gamma = 1.833193, H_crit = 9.165966 m, mechanism I eta = 1, seed spread 2.2e-16, s=upper (1.38 s)
2026-10-09 05:23:30    [fig9 104] alpha=10 beta=60 FE: Gamma = 1.300459, H_crit = 6.502294 m, mechanism I eta = 1, seed spread 1.1e-15, s=lower (2.91 s)
2026-10-09 05:23:31    [fig9 105] alpha=10 beta=65 vopt: Gamma = 1.60488, H_crit = 8.024401 m, mechanism I eta = 1, seed spread 6.7e-16, s=lower (1.14 s)
2026-10-09 05:23:35    [fig9 106] alpha=10 beta=65 FE: Gamma = 1.137227, H_crit = 5.686137 m, mechanism I eta = 1, seed spread 1.1, s=lower (3.57 s)
2026-10-09 05:23:36    [fig9 107] alpha=10 beta=67.5 vopt: Gamma = 1.501352, H_crit = 7.506761 m, mechanism I eta = 1, seed spread 1.1e-15, s=lower (1.1 s)
2026-10-09 05:23:39    [fig9 108] alpha=10 beta=67.5 FE: Gamma = 1.066773, H_crit = 5.333863 m, mechanism I eta = 1, seed spread 1.8e-15, s=upper (3.34 s)
2026-10-09 05:23:40    [fig9 109] alpha=10 beta=70 vopt: Gamma = 1.403496, H_crit = 7.017482 m, mechanism I eta = 1, seed spread 1.3e-15, s=upper (1.13 s)
2026-10-09 05:23:44    [fig9 110] alpha=10 beta=70 FE: Gamma = 1.0022, H_crit = 5.010999 m, mechanism I eta = 1, seed spread 1.4, s=lower (3.11 s)
2026-10-09 05:23:45    [fig9 111] alpha=10 beta=75 vopt: Gamma = 1.222346, H_crit = 6.11173 m, mechanism I eta = 1, seed spread 6.7e-16, s=upper (1.41 s)
2026-10-09 05:23:48    [fig9 112] alpha=10 beta=75 FE: Gamma = 0.8877175, H_crit = 4.438588 m, mechanism I eta = 1, seed spread 4.4e-16, s=upper (2.69 s)
2026-10-09 05:23:49    [fig9 113] alpha=10 beta=80 vopt: Gamma = 1.058532, H_crit = 5.292661 m, mechanism I eta = 1, seed spread 1.1e-15, s=lower (1.31 s)
2026-10-09 05:23:52    [fig9 114] alpha=10 beta=80 FE: Gamma = 0.7886056, H_crit = 3.943028 m, mechanism I eta = 1, seed spread 6.7e-16, s=upper (3.23 s)
2026-10-09 05:23:54    [fig9 115] alpha=10 beta=82.5 vopt: Gamma = 0.9828407, H_crit = 4.914203 m, mechanism I eta = 1, seed spread 1.1e-15, s=upper (1.34 s)
2026-10-09 05:23:57    [fig9 116] alpha=10 beta=82.5 FE: Gamma = 0.7436792, H_crit = 3.718396 m, mechanism I eta = 1, seed spread 1.1e-15, s=upper (3.19 s)
2026-10-09 05:23:58    [fig9 117] alpha=10 beta=85 vopt: Gamma = 0.9112531, H_crit = 4.556266 m, mechanism I eta = 1, seed spread 1.6e-15, s=upper (1.04 s)
2026-10-09 05:24:01    [fig9 118] alpha=10 beta=85 FE: Gamma = 0.7013745, H_crit = 3.506873 m, mechanism I eta = 1, seed spread 8.9e-16, s=upper (2.72 s)
2026-10-09 05:24:10    [fig9 119] alpha=10 beta=90 vopt: Gamma = 0.7801479, H_crit = 3.900739 m, mechanism I eta = 1, seed spread 2e-15, s=upper (9.63 s)
2026-10-09 05:24:15    [fig9 120] alpha=10 beta=90 FE: Gamma = 0.6235577, H_crit = 3.117788 m, mechanism I eta = 1, seed spread 1.3e-15, s=upper (4.54 s)
2026-10-09 05:24:15  fig9: 120 limit analyses run (7 with Gamma = inf), 0 already in results/cpp/fig9_gammaw9.8.csv, 346.2 s
