[adapt] nível 0: 1742 equações, Gamma = 1.64656; dividindo 25 + 17 elementos (4.10099 s)
inserting uniform refpattern: quadrilateral
inserting uniform refpattern: line
[adapt] nível 1: 2742 equações, Gamma = 1.50349; dividindo 59 + 35 elementos (6.96878 s)
[MC] malha mecânica: 4962 equações, 5472 pontos de integração
[KL] lido de kl_H5_b4500_Lx20_Ly2_h1.bin: 871 modos
[KL] 871 equações, M = 871, ε_M = 0.036072 (0.016396 s)
[KL] variância truncada nos pontos de integração: média 0.965429, mínima 0.923879 (compensada)
[MC] percolacao (mc), medida = gamma, amostras 0..99, CoV(c) = 0.1, CoV(phi) = 0.1, CoV(kv) = 0.6, Lx = 20, Ly = 2 -> covc10_parte0.csv
  amostra 0: fator = 1.73462 (13.0915 s), Pf parcial = 0
  amostra 10: fator = 1.72473 (14.1315 s), Pf parcial = 0
  amostra 20: fator = 1.49237 (15.052 s), Pf parcial = 0
  amostra 30: fator = 1.21167 (12.263 s), Pf parcial = 0
  amostra 40: fator = 1.21387 (10.3784 s), Pf parcial = 0
  amostra 50: fator = 1.49237 (14.1644 s), Pf parcial = 0
  amostra 60: fator = 1.27979 (8.09388 s), Pf parcial = 0
  amostra 70: fator = 1.7478 (9.49615 s), Pf parcial = 0
  amostra 80: fator = 1.36218 (7.44821 s), Pf parcial = 0
  amostra 90: fator = 1.12378 (6.06425 s), Pf parcial = 0
[MC] 100 amostras: média 1.47667, desvio 0.234685, Pf = 0 (tempo 1136.59 s)
