inserting uniform refpattern: quadrilateral
inserting uniform refpattern: line
[adapt] nível 0: 854 equações, Gamma = 2.13847; dividindo 15 + 14 elementos (lido de malha_cho_cphi_h2_ece79057.malha)
[adapt] nível 1: 1542 equações, Gamma = 1.89735; dividindo 38 + 32 elementos (lido de malha_cho_cphi_h2_ece79057.malha)
[adapt] nível 2: 3194 equações, Gamma = 1.80878; dividindo 109 + 66 elementos (lido de malha_cho_cphi_h2_ece79057.malha)
[adapt] nível 3: 7290 equações, Gamma = 1.77417; dividindo 298 + 122 elementos (13.5595 s)
[adapt] malha adaptada (4 níveis) gravada em malha_cho_cphi_h2_ece79057.malha

=== cho_cphi (mc): H = 10 m, beta = 45 graus, crista 10 m, pe 10 m, base 5 m abaixo do pe (dominio 30 x 15 m), h = 2 m, quadrilateros
    c = 10 kPa, phi = 30 graus, gamma = 20
    17138 equacoes, 19593 pontos de integracao
**
**
**
**
**
**
**
**
**
**
**
**
**
**
**
**
**
**
**
**
**
**
**
**
**
**
**
**
**
**
**
**
**
**
**
**
**
**
**
**
**
**
**
**
**
**
**
**
**
**
**
**
**
**
**
**
**
**
**
**
**
**
**
**
**
**
**
**
**
**
**
**
**
**
**
**
**
**
**
**
**
**
**
**
**
**
**
**
**
**
**
**
**
**
**
**
**
**
**
**
**
**
**
**
**
**
**
**
**
**
**
**
**
**
**
**
**
**
**
**
**
**
**
**
**
**
**
**
**
**
**
**
**
**
**
**
**
**
**
**
**
**
**
**
**
**
**
**
**
**
**
**
**
**
**
**
**
**
**
**
**
**
**
**
**
**
**
**
**
**
**
**
**
**
**
**
    Gamma (fator de carga) = 1.76428 (colapso em 1.77417; 11 passos, 156 it., 8 cortes, 161.483 s) ok
**
**
**
**
**
**
**
**
**
**
**
**
**
**
**
**
**
**
**
**
**
**
**
**
**
**
**
**
**
**
**
**
**
**
**
**
**
**
**
**
**
**
**
**
**
**
**
**
**
**
**
**
**
**
**
**
**
**
**
**
**
**
**
**
**
**
**
**
**
**
**
**
**
**
**
**
**
**
**
**
**
**
**
**
**
**
**
**
**
**
**
**
**
**
**
**
**
**
**
**
**
**
**
**
**
**
**
**
**
**
**
**
**
**
**
**
**
**
**
**
**
**
**
**
**
**
**
**
**
**
**
**
**
**
**
**
**
**
**
**
**
**
**
**
**
**
**
**
**
**
**
**
**
**
**
**
**
**
**
**
**
**
**
**
**
**
**
**
**
**
**
**
**
**
**
**
**
**
**
**
**
**
**
**
**
**
**
**
**
**
**
    FS (reducao de resistencia) = 1.202 (colapso em 1.21034; 11 passos, 171 it., 10 cortes, 175.799 s) ok
    tempo total 337.387 s
