inserting uniform refpattern: quadrilateral
inserting uniform refpattern: line
[adapt] nível 0: 2162 equações, Gamma = 1.34735; dividindo 144 + 42 elementos (lido de malha_cho_coesivo_h1_e20c1d24.malha)
[adapt] nível 1: 6666 equações, Gamma = 1.33183; dividindo 354 + 121 elementos (7.4201 s)
[adapt] malha adaptada (2 níveis) gravada em malha_cho_coesivo_h1_e20c1d24.malha

=== cho_coesivo (mc): H = 5 m, beta = 26.5651 graus, crista 10 m, pe 10 m, base 5 m abaixo do pe (dominio 30 x 10 m), h = 1 m, quadrilateros
    c = 23 kPa, phi = 0 graus, gamma = 20
    18014 equacoes, 20097 pontos de integracao
**
**
**
**
**
**
**
**
**
**
**
**
**
**
**
**
**
**
**
**
**
**
**
**
**
**
**
**
**
**
**
**
**
**
**
**
**
**
**
**
**
**
**
**
**
**
**
**
**
**
**
**
**
**
**
**
**
**
**
**
**
**
**
**
**
**
**
**
**
**
**
**
**
**
**
**
**
**
**
**
**
**
**
**
**
**
**
**
**
**
**
**
**
**
**
**
**
**
**
**
**
**
**
**
**
**
**
**
**
**
**
**
**
**
**
**
**
**
**
**
**
**
**
**
**
**
**
**
**
**
**
**
**
**
**
**
**
**
**
**
**
**
**
**
**
**
**
**
**
**
**
**
**
**
**
**
**
**
**
**
**
**
**
**
**
**
**
**
**
**
**
**
**
**
**
**
**
**
**
**
**
**
**
**
**
**
**
**
**
**
**
**
**
**
**
**
**
**
**
**
    Gamma (fator de carga) = 1.3254 (colapso em 1.33431; 14 passos, 171 it., 14 cortes, 50.4755 s) ok
**
**
**
**
**
**
**
**
**
**
**
**
**
**
**
**
**
**
**
**
**
**
**
**
**
**
**
**
**
**
**
**
**
**
**
**
**
**
**
**
**
**
**
**
**
**
**
**
**
**
**
**
**
**
**
**
**
**
**
**
**
**
**
**
**
**
**
**
**
**
**
**
**
**
**
**
**
**
**
**
**
**
**
**
**
**
**
**
**
**
**
**
**
**
**
**
**
**
**
**
**
**
**
**
**
**
**
**
**
**
**
**
**
**
**
**
**
**
**
**
**
**
**
**
**
**
**
**
**
**
**
**
**
**
**
**
**
**
**
**
**
**
**
**
**
**
**
**
**
**
**
**
**
**
**
    FS (reducao de resistencia) = 1.33211 (colapso em 1.33915; 11 passos, 132 it., 12 cortes, 39.3121 s) ok
    tempo total 89.9351 s
