[adapt] nível 0: 1742 equações, Gamma = 1.66046; dividindo 25 + 17 elementos (1.14934 s)
inserting uniform refpattern: quadrilateral
inserting uniform refpattern: line
[adapt] nível 1: 2742 equações, Gamma = 1.5072; dividindo 58 + 36 elementos (2.0704 s)
[adapt] nível 2: 4962 equações, Gamma = 1.43799; dividindo 131 + 73 elementos (4.48586 s)
[adapt] malha adaptada (3 níveis) gravada em malha_percolacao_h1_430451eb.malha

=== percolacao (mc): H = 5 m, beta = 45 graus, crista 10 m, pe 10 m, base 5 m abaixo do pe (dominio 25 x 10 m), h = 1 m, quadrilateros
    c = 10 kPa, phi = 30 graus, gamma = 20 (forca de corpo gamma'), percolacao hw = 5.000000
    9754 equacoes, 10980 pontos de integracao
*
    funcional hidraulico J(u_FE)/(kh H^2 gw^2) = 0.307273
*
*
*
*
*
*
*
*
*
*
*
*
*
*
*
*
*
*
*
*
*
*
*
*
*
*
*
*
*
*
*
*
*
*
*
*
*
*
*
*
*
*
*
*
*
*
*
*
*
*
*
*
*
*
*
*
*
*
*
*
*
*
*
*
*
*
*
*
*
*
*
    Gamma (fator de carga) = 1.39844 (colapso em 1.41162; 4 passos, 59 it., 7 cortes, 11.9192 s) ok
*
*
*
*
*
*
*
*
*
*
*
*
*
*
*
*
*
*
*
*
*
*
*
*
*
*
*
*
*
*
*
*
*
*
*
*
*
*
*
*
*
*
*
*
*
*
*
*
*
*
*
*
*
*
*
*
*
*
*
*
*
*
*
*
*
*
*
*
*
*
*
*
*
*
*
*
*
*
*
*
    FS (reducao de resistencia) = 1.2019 (colapso em 1.21179; 5 passos, 67 it., 8 cortes, 14.6184 s) ok
    tempo total 26.9237 s
