inserting uniform refpattern: quadrilateral
inserting uniform refpattern: line
[adapt] nível 0: 1742 equações, Gamma = 1.64893; dividindo 22 + 18 elementos (lido de malha_percolacao_h1_7e393a05.malha)
[adapt] nível 1: 2694 equações, Gamma = 1.53687; dividindo 59 + 35 elementos (lido de malha_percolacao_h1_7e393a05.malha)
[adapt] nível 2: 4914 equações, Gamma = 1.45282; dividindo 125 + 75 elementos (4.68957 s)
*
*
*
*
*
*
*
*
*
*
*
*
*
*
*
*
*
*
*
*
*
*
*
*
*
*
*
*
*
*
*
*
*
*
*
*
*
*
*
*
*
*
*
*
*
*
*
*
*
*
*
*
*
*
*
*
*
*
*
*
*
*
*
*
*
*
*
*
*
*
*
*
*
*
*
*
*
*
*
*
*
*
*
*
*
*
*
*
*
*
*
*
*
[adapt] nível 3: 9602 equações, Gamma = 1.4248; dividindo 337 + 151 elementos (15.1143 s)
void TPZAnalysis::SetCompMeshInit(TPZCompMesh*, bool) optimizing bandwidth
void TPZAnalysis::SetCompMeshInit(TPZCompMesh*, bool) optimizing bandwidth finished
**
**
**
**
**
**
**
**
**
**
**
**
**
**
**
**
**
**
**
**
**
**
**
**
**
**
**
**
**
**
**
**
**
**
**
**
**
**
**
**
**
**
**
**
**
**
**
**
**
**
**
**
**
**
**
**
**
**
**
**
**
**
**
**
**
**
**
**
**
**
**
**
**
**
**
**
**
**
**
**
**
**
**
**
**
**
**
**
**
**
**
**
**
**
**
**
[adapt] nível 4: 21054 equações, Gamma = 1.39844; dividindo 674 + 214 elementos (114.1 s)
[adapt] malha adaptada (5 níveis) gravada em malha_percolacao_h1_7e393a05.malha

=== percolacao (mc): H = 5 m, beta = 45 graus, crista 10 m, pe 10 m, base 5 m abaixo do pe (dominio 25 x 10 m), h = 1 m, quadrilateros
    c = 10 kPa, phi = 30 graus, gamma = 20 (forca de corpo gamma'), percolacao hw = 5.000000
void TPZAnalysis::SetCompMeshInit(TPZCompMesh*, bool) optimizing bandwidth
void TPZAnalysis::SetCompMeshInit(TPZCompMesh*, bool) optimizing bandwidth finished
    41946 equacoes, 47970 pontos de integracao
void TPZAnalysis::SetCompMeshInit(TPZCompMesh*, bool) optimizing bandwidth
void TPZAnalysis::SetCompMeshInit(TPZCompMesh*, bool) optimizing bandwidth finished
*****
    funcional hidraulico J(u_FE)/(kh H^2 gw^2) = 0.307263
*****
*****
*****
*****
*****
*****
*****
*****
*****
*****
*****
*****
*****
*****
*****
*****
*****
*****
*****
*****
*****
*****
*****
*****
*****
*****
*****
*****
*****
*****
*****
*****
*****
*****
*****
*****
*****
*****
*****
*****
*****
*****
*****
*****
*****
*****
*****
*****
*****
*****
*****
*****
*****
*****
*****
*****
*****
*****
*****
*****
*****
*****
*****
*****
*****
*****
*****
*****
*****
*****
*****
*****
*****
*****
*****
*****
*****
*****
*****
*****
*****
*****
*****
*****
*****
*****
*****
*****
*****
*****
*****
*****
*****
*****
*****
*****
*****
*****
*****
*****
*****
*****
*****
*****
*****
*****
*****
*****
*****
*****
*****
*****
*****
*****
*****
    Gamma (fator de carga) = 1.39844 (colapso em 1.40723; 6 passos, 101 it., 7 cortes, 980.135 s) ok
*****
*****
*****
*****
*****
*****
*****
*****
*****
*****
*****
*****
*****
*****
*****
*****
*****
*****
*****
*****
*****
*****
*****
*****
*****
*****
*****
*****
*****
*****
*****
*****
*****
*****
*****
*****
*****
*****
*****
*****
*****
*****
*****
*****
*****
*****
*****
*****
*****
*****
*****
*****
*****
*****
*****
*****
*****
*****
*****
*****
*****
*****
*****
*****
*****
*****
*****
*****
*****
*****
*****
*****
*****
*****
*****
*****
*****
*****
*****
*****
*****
*****
*****
*****
*****
*****
*****
*****
*****
*****
*****
*****
*****
*****
*****
*****
*****
*****
*****
*****
*****
*****
*****
    FS (reducao de resistencia) = 1.2041 (colapso em 1.21289; 6 passos, 90 it., 7 cortes, 871.4 s) ok
    tempo total 1854.59 s
