inserting uniform refpattern: quadrilateral
inserting uniform refpattern: line
[adapt] nível 0: 1742 equações, Gamma = 1.64893; dividindo 22 + 18 elementos (lido de malha_percolacao_h1_7e393a05.malha)
[adapt] nível 1: 2694 equações, Gamma = 1.53687; dividindo 59 + 35 elementos (1.52492 s)
[adapt] nível 2: 4914 equações, Gamma = 1.45282; dividindo 125 + 75 elementos (4.93371 s)
*
*
*
*
*
*
*
*
*
*
*
*
*
*
*
*
*
*
*
*
*
*
*
*
*
*
*
*
*
*
*
*
*
*
*
*
*
*
*
*
*
*
*
*
*
*
*
*
*
*
*
*
*
*
*
*
*
*
*
*
*
*
*
*
*
*
*
*
*
*
*
*
*
*
*
*
*
*
*
*
*
*
*
*
*
*
*
*
*
*
*
*
*
[adapt] nível 3: 9602 equações, Gamma = 1.4248; dividindo 337 + 151 elementos (15.2076 s)
[adapt] malha adaptada (4 níveis) gravada em malha_percolacao_h1_7e393a05.malha

=== percolacao (mc): H = 5 m, beta = 45 graus, crista 10 m, pe 10 m, base 5 m abaixo do pe (dominio 25 x 10 m), h = 1 m, quadrilateros
    c = 10 kPa, phi = 30 graus, gamma = 20 (forca de corpo gamma'), percolacao hw = 5.000000
void TPZAnalysis::SetCompMeshInit(TPZCompMesh*, bool) optimizing bandwidth
void TPZAnalysis::SetCompMeshInit(TPZCompMesh*, bool) optimizing bandwidth finished
    21054 equacoes, 23994 pontos de integracao
**
    funcional hidraulico J(u_FE)/(kh H^2 gw^2) = 0.307265
**
**
**
**
**
**
**
**
**
**
**
**
**
**
**
**
**
**
**
**
**
**
**
**
**
**
**
**
**
**
**
**
**
**
**
**
**
**
**
**
**
**
**
**
**
**
**
**
**
**
**
**
**
**
**
**
**
**
**
**
**
**
**
**
**
**
**
**
**
**
**
**
**
**
**
**
**
**
**
**
**
**
**
**
**
**
**
**
**
**
**
**
**
**
**
    Gamma (fator de carga) = 1.39844 (colapso em 1.41162; 5 passos, 82 it., 7 cortes, 113.098 s) ok
**
**
**
**
**
**
**
**
**
**
**
**
**
**
**
**
**
**
**
**
**
**
**
**
**
**
**
**
**
**
**
**
**
**
**
**
**
**
**
**
**
**
**
**
**
**
**
**
**
**
**
**
**
**
**
**
**
**
**
**
**
**
**
**
**
**
**
**
**
**
**
**
**
**
**
**
**
**
**
**
**
**
**
**
    FS (reducao de resistencia) = 1.13086 (colapso em 1.13965; 4 passos, 73 it., 7 cortes, 102.495 s) ok
    tempo total 216.485 s
