[adapt] nível 0: 6682 equações, Gamma = 1.52698; dividindo 59 + 35 elementos (6.96475 s)
inserting uniform refpattern: quadrilateral
inserting uniform refpattern: line
[adapt] malha adaptada (1 níveis) gravada em malha_percolacao_h0.5_08bc3a73.malha

=== percolacao (mc): H = 5 m, beta = 45 graus, crista 10 m, pe 10 m, base 5 m abaixo do pe (dominio 25 x 10 m), h = 0.5 m, quadrilateros
    c = 10 kPa, phi = 30 graus, gamma = 20 (forca de corpo gamma'), percolacao hw = 5.000000
    8902 equacoes, 9738 pontos de integracao
*
    funcional hidraulico J(u_FE)/(kh H^2 gw^2) = 0.307295
*
*
*
*
*
*
*
*
*
*
*
*
*
*
*
*
*
*
*
*
*
*
*
*
*
*
*
*
*
*
*
*
*
*
*
*
*
*
*
*
*
*
*
*
*
*
*
*
*
*
*
*
*
*
*
*
*
*
*
*
*
*
*
*
*
*
*
*
*
*
*
*
*
*
*
*
*
*
*
*
*
*
*
    Gamma (fator de carga) = 1.45117 (colapso em 1.46436; 5 passos, 70 it., 7 cortes, 7.54043 s) ok
*
*
*
*
*
*
*
*
*
*
*
*
*
*
*
*
*
*
*
*
*
*
*
*
*
*
*
*
*
*
*
*
*
*
*
*
*
*
*
*
*
*
*
*
*
*
*
*
*
*
*
*
*
*
*
*
*
*
*
*
*
*
*
*
*
*
*
*
*
*
*
*
*
*
*
*
*
*
*
*
*
*
    FS (reducao de resistencia) = 1.22168 (colapso em 1.23157; 5 passos, 69 it., 8 cortes, 7.26753 s) ok
    tempo total 15.1974 s
