inserting uniform refpattern: quadrilateral
inserting uniform refpattern: line
[adapt] nível 0: 6682 equações, Gamma = 1.52698; dividindo 59 + 35 elementos (lido de malha_percolacao_h0.5_08bc3a73.malha)
*
*
*
*
*
*
*
*
*
*
*
*
*
*
*
*
*
*
*
*
*
*
*
*
*
*
*
*
*
*
*
*
*
*
*
*
*
*
*
*
*
*
*
*
*
*
*
*
*
*
*
*
*
*
*
*
*
*
*
*
*
*
*
*
*
*
*
*
*
*
*
*
*
*
*
*
*
*
*
*
*
*
*
*
[adapt] nível 1: 8902 equações, Gamma = 1.45117; dividindo 130 + 72 elementos (8.04857 s)
[adapt] malha adaptada (2 níveis) gravada em malha_percolacao_h0.5_08bc3a73.malha

=== percolacao (mc): H = 5 m, beta = 45 graus, crista 10 m, pe 10 m, base 5 m abaixo do pe (dominio 25 x 10 m), h = 0.5 m, quadrilateros
    c = 10 kPa, phi = 30 graus, gamma = 20 (forca de corpo gamma'), percolacao hw = 5.000000
    13642 equacoes, 15192 pontos de integracao
*
    funcional hidraulico J(u_FE)/(kh H^2 gw^2) = 0.307272
*
*
*
*
*
*
*
*
*
*
*
*
*
*
*
*
*
*
*
*
*
*
*
*
*
*
*
*
*
*
*
*
*
*
*
*
*
*
*
*
*
*
*
*
*
*
*
*
*
*
*
*
*
*
*
*
*
*
*
*
*
*
*
*
*
*
*
*
*
*
*
*
*
*
*
*
*
*
*
*
*
*
*
*
*
*
*
*
*
*
*
*
*
*
*
*
*
*
*
*
*
*
*
*
    Gamma (fator de carga) = 1.4248 (colapso em 1.43469; 6 passos, 89 it., 8 cortes, 23.0144 s) ok
*
*
*
*
*
*
*
*
*
*
*
*
*
*
*
*
*
*
*
*
*
*
*
*
*
*
*
*
*
*
*
*
*
*
*
*
*
*
*
*
*
*
*
*
*
*
*
*
*
*
*
*
*
*
*
*
*
*
*
*
*
*
*
*
*
*
*
*
*
*
*
*
*
*
*
*
*
*
*
*
*
*
*
*
*
*
*
*
*
*
    FS (reducao de resistencia) = 1.21509 (colapso em 1.22498; 6 passos, 76 it., 8 cortes, 18.9983 s) ok
    tempo total 42.6684 s
