void TPZAnalysis::SetCompMeshInit(TPZCompMesh*, bool) optimizing bandwidth
void TPZAnalysis::SetCompMeshInit(TPZCompMesh*, bool) optimizing bandwidth finished
void TPZAnalysis::SetCompMeshInit(TPZCompMesh*, bool) optimizing bandwidth
void TPZAnalysis::SetCompMeshInit(TPZCompMesh*, bool) optimizing bandwidth finished
*****
*****
*****
*****
*****
*****
*****
*****
*****
*****
*****
*****
*****
*****
*****
*****
*****
*****
*****
*****
*****
*****
*****
*****
*****
*****
*****
*****
*****
*****
*****
*****
*****
*****
*****
*****
*****
*****
*****
*****
*****
*****
*****
*****
*****
*****
*****
*****
*****
*****
*****
*****
*****
*****
*****
*****
*****
*****
*****
*****
*****
*****
*****
*****
*****
*****
*****
*****
*****
*****
*****
*****
*****
*****
*****
*****
*****
*****
*****
*****
*****
*****
*****
*****
*****
*****
*****
*****
*****
*****
*****
*****
*****
*****
*****
*****
*****
[adapt] nível 0: 44842 equações, Gamma = 1.65881; dividindo 24 + 19 elementos (129.539 s)
inserting uniform refpattern: quadrilateral
inserting uniform refpattern: line
void TPZAnalysis::SetCompMeshInit(TPZCompMesh*, bool) optimizing bandwidth
void TPZAnalysis::SetCompMeshInit(TPZCompMesh*, bool) optimizing bandwidth finished
void TPZAnalysis::SetCompMeshInit(TPZCompMesh*, bool) optimizing bandwidth
void TPZAnalysis::SetCompMeshInit(TPZCompMesh*, bool) optimizing bandwidth finished
*****
*****
*****
*****
*****
*****
*****
*****
*****
*****
*****
*****
*****
*****
*****
*****
*****
*****
*****
*****
*****
*****
*****
*****
*****
*****
*****
*****
*****
*****
*****
*****
*****
*****
*****
*****
*****
*****
*****
*****
*****
*****
*****
*****
*****
*****
*****
*****
*****
*****
*****
*****
*****
*****
*****
*****
*****
*****
*****
*****
*****
*****
*****
*****
*****
*****
*****
*****
*****
*****
*****
*****
*****
*****
*****
*****
*****
*****
*****
*****
*****
*****
*****
*****
*****
*****
*****
*****
*****
*****
*****
*****
*****
*****
*****
*****
*****
*****
*****
*****
*****
[adapt] nível 1: 45866 equações, Gamma = 1.5072; dividindo 61 + 40 elementos (136.918 s)
void TPZAnalysis::SetCompMeshInit(TPZCompMesh*, bool) optimizing bandwidth
void TPZAnalysis::SetCompMeshInit(TPZCompMesh*, bool) optimizing bandwidth finished
void TPZAnalysis::SetCompMeshInit(TPZCompMesh*, bool) optimizing bandwidth
void TPZAnalysis::SetCompMeshInit(TPZCompMesh*, bool) optimizing bandwidth finished
******
******
******
******
******
******
******
******
******
******
******
******
******
******
******
******
******
******
******
******
******
******
******
******
******
******
******
******
******
******
******
******
******
******
******
******
******
******
******
******
******
******
******
******
******
******
******
******
******
******
******
******
******
******
******
******
******
******
******
******
******
******
******
******
******
******
******
******
******
******
******
******
******
******
******
******
******
******
******
******
******
******
******
******
******
******
******
******
******
******
******
******
******
******
******
******
******
******
******
******
******
[adapt] nível 2: 48254 equações, Gamma = 1.45282; dividindo 162 + 78 elementos (149.689 s)
[adapt] malha adaptada (3 níveis) gravada em malha_percolacao_h1_c8cab938.malha

=== percolacao (mc): H = 5 m, beta = 45 graus, crista 50 m, pe 50 m, base 50 m abaixo do pe (dominio 105 x 55 m), h = 1 m, quadrilateros
    c = 10 kPa, phi = 30 graus, gamma = 20 (forca de corpo gamma'), percolacao hw = 5.000000
void TPZAnalysis::SetCompMeshInit(TPZCompMesh*, bool) optimizing bandwidth
void TPZAnalysis::SetCompMeshInit(TPZCompMesh*, bool) optimizing bandwidth finished
    53894 equacoes, 60093 pontos de integracao
void TPZAnalysis::SetCompMeshInit(TPZCompMesh*, bool) optimizing bandwidth
void TPZAnalysis::SetCompMeshInit(TPZCompMesh*, bool) optimizing bandwidth finished
******
    funcional hidraulico J(u_FE)/(kh H^2 gw^2) = 0.597562
******
******
******
******
******
******
******
******
******
******
******
******
******
******
******
******
******
******
******
******
******
******
******
******
******
******
******
******
******
******
******
******
******
******
******
******
******
******
******
******
******
******
******
******
******
******
******
******
******
******
******
******
******
******
******
******
******
******
******
******
******
******
******
******
******
******
******
******
******
******
******
******
******
******
******
******
******
******
******
******
******
******
******
******
******
******
******
******
******
******
******
******
******
******
******
******
******
******
******
******
******
******
******
******
******
******
******
******
******
******
******
******
******
******
******
******
******
******
******
******
******
******
******
******
******
******
******
******
******
******
******
    Gamma (fator de carga) = 1.42165 (colapso em 1.42999; 8 passos, 112 it., 10 cortes, 260.67 s) ok
******
******
******
******
******
******
******
******
******
******
******
******
******
******
******
******
******
******
******
******
******
******
******
******
******
******
******
******
******
******
******
******
******
******
******
******
******
******
******
******
******
******
******
******
******
******
******
******
******
******
******
******
******
******
******
******
******
******
******
******
******
******
******
******
******
******
******
******
******
******
******
******
******
******
******
******
******
******
******
******
******
******
******
******
******
******
******
******
******
******
******
******
******
******
******
******
******
******
******
******
******
******
******
    FS (reducao de resistencia) = 1.21838 (colapso em 1.22827; 6 passos, 89 it., 8 cortes, 213.214 s) ok
    tempo total 476.044 s
