[adapt] nível 0: 1742 equações, Gamma = 1.64656; dividindo 25 + 17 elementos (2.08245 s)
inserting uniform refpattern: quadrilateral
inserting uniform refpattern: line
[adapt] nível 1: 2742 equações, Gamma = 1.50349; dividindo 59 + 35 elementos (3.35016 s)
[MC] malha mecânica: 4962 equações, 5472 pontos de integração
[KL] lido de kl_H5_b4500_Lx20_Ly2_h1.bin: 871 modos
[KL] 871 equações, M = 871, ε_M = 0.036072 (0.00757548 s)
[KL] variância truncada nos pontos de integração: média 0.965429, mínima 0.923879 (compensada)
[MC] percolacao (mc), medida = gamma, amostras 0..99, CoV(c) = 0.3, CoV(phi) = 0.05, CoV(kv) = 0.6, Lx = 20, Ly = 2 -> covphi5_parte0.csv
  amostra 0: fator = 2.12354 (6.48394 s), Pf parcial = 0
  amostra 10: fator = 1.93567 (6.64127 s), Pf parcial = 0
  amostra 20: fator = 1.271 (6.23077 s), Pf parcial = 0.142857
  amostra 30: fator = 0.90625 (4.96918 s), Pf parcial = 0.16129
  amostra 40: fator = 1.04688 (5.83273 s), Pf parcial = 0.170732
  amostra 50: fator = 1.63574 (6.10201 s), Pf parcial = 0.137255
  amostra 60: fator = 1.1875 (4.63336 s), Pf parcial = 0.131148
  amostra 70: fator = 1.57642 (8.41169 s), Pf parcial = 0.112676
  amostra 80: fator = 0.890869 (6.78387 s), Pf parcial = 0.111111
  amostra 90: fator = 1.05869 (7.65262 s), Pf parcial = 0.0989011
[MC] 100 amostras: média 1.44605, desvio 0.344938, Pf = 0.09 (tempo 680.686 s)
