[adapt] nível 0: 5090 equações, Gamma = 50; dividindo 11 + 11 elementos (3.18236 s)
inserting uniform refpattern: quadrilateral
inserting uniform refpattern: line
[adapt] nível 1: 5610 equações, Gamma = 50; dividindo 33 + 24 elementos (9.64756 s)
[adapt] nível 2: 6966 equações, Gamma = 46.1049; dividindo 109 + 56 elementos (19.5689 s)
*
*
*
*
*
*
*
*
*
*
*
*
*
*
*
*
*
*
*
*
*
*
*
*
*
*
*
*
*
*
*
*
*
*
*
*
*
*
*
*
*
*
*
*
*
*
*
*
*
*
*
*
*
*
*
*
*
*
*
*
*
*
*
*
*
*
*
*
*
*
*
*
*
*
*
*
*
*
*
*
*
*
*
*
*
*
*
*
*
*
*
*
*
*
*
*
*
*
*
*
*
*
*
*
*
*
*
*
*
*
*
*
*
*
*
*
*
*
*
*
*
*
*
*
*
*
*
*
*
*
*
*
*
*
*
*
*
*
*
*
*
*
*
*
*
*
*
*
*
*
*
*
*
*
*
*
*
*
*
*
*
*
*
*
*
*
*
*
*
*
*
*
*
*
*
*
*
*
*
*
*
*
*
[adapt] nível 3: 10858 equações, Gamma = 15.6182; dividindo 266 + 121 elementos (21.2681 s)
**
**
**
**
**
**
**
**
**
**
**
**
**
**
**
**
**
**
**
**
**
**
**
**
**
**
**
**
**
**
**
**
**
**
**
**
**
**
**
**
**
**
**
**
**
**
**
**
**
**
**
**
**
**
**
**
**
**
**
**
**
**
**
**
**
**
**
**
**
**
**
**
**
**
**
**
**
**
**
**
**
**
**
**
**
**
**
**
**
**
**
**
**
**
**
**
**
**
**
**
**
**
**
**
**
**
**
**
**
**
**
**
**
**
**
**
**
**
**
**
**
**
**
**
**
**
**
**
**
**
**
**
**
**
**
**
**
**
**
**
**
**
**
**
**
**
**
**
**
**
**
**
**
**
**
**
**
**
**
**
**
**
**
**
**
**
**
**
[adapt] nível 4: 19926 equações, Gamma = 10.479; dividindo 952 + 265 elementos (137.678 s)

=== percolacao (mc): H = 5 m, beta = 35 graus, crista 20 m, pe 20 m, base 10 m abaixo do pe (dominio 47.1407 x 15 m), h = 1 m, quadrilateros
    c = 6 kPa, phi = 32 graus, gamma = 18 (forca de corpo gamma'), percolacao hw = 0.000000
void TPZAnalysis::SetCompMeshInit(TPZCompMesh*, bool) optimizing bandwidth
void TPZAnalysis::SetCompMeshInit(TPZCompMesh*, bool) optimizing bandwidth finished
    48666 equacoes, 55341 pontos de integracao
void TPZAnalysis::SetCompMeshInit(TPZCompMesh*, bool) optimizing bandwidth
void TPZAnalysis::SetCompMeshInit(TPZCompMesh*, bool) optimizing bandwidth finished
******
    funcional hidraulico J(u_FE)/(kh H^2 gw^2) = 0
******
******
******
******
******
******
******
******
******
******
******
******
******
******
******
******
******
******
******
******
******
******
******
******
******
******
******
******
******
******
******
******
******
******
******
******
******
******
******
******
******
******
******
******
******
******
******
******
******
******
******
******
******
******
******
******
******
******
******
******
******
******
******
******
******
******
******
******
******
******
******
******
******
******
******
******
******
******
******
******
******
******
******
******
******
******
******
******
******
******
******
******
******
******
******
******
******
******
******
******
******
******
******
******
******
******
******
******
******
******
******
******
******
******
******
******
******
******
******
******
******
******
******
******
******
******
******
******
******
******
******
    Gamma (fator de carga) = 8.26544 (colapso em 8.3155; 9 passos, 113 it., 8 cortes, 674.185 s) ok
    tempo total 675.416 s
