[adapt] nível 0: 1742 equações, Gamma = 2.55252; dividindo 24 + 18 elementos (1.3742 s)
inserting uniform refpattern: quadrilateral
inserting uniform refpattern: line
[adapt] nível 1: 2742 equações, Gamma = 2.27103; dividindo 56 + 38 elementos (2.35999 s)
[adapt] nível 2: 4966 equações, Gamma = 2.15649; dividindo 140 + 76 elementos (4.15426 s)
[adapt] malha adaptada (3 níveis) gravada em malha_percolacao_h1_db84a383.malha

=== percolacao (mc): H = 5 m, beta = 45 graus, crista 10 m, pe 10 m, base 5 m abaixo do pe (dominio 25 x 10 m), h = 1 m, quadrilateros
    c = 10 kPa, phi = 30 graus, gamma = 20 (forca de corpo gamma'), percolacao hw = 5.000000
    10034 equacoes, 11304 pontos de integracao
*
    funcional hidraulico J(u_FE)/(kh H^2 gw^2) = 0.13351
*
*
*
*
*
*
*
*
*
*
*
*
*
*
*
*
*
*
*
*
*
*
*
*
*
*
*
*
*
*
*
*
*
*
*
*
*
*
*
*
*
*
*
*
*
*
*
*
*
*
*
*
*
*
*
*
*
*
*
*
*
*
*
*
*
*
*
*
*
*
*
*
*
*
*
*
*
*
*
*
*
*
*
*
*
*
*
*
*
*
*
*
*
*
*
*
*
*
*
*
*
*
*
*
*
*
*
*
*
*
*
*
*
*
*
*
*
*
*
*
*
*
*
*
    Gamma (fator de carga) = 2.12024 (colapso em 2.13507; 8 passos, 107 it., 8 cortes, 22.6462 s) ok
    tempo total 23.1495 s
