[adapt] nível 0: 1742 equações, Gamma = 1.97522; dividindo 24 + 18 elementos (1.10896 s)
inserting uniform refpattern: quadrilateral
inserting uniform refpattern: line
[adapt] nível 1: 2742 equações, Gamma = 1.78735; dividindo 57 + 35 elementos (1.7615 s)
[adapt] nível 2: 4910 equações, Gamma = 1.70331; dividindo 131 + 74 elementos (4.62462 s)
[adapt] malha adaptada (3 níveis) gravada em malha_percolacao_h1_5c0a2401.malha

=== percolacao (mc): H = 5 m, beta = 45 graus, crista 10 m, pe 10 m, base 5 m abaixo do pe (dominio 25 x 10 m), h = 1 m, quadrilateros
    c = 10 kPa, phi = 30 graus, gamma = 20 (forca de corpo gamma'), percolacao hw = 5.000000
    9722 equacoes, 10953 pontos de integracao
*
    funcional hidraulico J(u_FE)/(kh H^2 gw^2) = 0.227244
*
*
*
*
*
*
*
*
*
*
*
*
*
*
*
*
*
*
*
*
*
*
*
*
*
*
*
*
*
*
*
*
*
*
*
*
*
*
*
*
*
*
*
*
*
*
*
*
*
*
*
*
*
*
*
*
*
*
*
*
*
*
*
*
*
*
*
*
*
*
*
*
*
*
*
*
*
*
*
*
*
*
*
*
*
*
*
*
*
*
*
*
*
*
*
*
*
*
*
*
*
*
*
*
*
*
*
*
*
*
*
*
*
*
*
*
*
*
*
    Gamma (fator de carga) = 1.66541 (colapso em 1.67653; 7 passos, 102 it., 9 cortes, 19.918 s) ok
    tempo total 20.4171 s
