[adapt] nível 0: 1742 equações, Gamma = 1.89735; dividindo 17 + 13 elementos (0.98173 s)
inserting uniform refpattern: quadrilateral
inserting uniform refpattern: line
[adapt] nível 1: 2458 equações, Gamma = 1.80836; dividindo 50 + 33 elementos (1.6378 s)
[adapt] nível 2: 4410 equações, Gamma = 1.76758; dividindo 118 + 74 elementos (3.55056 s)
[adapt] malha adaptada (3 níveis) gravada em malha_percolacao_h1_5cc6dabc.malha

=== percolacao (mc): H = 5 m, beta = 45 graus, crista 10 m, pe 10 m, base 5 m abaixo do pe (dominio 25 x 10 m), h = 1 m, quadrilateros
    c = 10 kPa, phi = 30 graus, gamma = 20 (forca de corpo gamma'), percolacao hw = 2.500000
    8898 equacoes, 10035 pontos de integracao
*
    funcional hidraulico J(u_FE)/(kh H^2 gw^2) = 0.117067
*
*
*
*
*
*
*
*
*
*
*
*
*
*
*
*
*
*
*
*
*
*
*
*
*
*
*
*
*
*
*
*
*
*
*
*
*
*
*
*
*
*
*
*
*
*
*
*
*
*
*
*
*
*
*
*
*
*
*
*
*
*
*
*
*
*
*
*
*
*
*
*
*
*
*
*
*
*
*
*
*
*
*
*
*
*
*
*
*
*
*
*
*
*
*
*
*
*
*
*
*
*
*
*
*
*
*
*
*
*
*
*
*
*
*
    Gamma (fator de carga) = 1.7511 (colapso em 1.76593; 7 passos, 99 it., 8 cortes, 20.5754 s) ok
    tempo total 21.0006 s
