[adapt] nível 0: 1742 equações, Gamma = 1.71814; dividindo 17 + 14 elementos (1.20227 s)
inserting uniform refpattern: quadrilateral
inserting uniform refpattern: line
[adapt] nível 1: 2482 equações, Gamma = 1.63409; dividindo 49 + 34 elementos (2.17141 s)
[adapt] nível 2: 4434 equações, Gamma = 1.5863; dividindo 125 + 76 elementos (4.37978 s)
[adapt] malha adaptada (3 níveis) gravada em malha_percolacao_h1_89af9a5a.malha

=== percolacao (mc): H = 5 m, beta = 45 graus, crista 10 m, pe 10 m, base 5 m abaixo do pe (dominio 25 x 10 m), h = 1 m, quadrilateros
    c = 10 kPa, phi = 30 graus, gamma = 20 (forca de corpo gamma'), percolacao hw = 3.000000
    9138 equacoes, 10305 pontos de integracao
*
    funcional hidraulico J(u_FE)/(kh H^2 gw^2) = 0.15408
*
*
*
*
*
*
*
*
*
*
*
*
*
*
*
*
*
*
*
*
*
*
*
*
*
*
*
*
*
*
*
*
*
*
*
*
*
*
*
*
*
*
*
*
*
*
*
*
*
*
*
*
*
*
*
*
*
*
*
*
*
*
*
*
*
*
*
*
*
*
*
*
*
*
*
*
*
*
*
*
*
*
*
*
*
*
*
*
*
*
*
*
*
*
*
*
*
*
*
*
*
*
*
*
*
*
*
*
*
*
*
*
*
*
*
*
*
*
*
*
*
*
*
*
*
*
*
    Gamma (fator de carga) = 1.57806 (colapso em 1.5929; 8 passos, 110 it., 8 cortes, 23.5791 s) ok
    tempo total 23.8428 s
