[  0%] Building CXX object CMakeFiles/pz.dir/PerfUtil/arglib.cpp.o
[  0%] Building CXX object CMakeFiles/pz.dir/PerfUtil/stats_recorder.cpp.o
[  1%] Building CXX object CMakeFiles/pz.dir/Util/TPZAssert.cpp.o
[  1%] Building CXX object CMakeFiles/pz.dir/Util/readgidmesh.cpp.o
[  1%] Building CXX object CMakeFiles/pz.dir/Util/TPZParallelUtils.cpp.o
[  1%] Building CXX object CMakeFiles/pz.dir/Util/pzcheckconsistency.cpp.o
[  2%] Building CXX object CMakeFiles/pz.dir/Util/pzline.cpp.o
[  2%] Building CXX object CMakeFiles/pz.dir/Util/pznuma.cpp.o
[  2%] Building CXX object CMakeFiles/pz.dir/Util/pzpolynomial.cpp.o
[  2%] Building CXX object CMakeFiles/pz.dir/Util/TPZFunctionTranslator.cpp.o
[  2%] Building CXX object CMakeFiles/pz.dir/Util/TPZSemaphore.cpp.o
[  3%] Building CXX object CMakeFiles/pz.dir/Util/pzfunction.cpp.o
[  3%] Building CXX object CMakeFiles/pz.dir/Util/pzlog.cpp.o
[  3%] Building CXX object CMakeFiles/pz.dir/Util/pznumeric.cpp.o
[  3%] Building CXX object CMakeFiles/pz.dir/Util/tpzpermutation.cpp.o
[  4%] Building CXX object CMakeFiles/pz.dir/Util/TPZHWTools.cpp.o
[  4%] Building CXX object CMakeFiles/pz.dir/Util/TPZTimer.cpp.o
[  4%] Building CXX object CMakeFiles/pz.dir/Util/TPZSimpleTimer.cpp.o
[  4%] Building CXX object CMakeFiles/pz.dir/Util/pzgradient.cpp.o
[  5%] Building CXX object CMakeFiles/pz.dir/Util/pzplane.cpp.o
[  5%] Building CXX object CMakeFiles/pz.dir/Util/pzstring.cpp.o
In file included from /home/runner/work/neopz-master/neopz-master/Util/pzstack.h:12,
                 from /home/runner/work/neopz-master/neopz-master/Util/pzstring.h:9,
                 from /home/runner/work/neopz-master/neopz-master/Util/pzstring.cpp:6:
/home/runner/work/neopz-master/neopz-master/Util/pzmanvector.h: In member function ‘void TPZManVector<T, NumExtAlloc>::Resize(int64_t) [with T = char; int NumExtAlloc = 10]’:
/home/runner/work/neopz-master/neopz-master/Util/pzmanvector.h:548:30: warning: writing 1 byte into a region of size 0 [-Wstringop-overflow=]
  548 |                 fExtAlloc[i] = this->fStore[i];
      |                 ~~~~~~~~~~~~~^~~~~~~~~~~~~~~
/home/runner/work/neopz-master/neopz-master/Util/pzmanvector.h:143:7: note: at offset 10 into destination object ‘TPZManVector<char, 10>::fExtAlloc’ of size 10
  143 |     T fExtAlloc[ NumExtAlloc ];
      |       ^~~~~~~~~
[  5%] Building CXX object CMakeFiles/pz.dir/Util/tpzautopointer.cpp.o
/home/runner/work/neopz-master/neopz-master/Util/pzmanvector.h: In member function ‘void TPZManVector<T, NumExtAlloc>::Resize(int64_t, const T&) [with T = char; int NumExtAlloc = 10]’:
/home/runner/work/neopz-master/neopz-master/Util/pzmanvector.h:497:26: warning: writing 1 byte into a region of size 0 [-Wstringop-overflow=]
  497 |             fExtAlloc[i] = this->fStore[i];
      |             ~~~~~~~~~~~~~^~~~~~~~~~~~~~~
/home/runner/work/neopz-master/neopz-master/Util/pzmanvector.h:143:7: note: at offset 10 into destination object ‘TPZManVector<char, 10>::fExtAlloc’ of size 10
  143 |     T fExtAlloc[ NumExtAlloc ];
      |       ^~~~~~~~~
In member function ‘void TPZManVector<T, NumExtAlloc>::Resize(int64_t) [with T = char; int NumExtAlloc = 10]’,
    inlined from ‘TPZString::TPZString(const char*)’ at /home/runner/work/neopz-master/neopz-master/Util/pzstring.cpp:19:8:
/home/runner/work/neopz-master/neopz-master/Util/pzmanvector.h:548:30: warning: writing 1 byte into a region of size 0 [-Wstringop-overflow=]
  548 |                 fExtAlloc[i] = this->fStore[i];
      |                 ~~~~~~~~~~~~~^~~~~~~~~~~~~~~
/home/runner/work/neopz-master/neopz-master/Util/pzmanvector.h: In constructor ‘TPZString::TPZString(const char*)’:
/home/runner/work/neopz-master/neopz-master/Util/pzmanvector.h:143:7: note: at offset 10 into destination object ‘TPZManVector<char, 10>::fExtAlloc’ of size 10
  143 |     T fExtAlloc[ NumExtAlloc ];
      |       ^~~~~~~~~
[  5%] Building CXX object CMakeFiles/pz.dir/Util/pzvecgen.cpp.o
In member function ‘void TPZManVector<T, NumExtAlloc>::Resize(int64_t) [with T = char; int NumExtAlloc = 10]’,
    inlined from ‘TPZString::TPZString(int)’ at /home/runner/work/neopz-master/neopz-master/Util/pzstring.cpp:31:8:
/home/runner/work/neopz-master/neopz-master/Util/pzmanvector.h:548:30: warning: writing 1 byte into a region of size 0 [-Wstringop-overflow=]
  548 |                 fExtAlloc[i] = this->fStore[i];
      |                 ~~~~~~~~~~~~~^~~~~~~~~~~~~~~
/home/runner/work/neopz-master/neopz-master/Util/pzmanvector.h: In constructor ‘TPZString::TPZString(int)’:
/home/runner/work/neopz-master/neopz-master/Util/pzmanvector.h:143:7: note: at offset 10 into destination object ‘TPZManVector<char, 10>::fExtAlloc’ of size 10
  143 |     T fExtAlloc[ NumExtAlloc ];
      |       ^~~~~~~~~
In member function ‘void TPZManVector<T, NumExtAlloc>::Resize(int64_t) [with T = char; int NumExtAlloc = 10]’,
    inlined from ‘TPZString::TPZString(char)’ at /home/runner/work/neopz-master/neopz-master/Util/pzstring.cpp:36:8:
/home/runner/work/neopz-master/neopz-master/Util/pzmanvector.h:548:30: warning: writing 1 byte into a region of size 0 [-Wstringop-overflow=]
  548 |                 fExtAlloc[i] = this->fStore[i];
      |                 ~~~~~~~~~~~~~^~~~~~~~~~~~~~~
/home/runner/work/neopz-master/neopz-master/Util/pzmanvector.h: In constructor ‘TPZString::TPZString(char)’:
/home/runner/work/neopz-master/neopz-master/Util/pzmanvector.h:143:7: note: at offset 10 into destination object ‘TPZManVector<char, 10>::fExtAlloc’ of size 10
  143 |     T fExtAlloc[ NumExtAlloc ];
      |       ^~~~~~~~~
In member function ‘void TPZManVector<T, NumExtAlloc>::Resize(int64_t) [with T = char; int NumExtAlloc = 10]’,
    inlined from ‘void TPZString::Empty()’ at /home/runner/work/neopz-master/neopz-master/Util/pzstring.cpp:138:8:
/home/runner/work/neopz-master/neopz-master/Util/pzmanvector.h:548:30: warning: writing 1 byte into a region of size 0 [-Wstringop-overflow=]
  548 |                 fExtAlloc[i] = this->fStore[i];
      |                 ~~~~~~~~~~~~~^~~~~~~~~~~~~~~
/home/runner/work/neopz-master/neopz-master/Util/pzmanvector.h: In member function ‘void TPZString::Empty()’:
/home/runner/work/neopz-master/neopz-master/Util/pzmanvector.h:143:7: note: at offset 10 into destination object ‘TPZManVector<char, 10>::fExtAlloc’ of size 10
  143 |     T fExtAlloc[ NumExtAlloc ];
      |       ^~~~~~~~~
In member function ‘void TPZManVector<T, NumExtAlloc>::Resize(int64_t) [with T = char; int NumExtAlloc = 10]’,
    inlined from ‘void TPZString::Optimize()’ at /home/runner/work/neopz-master/neopz-master/Util/pzstring.cpp:145:34:
/home/runner/work/neopz-master/neopz-master/Util/pzmanvector.h:548:30: warning: writing 1 byte into a region of size 0 [-Wstringop-overflow=]
  548 |                 fExtAlloc[i] = this->fStore[i];
      |                 ~~~~~~~~~~~~~^~~~~~~~~~~~~~~
/home/runner/work/neopz-master/neopz-master/Util/pzmanvector.h: In member function ‘void TPZString::Optimize()’:
/home/runner/work/neopz-master/neopz-master/Util/pzmanvector.h:143:7: note: at offset 10 into destination object ‘TPZManVector<char, 10>::fExtAlloc’ of size 10
  143 |     T fExtAlloc[ NumExtAlloc ];
      |       ^~~~~~~~~
[  6%] Building CXX object CMakeFiles/pz.dir/Util/pzmanvectorgen.cpp.o
[  6%] Building CXX object CMakeFiles/pz.dir/Util/pzstackgen.cpp.o
[  6%] Building CXX object CMakeFiles/pz.dir/Util/Hash/MurmurHash3.cpp.o
[  6%] Building CXX object CMakeFiles/pz.dir/Util/Hash/TPZHash.cpp.o
In file included from /home/runner/work/neopz-master/neopz-master/Util/pzstack.h:12,
                 from /home/runner/work/neopz-master/neopz-master/Util/pzstackgen.cpp:6:
/home/runner/work/neopz-master/neopz-master/Util/pzmanvector.h: In member function ‘void TPZManVector<T, NumExtAlloc>::Resize(int64_t) [with T = char; int NumExtAlloc = 10]’:
/home/runner/work/neopz-master/neopz-master/Util/pzmanvector.h:548:30: warning: writing 1 byte into a region of size 0 [-Wstringop-overflow=]
  548 |                 fExtAlloc[i] = this->fStore[i];
      |                 ~~~~~~~~~~~~~^~~~~~~~~~~~~~~
/home/runner/work/neopz-master/neopz-master/Util/pzmanvector.h:143:7: note: at offset 10 into destination object ‘TPZManVector<char, 10>::fExtAlloc’ of size 10
  143 |     T fExtAlloc[ NumExtAlloc ];
      |       ^~~~~~~~~
/home/runner/work/neopz-master/neopz-master/Util/pzmanvector.h: In member function ‘void TPZManVector<T, NumExtAlloc>::Resize(int64_t, const T&) [with T = char; int NumExtAlloc = 10]’:
/home/runner/work/neopz-master/neopz-master/Util/pzmanvector.h:497:26: warning: writing 1 byte into a region of size 0 [-Wstringop-overflow=]
  497 |             fExtAlloc[i] = this->fStore[i];
      |             ~~~~~~~~~~~~~^~~~~~~~~~~~~~~
/home/runner/work/neopz-master/neopz-master/Util/pzmanvector.h:143:7: note: at offset 10 into destination object ‘TPZManVector<char, 10>::fExtAlloc’ of size 10
  143 |     T fExtAlloc[ NumExtAlloc ];
      |       ^~~~~~~~~
[  7%] Building CXX object CMakeFiles/pz.dir/Common/TPZGuiInterface.cpp.o
[  7%] Building CXX object CMakeFiles/pz.dir/Common/TPZReschedulableTask.cpp.o
[  7%] Building CXX object CMakeFiles/pz.dir/Common/TPZTask.cpp.o
[  7%] Building CXX object CMakeFiles/pz.dir/Common/TPZTaskGroup.cpp.o
[  8%] Building CXX object CMakeFiles/pz.dir/Common/TPZThreadPool.cpp.o
[  8%] Building CXX object CMakeFiles/pz.dir/Common/pzerror.cpp.o
[  8%] Building CXX object CMakeFiles/pz.dir/Common/pzreal.cpp.o
[  8%] Building CXX object CMakeFiles/pz.dir/Common/FAD/TinyFad/Specializations/generate.cc.o
[  9%] Building CXX object CMakeFiles/pz.dir/Save/TPZBFileStream.cpp.o
[  9%] Building CXX object CMakeFiles/pz.dir/Save/TPZChunkTranslator.cpp.o
[  9%] Building CXX object CMakeFiles/pz.dir/Save/TPZContBufferedStream.cpp.o
[  9%] Building CXX object CMakeFiles/pz.dir/Save/TPZPersistenceManager.cpp.o
[ 10%] Building CXX object CMakeFiles/pz.dir/Save/TPZSavable.cpp.o
[ 10%] Building CXX object CMakeFiles/pz.dir/Save/pzmd5stream.cpp.o
[ 10%] Building CXX object CMakeFiles/pz.dir/Save/TPZChunkInTranslation.cpp.o
[ 10%] Building CXX object CMakeFiles/pz.dir/Save/TPZCircBufferedStream.cpp.o
[ 11%] Building CXX object CMakeFiles/pz.dir/Save/TPZFileStream.cpp.o
[ 11%] Building CXX object CMakeFiles/pz.dir/Save/TPZRestoredInstance.cpp.o
[ 11%] Building CXX object CMakeFiles/pz.dir/Save/TPZStream.cpp.o
[ 11%] Building CXX object CMakeFiles/pz.dir/Integral/TPZIntQuadQuarterPoint.cpp.o
[ 11%] Building CXX object CMakeFiles/pz.dir/Integral/adapt.cpp.o
[ 12%] Building CXX object CMakeFiles/pz.dir/Integral/pzquad.cpp.o
[ 12%] Building CXX object CMakeFiles/pz.dir/Integral/tpzgaussrule.cpp.o
[ 12%] Building CXX object CMakeFiles/pz.dir/Integral/tpzintrulelist.cpp.o
[ 12%] Building CXX object CMakeFiles/pz.dir/Integral/tpzintrulep3d.cpp.o
[ 13%] Building CXX object CMakeFiles/pz.dir/Integral/tpzintrulet.cpp.o
[ 13%] Building CXX object CMakeFiles/pz.dir/Integral/tpzintrulet3d.cpp.o
[ 13%] Building CXX object CMakeFiles/pz.dir/Integral/tpzprinteg.cpp.o
[ 13%] Building CXX object CMakeFiles/pz.dir/Solvers/TPZSolver.cpp.o
[ 14%] Building CXX object CMakeFiles/pz.dir/Solvers/TPZMatrixSolver.cpp.o
[ 14%] Building CXX object CMakeFiles/pz.dir/Solvers/TPZEigenSolver.cpp.o
[ 14%] Building CXX object CMakeFiles/pz.dir/Solvers/TPZPardisoSolver.cpp.o
[ 14%] Building CXX object CMakeFiles/pz.dir/Solvers/pzstepsolver.cpp.o
[ 15%] Building CXX object CMakeFiles/pz.dir/Solvers/pzseqsolver.cpp.o
[ 15%] Building CXX object CMakeFiles/pz.dir/Solvers/EigenSolvers/TPZLapackEigenSolver.cpp.o
[ 15%] Building CXX object CMakeFiles/pz.dir/Solvers/EigenSolvers/TPZKrylovEigenSolver.cpp.o
[ 15%] Building CXX object CMakeFiles/pz.dir/Solvers/EigenSolvers/TPZSpectralTransform.cpp.o
[ 16%] Building CXX object CMakeFiles/pz.dir/Solvers/Multigrid/pzmgsolver.cpp.o
[ 16%] Building CXX object CMakeFiles/pz.dir/Solvers/Multigrid/pztransfer.cpp.o
[ 16%] Building CXX object CMakeFiles/pz.dir/Matrix/PZMatrixMarket.cpp.o
[ 16%] Building CXX object CMakeFiles/pz.dir/Matrix/pzblockdiag.cpp.o
[ 17%] Building CXX object CMakeFiles/pz.dir/Matrix/pzfmatrix.cpp.o
[ 17%] Building CXX object CMakeFiles/pz.dir/Matrix/pzmatrix.cpp.o
[ 17%] Building CXX object CMakeFiles/pz.dir/Matrix/pzbasematrix.cpp.o
[ 17%] Building CXX object CMakeFiles/pz.dir/Matrix/pzskylmat.cpp.o
[ 18%] Building CXX object CMakeFiles/pz.dir/Matrix/pzspblockdiagpivot.cpp.o
[ 18%] Building CXX object CMakeFiles/pz.dir/Matrix/pzsysmp.cpp.o
[ 18%] Building CXX object CMakeFiles/pz.dir/Matrix/tpzsparseblockdiagonal.cpp.o
[ 18%] Building CXX object CMakeFiles/pz.dir/Matrix/pzbndmat.cpp.o
[ 19%] Building CXX object CMakeFiles/pz.dir/Matrix/pzsbndmat.cpp.o
[ 19%] Building CXX object CMakeFiles/pz.dir/Matrix/pzsfulmat.cpp.o
[ 19%] Building CXX object CMakeFiles/pz.dir/Matrix/pzskylnsymmat.cpp.o
[ 19%] Building CXX object CMakeFiles/pz.dir/Matrix/pzstencil.cpp.o
[ 20%] Building CXX object CMakeFiles/pz.dir/Matrix/pztrnsform.cpp.o
[ 20%] Building CXX object CMakeFiles/pz.dir/Matrix/tpzverysparsematrix.cpp.o
[ 20%] Building CXX object CMakeFiles/pz.dir/Matrix/pzblock.cpp.o
[ 20%] Building CXX object CMakeFiles/pz.dir/Matrix/pzmatred.cpp.o
[ 20%] Building CXX object CMakeFiles/pz.dir/Matrix/pzshtmat.cpp.o
[ 21%] Building CXX object CMakeFiles/pz.dir/Matrix/pzysmp.cpp.o
[ 21%] Building CXX object CMakeFiles/pz.dir/Matrix/TPZSolutionMatrix.cpp.o
[ 21%] Building CXX object CMakeFiles/pz.dir/Matrix/TPZTensor.cpp.o
[ 21%] Building CXX object CMakeFiles/pz.dir/Matrix/TPZTensorTranslator.cpp.o
[ 22%] Building CXX object CMakeFiles/pz.dir/Topology/PrismExtend.cpp.o
[ 22%] Building CXX object CMakeFiles/pz.dir/Topology/TPZTopologyUtils.cpp.o
[ 22%] Building CXX object CMakeFiles/pz.dir/Topology/tpzcube.cpp.o
[ 22%] Building CXX object CMakeFiles/pz.dir/Topology/tpzline.cpp.o
[ 23%] Building CXX object CMakeFiles/pz.dir/Topology/tpzpoint.cpp.o
[ 23%] Building CXX object CMakeFiles/pz.dir/Topology/tpzprism.cpp.o
[ 23%] Building CXX object CMakeFiles/pz.dir/Topology/tpzpyramid.cpp.o
[ 23%] Building CXX object CMakeFiles/pz.dir/Topology/tpzquadrilateral.cpp.o
[ 24%] Building CXX object CMakeFiles/pz.dir/Topology/tpztetrahedron.cpp.o
[ 24%] Building CXX object CMakeFiles/pz.dir/Topology/tpztriangle.cpp.o
[ 24%] Building CXX object CMakeFiles/pz.dir/Geom/TPZGeoCube.cpp.o
[ 24%] Building CXX object CMakeFiles/pz.dir/Geom/TPZGeoLinear.cpp.o
[ 25%] Building CXX object CMakeFiles/pz.dir/Geom/pzgeom_utility.cpp.o
[ 25%] Building CXX object CMakeFiles/pz.dir/Geom/pzgeopoint.cpp.o
[ 25%] Building CXX object CMakeFiles/pz.dir/Geom/pzgeoprism.cpp.o
[ 25%] Building CXX object CMakeFiles/pz.dir/Geom/pzgeopyramid.cpp.o
[ 26%] Building CXX object CMakeFiles/pz.dir/Geom/pzgeoquad.cpp.o
[ 26%] Building CXX object CMakeFiles/pz.dir/Geom/pzgeotetrahedra.cpp.o
[ 26%] Building CXX object CMakeFiles/pz.dir/Geom/pzgeotriangle.cpp.o
[ 26%] Building CXX object CMakeFiles/pz.dir/Geom/pznoderep.cpp.o
[ 27%] Building CXX object CMakeFiles/pz.dir/Geom/tpzgeoblend.cpp.o
[ 27%] Building CXX object CMakeFiles/pz.dir/SpecialMaps/TPZCylinder.cpp.o
[ 27%] Building CXX object CMakeFiles/pz.dir/SpecialMaps/TPZQuadTorus.cpp.o
[ 27%] Building CXX object CMakeFiles/pz.dir/SpecialMaps/TPZTriangleTorus.cpp.o
[ 28%] Building CXX object CMakeFiles/pz.dir/SpecialMaps/convtest.cpp.o
[ 28%] Building CXX object CMakeFiles/pz.dir/SpecialMaps/tpzblendnaca.cpp.o
[ 28%] Building CXX object CMakeFiles/pz.dir/SpecialMaps/tpzellipse3d.cpp.o
[ 28%] Building CXX object CMakeFiles/pz.dir/SpecialMaps/tpzquadraticcube.cpp.o
[ 29%] Building CXX object CMakeFiles/pz.dir/SpecialMaps/tpzquadraticprism.cpp.o
[ 29%] Building CXX object CMakeFiles/pz.dir/SpecialMaps/tpzquadraticquad.cpp.o
[ 29%] Building CXX object CMakeFiles/pz.dir/SpecialMaps/tpzquadratictrig.cpp.o
[ 29%] Building CXX object CMakeFiles/pz.dir/SpecialMaps/TPZQuadSphere.cpp.o
[ 29%] Building CXX object CMakeFiles/pz.dir/SpecialMaps/TPZTriangleSphere.cpp.o
[ 30%] Building CXX object CMakeFiles/pz.dir/SpecialMaps/TPZWavyLine.cpp.o
