void TPZAnalysis::SetCompMeshInit(TPZCompMesh*, bool) optimizing bandwidth
void TPZAnalysis::SetCompMeshInit(TPZCompMesh*, bool) optimizing bandwidth finished
void TPZAnalysis::SetCompMeshInit(TPZCompMesh*, bool) optimizing bandwidth
void TPZAnalysis::SetCompMeshInit(TPZCompMesh*, bool) optimizing bandwidth finished
*****
*****
*****
*****
*****
*****
*****
*****
*****
*****
*****
*****
*****
*****
*****
*****
*****
*****
*****
*****
*****
*****
*****
*****
*****
*****
*****
*****
*****
*****
*****
*****
*****
*****
*****
*****
*****
*****
*****
*****
*****
*****
*****
*****
*****
*****
*****
*****
*****
*****
*****
*****
*****
*****
*****
*****
*****
*****
*****
*****
*****
*****
*****
*****
*****
*****
*****
*****
*****
*****
*****
*****
*****
*****
*****
*****
*****
*****
*****
*****
*****
*****
*****
[adapt] nível 0: 44842 equações, Gamma = 2.0708; dividindo 24 + 18 elementos (82.9895 s)
inserting uniform refpattern: quadrilateral
inserting uniform refpattern: line
void TPZAnalysis::SetCompMeshInit(TPZCompMesh*, bool) optimizing bandwidth
void TPZAnalysis::SetCompMeshInit(TPZCompMesh*, bool) optimizing bandwidth finished
void TPZAnalysis::SetCompMeshInit(TPZCompMesh*, bool) optimizing bandwidth
void TPZAnalysis::SetCompMeshInit(TPZCompMesh*, bool) optimizing bandwidth finished
*****
*****
*****
*****
*****
*****
*****
*****
*****
*****
*****
*****
*****
*****
*****
*****
*****
*****
*****
*****
*****
*****
*****
*****
*****
*****
*****
*****
*****
*****
*****
*****
*****
*****
*****
*****
*****
*****
*****
*****
*****
*****
*****
*****
*****
*****
*****
*****
*****
*****
*****
*****
*****
*****
*****
*****
*****
*****
*****
*****
*****
*****
*****
*****
*****
*****
*****
*****
*****
*****
*****
*****
*****
*****
*****
*****
*****
*****
*****
*****
*****
*****
*****
*****
*****
*****
*****
*****
*****
*****
*****
*****
*****
*****
*****
*****
*****
*****
*****
*****
*****
*****
*****
[adapt] nível 1: 45838 equações, Gamma = 1.88623; dividindo 67 + 42 elementos (101.329 s)
void TPZAnalysis::SetCompMeshInit(TPZCompMesh*, bool) optimizing bandwidth
void TPZAnalysis::SetCompMeshInit(TPZCompMesh*, bool) optimizing bandwidth finished
void TPZAnalysis::SetCompMeshInit(TPZCompMesh*, bool) optimizing bandwidth
void TPZAnalysis::SetCompMeshInit(TPZCompMesh*, bool) optimizing bandwidth finished
******
******
******
******
******
******
******
******
******
******
******
******
******
******
******
******
******
******
******
******
******
******
******
******
******
******
******
******
******
******
******
******
******
******
******
******
******
******
******
******
******
******
******
******
******
******
******
******
******
******
******
******
******
******
******
******
******
******
******
******
******
******
******
******
******
******
******
******
******
******
******
******
******
******
******
******
******
******
******
******
******
******
******
******
******
******
******
******
******
******
******
******
******
******
******
******
******
******
******
******
******
******
[adapt] nível 2: 48418 equações, Gamma = 1.79724; dividindo 189 + 79 elementos (110.975 s)

=== percolacao (mc): H = 5 m, beta = 45 graus, crista 50 m, pe 50 m, base 50 m abaixo do pe (dominio 105 x 55 m), h = 1 m, quadrilateros
    c = 10 kPa, phi = 30 graus, gamma = 20 (forca de corpo gamma'), percolacao hw = 5.000000
void TPZAnalysis::SetCompMeshInit(TPZCompMesh*, bool) optimizing bandwidth
void TPZAnalysis::SetCompMeshInit(TPZCompMesh*, bool) optimizing bandwidth finished
    54734 equacoes, 61038 pontos de integracao
void TPZAnalysis::SetCompMeshInit(TPZCompMesh*, bool) optimizing bandwidth
void TPZAnalysis::SetCompMeshInit(TPZCompMesh*, bool) optimizing bandwidth finished
******
    funcional hidraulico J(u_FE)/(kh H^2 gw^2) = 0.338654
******
******
******
******
******
******
******
******
******
******
******
******
******
******
******
******
******
******
******
******
******
******
******
******
******
******
******
******
******
******
******
******
******
******
******
******
******
******
******
******
******
******
******
******
******
******
******
******
******
******
******
******
******
******
******
******
******
******
******
******
******
******
******
******
******
******
******
******
******
******
******
******
******
******
******
******
******
******
******
******
******
******
******
******
******
******
******
******
******
******
******
******
******
******
******
******
******
******
******
******
******
******
******
******
******
******
******
******
******
******
******
******
******
******
******
******
******
******
******
    Gamma (fator de carga) = 1.76978 (colapso em 1.78461; 7 passos, 103 it., 8 cortes, 186.041 s) ok
    tempo total 187.523 s
