void TPZAnalysis::SetCompMeshInit(TPZCompMesh*, bool) optimizing bandwidth
void TPZAnalysis::SetCompMeshInit(TPZCompMesh*, bool) optimizing bandwidth finished
void TPZAnalysis::SetCompMeshInit(TPZCompMesh*, bool) optimizing bandwidth
void TPZAnalysis::SetCompMeshInit(TPZCompMesh*, bool) optimizing bandwidth finished
*****
*****
*****
*****
*****
*****
*****
*****
*****
*****
*****
*****
*****
*****
*****
*****
*****
*****
*****
*****
*****
*****
*****
*****
*****
*****
*****
*****
*****
*****
*****
*****
*****
*****
*****
*****
*****
*****
*****
*****
*****
*****
*****
*****
*****
*****
*****
*****
*****
*****
*****
*****
*****
*****
*****
*****
*****
*****
*****
*****
*****
*****
*****
*****
*****
*****
*****
*****
*****
*****
*****
*****
*****
*****
*****
*****
*****
*****
*****
*****
*****
*****
*****
*****
*****
*****
*****
*****
*****
*****
*****
*****
*****
*****
*****
*****
*****
*****
*****
*****
*****
*****
*****
*****
*****
*****
*****
*****
*****
*****
*****
*****
*****
*****
*****
*****
*****
*****
[adapt] nível 0: 44842 equações, Gamma = 2.28771; dividindo 24 + 18 elementos (116.777 s)
inserting uniform refpattern: quadrilateral
inserting uniform refpattern: line
void TPZAnalysis::SetCompMeshInit(TPZCompMesh*, bool) optimizing bandwidth
void TPZAnalysis::SetCompMeshInit(TPZCompMesh*, bool) optimizing bandwidth finished
void TPZAnalysis::SetCompMeshInit(TPZCompMesh*, bool) optimizing bandwidth
void TPZAnalysis::SetCompMeshInit(TPZCompMesh*, bool) optimizing bandwidth finished
*****
*****
*****
*****
*****
*****
*****
*****
*****
*****
*****
*****
*****
*****
*****
*****
*****
*****
*****
*****
*****
*****
*****
*****
*****
*****
*****
*****
*****
*****
*****
*****
*****
*****
*****
*****
*****
*****
*****
*****
*****
*****
*****
*****
*****
*****
*****
*****
*****
*****
*****
*****
*****
*****
*****
*****
*****
*****
*****
*****
*****
*****
*****
*****
*****
*****
*****
*****
*****
*****
*****
*****
*****
*****
*****
*****
*****
*****
*****
*****
*****
*****
*****
*****
*****
*****
*****
*****
*****
*****
*****
*****
*****
*****
*****
*****
*****
*****
[adapt] nível 1: 45838 equações, Gamma = 2.08563; dividindo 64 + 43 elementos (95.9417 s)
void TPZAnalysis::SetCompMeshInit(TPZCompMesh*, bool) optimizing bandwidth
void TPZAnalysis::SetCompMeshInit(TPZCompMesh*, bool) optimizing bandwidth finished
void TPZAnalysis::SetCompMeshInit(TPZCompMesh*, bool) optimizing bandwidth
void TPZAnalysis::SetCompMeshInit(TPZCompMesh*, bool) optimizing bandwidth finished
******
******
******
******
******
******
******
******
******
******
******
******
******
******
******
******
******
******
******
******
******
******
******
******
******
******
******
******
******
******
******
******
******
******
******
******
******
******
******
******
******
******
******
******
******
******
******
******
******
******
******
******
******
******
******
******
******
******
******
******
******
******
******
******
******
******
******
******
******
******
******
******
******
******
******
******
******
******
******
******
******
******
******
******
******
******
******
******
******
******
******
******
******
******
******
******
******
******
******
******
******
******
******
******
******
******
******
******
******
******
******
******
******
******
[adapt] nível 2: 48370 equações, Gamma = 1.99664; dividindo 191 + 85 elementos (124.215 s)

=== percolacao (mc): H = 5 m, beta = 45 graus, crista 50 m, pe 50 m, base 50 m abaixo do pe (dominio 105 x 55 m), h = 1 m, quadrilateros
    c = 10 kPa, phi = 30 graus, gamma = 20 (forca de corpo gamma'), percolacao hw = 5.000000
void TPZAnalysis::SetCompMeshInit(TPZCompMesh*, bool) optimizing bandwidth
void TPZAnalysis::SetCompMeshInit(TPZCompMesh*, bool) optimizing bandwidth finished
    54870 equacoes, 61200 pontos de integracao
void TPZAnalysis::SetCompMeshInit(TPZCompMesh*, bool) optimizing bandwidth
void TPZAnalysis::SetCompMeshInit(TPZCompMesh*, bool) optimizing bandwidth finished
******
    funcional hidraulico J(u_FE)/(kh H^2 gw^2) = 0.252884
*******
*******
*******
*******
*******
*******
*******
*******
*******
*******
*******
*******
*******
*******
*******
*******
*******
*******
*******
*******
*******
*******
*******
*******
*******
*******
*******
*******
*******
*******
*******
*******
*******
*******
*******
*******
*******
*******
*******
*******
*******
*******
*******
*******
*******
*******
*******
*******
*******
*******
*******
*******
*******
*******
*******
*******
*******
*******
*******
*******
*******
*******
*******
*******
*******
*******
*******
*******
*******
*******
*******
*******
*******
*******
*******
*******
*******
*******
*******
*******
*******
*******
*******
*******
*******
*******
*******
*******
*******
*******
*******
*******
*******
*******
*******
*******
*******
*******
*******
*******
*******
*******
*******
*******
*******
*******
*******
*******
*******
*******
*******
*******
*******
*******
*******
*******
*******
*******
*******
*******
*******
*******
*******
*******
*******
*******
*******
*******
*******
*******
    Gamma (fator de carga) = 1.96767 (colapso em 1.98435; 8 passos, 112 it., 9 cortes, 202.475 s) ok
    tempo total 204.018 s
