[adapt] nível 0: 1742 equações, Gamma = 1.59619; dividindo 24 + 16 elementos (1.62946 s)
inserting uniform refpattern: quadrilateral
inserting uniform refpattern: line
[adapt] nível 1: 2694 equações, Gamma = 1.45282; dividindo 55 + 34 elementos (2.78788 s)
[MC] malha mecânica: 4790 equações, 5283 pontos de integração
[KL] lido de kl_H5_b4500_Lx20_Ly2_h1.bin: 871 modos
[KL] 871 equações, M = 871, ε_M = 0.036072 (0.00763717 s)
[KL] variância truncada nos pontos de integração: média 0.965349, mínima 0.923879 (compensada)
[MC] percolacao (mc), medida = gamma, amostras 0..99, CoV(c) = 0.3, CoV(phi) = 0.1, CoV(kv) = 0.6, Lx = 20, Ly = 2 -> hw0.9_parte0.csv
  amostra 0: fator = 2.12354 (6.53378 s), Pf parcial = 0
  amostra 10: fator = 1.81949 (7.80749 s), Pf parcial = 0.272727
  amostra 20: fator = 1.24023 (5.32881 s), Pf parcial = 0.285714
  amostra 30: fator = 0.90625 (4.62151 s), Pf parcial = 0.258065
  amostra 40: fator = 1.01172 (5.6797 s), Pf parcial = 0.243902
  amostra 50: fator = 1.52368 (13.3114 s), Pf parcial = 0.196078
  amostra 60: fator = 1.16415 (13.8734 s), Pf parcial = 0.180328
  amostra 70: fator = 1.75439 (13.4087 s), Pf parcial = 0.15493
  amostra 80: fator = 0.90625 (9.44215 s), Pf parcial = 0.148148
  amostra 90: fator = 0.976288 (14.5473 s), Pf parcial = 0.142857
[MC] 100 amostras: média 1.41969, desvio 0.367371, Pf = 0.13 (tempo 1001.68 s)
