[adapt] nível 0: 1742 equações, Gamma = 1.64656; dividindo 25 + 17 elementos (1.8863 s)
inserting uniform refpattern: quadrilateral
inserting uniform refpattern: line
[adapt] nível 1: 2742 equações, Gamma = 1.50349; dividindo 59 + 35 elementos (3.15085 s)
[MC] malha mecânica: 4962 equações, 5472 pontos de integração
[KL] lido de kl_H5_b4500_Lx20_Ly2_h1.bin: 871 modos
[KL] 871 equações, M = 871, ε_M = 0.036072 (0.00740385 s)
[KL] variância truncada nos pontos de integração: média 0.965429, mínima 0.923879 (compensada)
[MC] percolacao (mc), medida = gamma, amostras 0..99, CoV(c) = 0.3, CoV(phi) = 0.2, CoV(kv) = 0.6, Lx = 20, Ly = 2 -> covphi20_parte0.csv
  amostra 0: fator = 2.24878 (6.19938 s), Pf parcial = 0
  amostra 10: fator = 1.7478 (7.15956 s), Pf parcial = 0.272727
  amostra 20: fator = 1.22266 (5.3701 s), Pf parcial = 0.285714
  amostra 30: fator = 0.915039 (5.74511 s), Pf parcial = 0.258065
  amostra 40: fator = 1.03809 (6.52667 s), Pf parcial = 0.243902
  amostra 50: fator = 1.37207 (6.53212 s), Pf parcial = 0.196078
  amostra 60: fator = 1.1875 (4.30091 s), Pf parcial = 0.180328
  amostra 70: fator = 2.45946 (12.7934 s), Pf parcial = 0.169014
  amostra 80: fator = 1.02161 (6.50637 s), Pf parcial = 0.148148
  amostra 90: fator = 0.880981 (6.26642 s), Pf parcial = 0.142857
[MC] 100 amostras: média 1.48198, desvio 0.515543, Pf = 0.13 (tempo 676.474 s)
