[adapt] nível 0: 5090 equações, Gamma = 1.44262; dividindo 27 + 19 elementos (3.39108 s)
inserting uniform refpattern: quadrilateral
inserting uniform refpattern: line
[adapt] nível 1: 6182 equações, Gamma = 1.32758; dividindo 58 + 41 elementos (3.70537 s)
*
*
*
*
*
*
*
*
*
*
*
*
*
*
*
*
*
*
*
*
*
*
*
*
*
*
*
*
*
*
*
*
*
*
*
*
*
*
*
*
*
*
*
*
*
*
*
*
*
*
*
*
*
*
*
*
*
*
*
*
*
*
*
*
*
*
*
*
*
*
*
*
*
*
*
*
*
*
*
*
*
*
*
*
*
*
*
*
*
[adapt] nível 2: 8510 equações, Gamma = 1.28418; dividindo 135 + 86 elementos (6.03311 s)
[adapt] malha adaptada (3 níveis) gravada em malha_percolacao_h1_81fb2db7.malha

=== percolacao (mc): H = 5 m, beta = 35 graus, crista 20 m, pe 20 m, base 10 m abaixo do pe (dominio 47.1407 x 15 m), h = 1 m, quadrilateros
    c = 6 kPa, phi = 32 graus, gamma = 18 (forca de corpo gamma'), percolacao hw = 4.000000
    13674 equacoes, 15327 pontos de integracao
*
    funcional hidraulico J(u_FE)/(kh H^2 gw^2) = 0.256809
*
*
*
*
*
*
*
*
*
*
*
*
*
*
*
*
*
*
*
*
*
*
*
*
*
*
*
*
*
*
*
*
*
*
*
*
*
*
*
*
*
*
*
*
*
*
*
*
*
*
*
*
*
*
*
*
*
*
*
*
*
*
*
*
*
*
*
*
*
*
*
*
*
*
*
*
*
*
*
*
*
*
*
*
*
*
*
*
*
*
*
*
*
*
*
    Gamma (fator de carga) = 1.2666 (colapso em 1.27319; 5 passos, 81 it., 8 cortes, 20.4289 s) ok
    tempo total 20.777 s
