[adapt] nível 0: 5090 equações, Gamma = 1.43799; dividindo 28 + 21 elementos (2.46697 s)
inserting uniform refpattern: quadrilateral
inserting uniform refpattern: line
[adapt] nível 1: 6254 equações, Gamma = 1.36438; dividindo 65 + 45 elementos (4.19232 s)
*
*
*
*
*
*
*
*
*
*
*
*
*
*
*
*
*
*
*
*
*
*
*
*
*
*
*
*
*
*
*
*
*
*
*
*
*
*
*
*
*
*
*
*
*
*
*
*
*
*
*
*
*
*
*
*
*
*
*
*
*
*
*
*
*
*
*
*
*
*
*
*
*
*
*
*
*
*
*
*
*
*
*
*
*
*
*
*
*
*
*
*
*
*
*
*
*
*
[adapt] nível 2: 8846 equações, Gamma = 1.31055; dividindo 152 + 88 elementos (7.47508 s)
[adapt] malha adaptada (3 níveis) gravada em malha_percolacao_h1_b88288a5.malha

=== percolacao (mc): H = 5 m, beta = 35 graus, crista 20 m, pe 20 m, base 10 m abaixo do pe (dominio 47.1407 x 15 m), h = 1 m, quadrilateros
    c = 6 kPa, phi = 32 graus, gamma = 18 (forca de corpo gamma'), percolacao hw = 5.000000
    14462 equacoes, 16218 pontos de integracao
*
    funcional hidraulico J(u_FE)/(kh H^2 gw^2) = 0.349863
*
*
*
*
*
*
*
*
*
*
*
*
*
*
*
*
*
*
*
*
*
*
*
*
*
*
*
*
*
*
*
*
*
*
*
*
*
*
*
*
*
*
*
*
*
*
*
*
*
*
*
*
*
*
*
*
*
*
*
*
*
*
*
*
*
*
*
*
*
*
*
*
*
*
*
*
*
*
*
*
*
*
*
*
*
*
*
*
*
*
*
*
*
*
*
*
*
*
*
*
*
*
*
*
*
*
*
*
*
*
*
*
*
*
    Gamma (fator de carga) = 1.29517 (colapso em 1.30505; 6 passos, 99 it., 8 cortes, 25.1525 s) ok
    tempo total 25.5278 s
