[adapt] nível 0: 5338 equações, Gamma = 1.90848; dividindo 21 + 16 elementos (3.14236 s)
inserting uniform refpattern: quadrilateral
inserting uniform refpattern: line
[adapt] nível 1: 6222 equações, Gamma = 1.8269; dividindo 61 + 43 elementos (3.76883 s)
*
*
*
*
*
*
*
*
*
*
*
*
*
*
*
*
*
*
*
*
*
*
*
*
*
*
*
*
*
*
*
*
*
*
*
*
*
*
*
*
*
*
*
*
*
*
*
*
*
*
*
*
*
*
*
*
*
*
*
*
*
*
*
*
*
*
*
*
*
*
*
*
*
*
*
*
*
*
*
*
*
*
*
*
*
*
*
*
*
*
*
*
*
*
*
[adapt] nível 2: 8670 equações, Gamma = 1.77747; dividindo 147 + 96 elementos (6.34959 s)
[adapt] malha adaptada (3 níveis) gravada em malha_percolacao_h1_6c1e1184.malha

=== percolacao (mc): H = 5 m, beta = 30 graus, crista 20 m, pe 20 m, base 10 m abaixo do pe (dominio 48.6603 x 15 m), h = 1 m, quadrilateros
    c = 6 kPa, phi = 32 graus, gamma = 18 (forca de corpo gamma'), percolacao hw = 3.500000
    14346 equacoes, 16083 pontos de integracao
*
    funcional hidraulico J(u_FE)/(kh H^2 gw^2) = 0.196542
*
*
*
*
*
*
*
*
*
*
*
*
*
*
*
*
*
*
*
*
*
*
*
*
*
*
*
*
*
*
*
*
*
*
*
*
*
*
*
*
*
*
*
*
*
*
*
*
*
*
*
*
*
*
*
*
*
*
*
*
*
*
*
*
*
*
*
*
*
*
*
*
*
*
*
*
*
*
*
*
*
*
*
*
*
*
*
*
*
*
*
*
*
*
*
*
*
*
*
*
*
*
*
*
*
*
*
*
*
*
*
*
*
*
*
*
*
*
*
    Gamma (fator de carga) = 1.76758 (colapso em 1.77747; 7 passos, 103 it., 8 cortes, 29.3483 s) ok
    tempo total 29.7016 s
