[adapt] nível 0: 5338 equações, Gamma = 2.57198; dividindo 22 + 15 elementos (4.56996 s)
inserting uniform refpattern: quadrilateral
inserting uniform refpattern: line
[adapt] nível 1: 6222 equações, Gamma = 2.47867; dividindo 58 + 38 elementos (6.42479 s)
*
*
*
*
*
*
*
*
*
*
*
*
*
*
*
*
*
*
*
*
*
*
*
*
*
*
*
*
*
*
*
*
*
*
*
*
*
*
*
*
*
*
*
*
*
*
*
*
*
*
*
*
*
*
*
*
*
*
*
*
*
*
*
*
*
*
*
*
*
*
*
*
*
*
*
*
*
*
*
*
*
*
*
*
*
*
*
*
*
*
*
*
*
*
*
*
*
*
*
*
*
*
*
*
[adapt] nível 2: 8490 equações, Gamma = 2.44653; dividindo 170 + 87 elementos (10.2317 s)
[adapt] malha adaptada (3 níveis) gravada em malha_percolacao_h1_1e862acd.malha

=== percolacao (mc): H = 5 m, beta = 30 graus, crista 20 m, pe 20 m, base 10 m abaixo do pe (dominio 48.6603 x 15 m), h = 1 m, quadrilateros
    c = 6 kPa, phi = 32 graus, gamma = 18 (forca de corpo gamma'), percolacao hw = 2.500000
    14526 equacoes, 16245 pontos de integracao
*
    funcional hidraulico J(u_FE)/(kh H^2 gw^2) = 0.117235
*
*
*
*
*
*
*
*
*
*
*
*
*
*
*
*
*
*
*
*
*
*
*
*
*
*
*
*
*
*
*
*
*
*
*
*
*
*
*
*
*
*
*
*
*
*
*
*
*
*
*
*
*
*
*
*
*
*
*
*
*
*
*
*
*
*
*
*
*
*
*
*
*
*
*
*
*
*
*
*
*
*
*
*
*
*
*
*
*
*
*
*
*
*
*
*
*
*
*
*
*
*
*
*
*
*
*
*
*
*
*
*
*
*
*
*
*
*
*
*
*
*
*
*
*
*
*
*
*
*
*
*
*
*
*
*
*
*
*
*
*
*
*
    Gamma (fator de carga) = 2.42017 (colapso em 2.435; 8 passos, 126 it., 8 cortes, 41.3505 s) ok
    tempo total 41.8791 s
