[adapt] nível 0: 5090 equações, Gamma = 50; dividindo 11 + 11 elementos (3.00366 s)
inserting uniform refpattern: quadrilateral
inserting uniform refpattern: line
[adapt] nível 1: 5610 equações, Gamma = 50; dividindo 33 + 24 elementos (9.57696 s)
[adapt] nível 2: 6966 equações, Gamma = 46.1049; dividindo 109 + 56 elementos (19.6509 s)
[adapt] malha adaptada (3 níveis) gravada em malha_percolacao_h1_5c99845f.malha

=== percolacao (mc): H = 5 m, beta = 35 graus, crista 20 m, pe 20 m, base 10 m abaixo do pe (dominio 47.1407 x 15 m), h = 1 m, quadrilateros
    c = 6 kPa, phi = 32 graus, gamma = 18 (forca de corpo gamma'), percolacao hw = 0.000000
    10858 equacoes, 12033 pontos de integracao
*
    funcional hidraulico J(u_FE)/(kh H^2 gw^2) = 0
*
*
*
*
*
*
*
*
*
*
*
*
*
*
*
*
*
*
*
*
*
*
*
*
*
*
*
*
*
*
*
*
*
*
*
*
*
*
*
*
*
*
*
*
*
*
*
*
*
*
*
*
*
*
*
*
*
*
*
*
*
*
*
*
*
*
*
*
*
*
*
*
*
*
*
*
*
*
*
*
*
*
*
*
*
*
*
*
*
*
*
*
*
*
*
*
*
*
*
*
*
*
*
*
*
*
*
*
*
*
*
*
*
*
*
*
*
*
*
*
*
*
*
*
*
*
*
*
*
*
*
*
*
*
*
*
*
*
*
*
*
*
*
*
*
*
*
*
*
*
*
*
*
*
*
*
*
*
*
*
*
*
*
*
*
*
*
*
*
*
*
*
*
*
*
*
*
*
*
*
*
*
    Gamma (fator de carga) = 15.6182 (colapso em 15.7683; 14 passos, 160 it., 7 cortes, 21.3399 s) ok
    tempo total 21.616 s
