[adapt] nível 0: 5090 equações, Gamma = 1.466; dividindo 20 + 15 elementos (2.8099 s)
inserting uniform refpattern: quadrilateral
inserting uniform refpattern: line
[adapt] nível 1: 5922 equações, Gamma = 1.39844; dividindo 53 + 40 elementos (2.45136 s)
*
*
*
*
*
*
*
*
*
*
*
*
*
*
*
*
*
*
*
*
*
*
*
*
*
*
*
*
*
*
*
*
*
*
*
*
*
*
*
*
*
*
*
*
*
*
*
*
*
*
*
*
*
*
*
*
*
*
*
*
*
*
*
*
*
*
*
*
*
*
*
*
*
*
*
*
*
*
*
*
*
*
*
*
*
*
*
*
*
*
*
*
*
*
*
*
*
*
*
*
*
*
*
*
*
*
*
*
*
*
*
[adapt] nível 2: 8110 equações, Gamma = 1.36218; dividindo 136 + 84 elementos (6.83842 s)
[adapt] malha adaptada (3 níveis) gravada em malha_percolacao_h1_cd0047a1.malha

=== percolacao (mc): H = 5 m, beta = 35 graus, crista 20 m, pe 20 m, base 10 m abaixo do pe (dominio 47.1407 x 15 m), h = 1 m, quadrilateros
    c = 6 kPa, phi = 32 graus, gamma = 18 (forca de corpo gamma'), percolacao hw = 3.500000
    13250 equacoes, 14841 pontos de integracao
*
    funcional hidraulico J(u_FE)/(kh H^2 gw^2) = 0.210752
*
*
*
*
*
*
*
*
*
*
*
*
*
*
*
*
*
*
*
*
*
*
*
*
*
*
*
*
*
*
*
*
*
*
*
*
*
*
*
*
*
*
*
*
*
*
*
*
*
*
*
*
*
*
*
*
*
*
*
*
*
*
*
*
*
*
*
*
*
*
*
*
*
*
*
*
*
*
*
*
*
*
*
*
*
*
*
    Gamma (fator de carga) = 1.3457 (colapso em 1.35889; 5 passos, 74 it., 7 cortes, 17.6722 s) ok
    tempo total 17.9975 s
