[adapt] nível 0: 5338 equações, Gamma = 1.84915; dividindo 31 + 21 elementos (3.18517 s)
inserting uniform refpattern: quadrilateral
inserting uniform refpattern: line
[adapt] nível 1: 6574 equações, Gamma = 1.70331; dividindo 67 + 47 elementos (4.14131 s)
*
*
*
*
*
*
*
*
*
*
*
*
*
*
*
*
*
*
*
*
*
*
*
*
*
*
*
*
*
*
*
*
*
*
*
*
*
*
*
*
*
*
*
*
*
*
*
*
*
*
*
*
*
*
*
*
*
*
*
*
*
*
*
*
*
*
*
*
*
*
*
*
*
*
*
*
*
*
*
*
*
*
*
*
*
[adapt] nível 2: 9258 equações, Gamma = 1.66211; dividindo 157 + 96 elementos (6.80448 s)
[adapt] malha adaptada (3 níveis) gravada em malha_percolacao_h1_19756baa.malha

=== percolacao (mc): H = 5 m, beta = 30 graus, crista 20 m, pe 20 m, base 10 m abaixo do pe (dominio 48.6603 x 15 m), h = 1 m, quadrilateros
    c = 6 kPa, phi = 32 graus, gamma = 18 (forca de corpo gamma'), percolacao hw = 4.000000
    15166 equacoes, 17028 pontos de integracao
*
    funcional hidraulico J(u_FE)/(kh H^2 gw^2) = 0.239035
*
*
*
*
*
*
*
*
*
*
*
*
*
*
*
*
*
*
*
*
*
*
*
*
*
*
*
*
*
*
*
*
*
*
*
*
*
*
*
*
*
*
*
*
*
*
*
*
*
*
*
*
*
*
*
*
*
*
*
*
*
*
*
*
*
*
*
*
*
*
*
*
*
*
*
*
*
*
*
*
*
*
*
*
*
*
*
*
*
*
*
*
*
*
*
*
*
*
*
*
*
*
*
*
*
*
*
*
*
*
*
*
    Gamma (fator de carga) = 1.62256 (colapso em 1.63245; 6 passos, 97 it., 8 cortes, 33.3636 s) ok
    tempo total 33.7547 s
