[adapt] nível 0: 5338 equações, Gamma = 2.14743; dividindo 21 + 16 elementos (3.9251 s)
inserting uniform refpattern: quadrilateral
inserting uniform refpattern: line
[adapt] nível 1: 6222 equações, Gamma = 2.06668; dividindo 56 + 44 elementos (5.53972 s)
*
*
*
*
*
*
*
*
*
*
*
*
*
*
*
*
*
*
*
*
*
*
*
*
*
*
*
*
*
*
*
*
*
*
*
*
*
*
*
*
*
*
*
*
*
*
*
*
*
*
*
*
*
*
*
*
*
*
*
*
*
*
*
*
*
*
*
*
*
*
*
*
*
*
*
*
*
*
*
*
*
*
*
*
*
*
*
*
*
*
*
*
*
*
*
*
*
[adapt] nível 2: 8570 equações, Gamma = 2.04443; dividindo 158 + 90 elementos (10.3406 s)
[adapt] malha adaptada (3 níveis) gravada em malha_percolacao_h1_81e50f62.malha

=== percolacao (mc): H = 5 m, beta = 30 graus, crista 20 m, pe 20 m, base 10 m abaixo do pe (dominio 48.6603 x 15 m), h = 1 m, quadrilateros
    c = 6 kPa, phi = 32 graus, gamma = 18 (forca de corpo gamma'), percolacao hw = 3.000000
    14374 equacoes, 16110 pontos de integracao
*
    funcional hidraulico J(u_FE)/(kh H^2 gw^2) = 0.155692
*
*
*
*
*
*
*
*
*
*
*
*
*
*
*
*
*
*
*
*
*
*
*
*
*
*
*
*
*
*
*
*
*
*
*
*
*
*
*
*
*
*
*
*
*
*
*
*
*
*
*
*
*
*
*
*
*
*
*
*
*
*
*
*
*
*
*
*
*
*
*
*
*
*
*
*
*
*
*
*
*
*
*
*
*
*
*
*
*
*
*
*
*
*
*
*
*
*
*
*
*
*
*
*
*
*
*
*
    Gamma (fator de carga) = 2.02466 (colapso em 2.04443; 7 passos, 93 it., 7 cortes, 28.6342 s) ok
    tempo total 29.1771 s
