[adapt] nível 0: 5090 equações, Gamma = 1.61566; dividindo 20 + 15 elementos (3.46073 s)
inserting uniform refpattern: quadrilateral
inserting uniform refpattern: line
[adapt] nível 1: 5922 equações, Gamma = 1.53687; dividindo 52 + 40 elementos (3.92516 s)
*
*
*
*
*
*
*
*
*
*
*
*
*
*
*
*
*
*
*
*
*
*
*
*
*
*
*
*
*
*
*
*
*
*
*
*
*
*
*
*
*
*
*
*
*
*
*
*
*
*
*
*
*
*
*
*
*
*
*
*
*
*
*
*
*
*
*
*
*
*
*
*
*
*
*
*
*
*
*
*
*
*
*
*
*
*
*
*
*
*
*
*
*
*
*
*
*
*
[adapt] nível 2: 8082 equações, Gamma = 1.5072; dividindo 138 + 85 elementos (6.20466 s)
[adapt] malha adaptada (3 níveis) gravada em malha_percolacao_h1_4d83141a.malha

=== percolacao (mc): H = 5 m, beta = 35 graus, crista 20 m, pe 20 m, base 10 m abaixo do pe (dominio 47.1407 x 15 m), h = 1 m, quadrilateros
    c = 6 kPa, phi = 32 graus, gamma = 18 (forca de corpo gamma'), percolacao hw = 3.000000
    13294 equacoes, 14895 pontos de integracao
*
    funcional hidraulico J(u_FE)/(kh H^2 gw^2) = 0.166589
*
*
*
*
*
*
*
*
*
*
*
*
*
*
*
*
*
*
*
*
*
*
*
*
*
*
*
*
*
*
*
*
*
*
*
*
*
*
*
*
*
*
*
*
*
*
*
*
*
*
*
*
*
*
*
*
*
*
*
*
*
*
*
*
*
*
*
*
*
*
*
*
*
*
*
*
*
*
*
*
*
*
*
*
*
*
*
*
*
*
*
*
*
*
*
*
*
*
*
*
*
*
*
*
*
*
*
*
*
*
*
*
*
*
*
*
*
*
*
*
*
*
*
*
*
*
*
*
*
*
*
*
*
*
*
*
*
*
*
*
*
*
*
*
*
*
*
    Gamma (fator de carga) = 1.49951 (colapso em 1.5127; 9 passos, 130 it., 7 cortes, 31.9798 s) ok
    tempo total 32.3167 s
