[adapt] nível 0: 5338 equações, Gamma = 4.39441; dividindo 16 + 12 elementos (3.23673 s)
inserting uniform refpattern: quadrilateral
inserting uniform refpattern: line
[adapt] nível 1: 6006 equações, Gamma = 4.24609; dividindo 69 + 53 elementos (2.94666 s)
*
*
*
*
*
*
*
*
*
*
*
*
*
*
*
*
*
*
*
*
*
*
*
*
*
*
*
*
*
*
*
*
*
*
*
*
*
*
*
*
*
*
*
*
*
*
*
*
*
*
*
*
*
*
*
*
*
*
*
*
*
*
*
*
*
*
*
*
*
*
*
*
*
*
*
*
*
*
*
*
*
*
*
*
*
*
*
*
*
*
*
*
*
*
*
*
[adapt] nível 2: 8878 equações, Gamma = 4.12744; dividindo 236 + 118 elementos (6.61526 s)
[adapt] malha adaptada (3 níveis) gravada em malha_percolacao_h1_c115d12b.malha

=== percolacao (mc): H = 5 m, beta = 30 graus, crista 20 m, pe 20 m, base 10 m abaixo do pe (dominio 48.6603 x 15 m), h = 1 m, quadrilateros
    c = 6 kPa, phi = 32 graus, gamma = 18 (forca de corpo gamma'), percolacao hw = 1.500000
    17194 equacoes, 19323 pontos de integracao
**
    funcional hidraulico J(u_FE)/(kh H^2 gw^2) = 0.0512091
**
**
**
**
**
**
**
**
**
**
**
**
**
**
**
**
**
**
**
**
**
**
**
**
**
**
**
**
**
**
**
**
**
**
**
**
**
**
**
**
**
**
**
**
**
**
**
**
**
**
**
**
**
**
**
**
**
**
**
**
**
**
**
**
**
**
**
**
**
**
**
**
**
**
**
**
**
**
**
**
**
**
**
**
**
**
**
**
**
**
**
**
**
**
**
**
**
**
**
**
**
**
**
**
**
**
**
**
    Gamma (fator de carga) = 4.11755 (colapso em 4.14722; 8 passos, 92 it., 7 cortes, 49.745 s) ok
    tempo total 50.2175 s
