[adapt] nível 0: 4594 equações, Gamma = 0.778809; dividindo 15 + 15 elementos (2.15732 s)
inserting uniform refpattern: quadrilateral
inserting uniform refpattern: line
[adapt] nível 1: 5306 equações, Gamma = 0.695312; dividindo 37 + 28 elementos (2.09995 s)
[adapt] nível 2: 6834 equações, Gamma = 0.671692; dividindo 103 + 61 elementos (4.66461 s)
[adapt] malha adaptada (3 níveis) gravada em malha_percolacao_h1_2d3d7270.malha

=== percolacao (mc): H = 5 m, beta = 60 graus, crista 20 m, pe 20 m, base 10 m abaixo do pe (dominio 42.8868 x 15 m), h = 1 m, quadrilateros
    c = 6 kPa, phi = 32 graus, gamma = 18 (forca de corpo gamma'), percolacao hw = 4.500000
    10678 equacoes, 11898 pontos de integracao
*
    funcional hidraulico J(u_FE)/(kh H^2 gw^2) = 0.388525
*
*
*
*
*
*
*
*
*
*
*
*
*
*
*
*
*
*
*
*
*
*
*
*
*
*
*
*
*
*
*
*
*
*
*
*
*
*
*
*
*
*
*
*
*
*
*
*
*
*
*
*
*
*
*
*
*
*
*
*
*
*
*
*
*
*
*
*
*
*
*
*
*
*
*
*
*
*
*
*
*
*
*
*
*
*
*
*
    Gamma (fator de carga) = 0.657227 (colapso em 0.661621; 4 passos, 75 it., 8 cortes, 9.89456 s) ok
    tempo total 10.1506 s
