[adapt] nível 0: 4594 equações, Gamma = 1.92516; dividindo 13 + 11 elementos (2.80917 s)
inserting uniform refpattern: quadrilateral
inserting uniform refpattern: line
[adapt] nível 1: 5166 equações, Gamma = 1.79353; dividindo 32 + 25 elementos (2.92957 s)
[adapt] nível 2: 6510 equações, Gamma = 1.71814; dividindo 98 + 58 elementos (4.15899 s)
[adapt] malha adaptada (3 níveis) gravada em malha_percolacao_h1_ca386fd6.malha

=== percolacao (mc): H = 5 m, beta = 60 graus, crista 20 m, pe 20 m, base 10 m abaixo do pe (dominio 42.8868 x 15 m), h = 1 m, quadrilateros
    c = 6 kPa, phi = 32 graus, gamma = 18 (forca de corpo gamma'), percolacao hw = 0.500000
    10170 equacoes, 11304 pontos de integracao
*
    funcional hidraulico J(u_FE)/(kh H^2 gw^2) = 0.0102851
*
*
*
*
*
*
*
*
*
*
*
*
*
*
*
*
*
*
*
*
*
*
*
*
*
*
*
*
*
*
*
*
*
*
*
*
*
*
*
*
*
*
*
*
*
*
*
*
*
*
*
*
*
*
*
*
*
*
*
*
*
*
*
*
*
*
*
*
*
*
*
*
*
*
*
*
*
*
*
*
*
*
*
*
*
*
*
*
*
*
*
*
*
*
*
*
*
*
*
*
*
*
*
*
    Gamma (fator de carga) = 1.70166 (colapso em 1.71155; 6 passos, 89 it., 8 cortes, 11.022 s) ok
    tempo total 11.2598 s
