[adapt] nível 0: 4594 equações, Gamma = 0.80188; dividindo 17 + 15 elementos (2.22315 s)
inserting uniform refpattern: quadrilateral
inserting uniform refpattern: line
[adapt] nível 1: 5354 equações, Gamma = 0.72168; dividindo 38 + 29 elementos (2.55863 s)
[adapt] nível 2: 6930 equações, Gamma = 0.686523; dividindo 105 + 64 elementos (4.09359 s)
[adapt] malha adaptada (3 níveis) gravada em malha_percolacao_h1_a0ab88c9.malha

=== percolacao (mc): H = 5 m, beta = 60 graus, crista 20 m, pe 20 m, base 10 m abaixo do pe (dominio 42.8868 x 15 m), h = 1 m, quadrilateros
    c = 6 kPa, phi = 32 graus, gamma = 18 (forca de corpo gamma'), percolacao hw = 5.000000
    10886 equacoes, 12141 pontos de integracao
*
    funcional hidraulico J(u_FE)/(kh H^2 gw^2) = 0.447467
*
*
*
*
*
*
*
*
*
*
*
*
*
*
*
*
*
*
*
*
*
*
*
*
*
*
*
*
*
*
*
*
*
*
*
*
*
*
*
*
*
*
*
*
*
*
*
*
*
*
*
*
*
*
*
*
*
*
*
*
*
*
*
*
*
*
*
*
*
*
*
*
*
*
*
    Gamma (fator de carga) = 0.671875 (colapso em 0.67627; 3 passos, 63 it., 8 cortes, 9.37524 s) ok
    tempo total 9.63309 s
