[adapt] nível 0: 5338 equações, Gamma = 2.37832; dividindo 48 + 29 elementos (4.10794 s)
inserting uniform refpattern: quadrilateral
inserting uniform refpattern: line
[adapt] nível 1: 7170 equações, Gamma = 2.229; dividindo 95 + 60 elementos (4.35347 s)
*
*
*
*
*
*
*
*
*
*
*
*
*
*
*
*
*
*
*
*
*
*
*
*
*
*
*
*
*
*
*
*
*
*
*
*
*
*
*
*
*
*
*
*
*
*
*
*
*
*
*
*
*
*
*
*
*
*
*
*
*
*
*
*
*
*
*
*
*
*
*
*
*
*
*
*
[adapt] nível 2: 10806 equações, Gamma = 2.18945; dividindo 238 + 118 elementos (8.38232 s)
[adapt] malha adaptada (3 níveis) gravada em malha_percolacao_h1_e0fc3a01.malha

=== percolacao (mc): H = 5 m, beta = 30 graus, crista 20 m, pe 20 m, base 10 m abaixo do pe (dominio 48.6603 x 15 m), h = 1 m, quadrilateros
    c = 11.7 kPa, phi = 24.7 graus, gamma = 18 (forca de corpo gamma'), percolacao hw = 5.000000
    19158 equacoes, 21591 pontos de integracao
**
    funcional hidraulico J(u_FE)/(kh H^2 gw^2) = 0.32469
**
**
**
**
**
**
**
**
**
**
**
**
**
**
**
**
**
**
**
**
**
**
**
**
**
**
**
**
**
**
**
**
**
**
**
**
**
**
**
**
**
**
**
**
**
**
**
**
**
**
**
**
**
**
**
**
**
**
**
**
**
**
**
**
**
**
**
**
**
**
**
**
**
**
**
**
**
**
**
**
**
**
**
**
**
**
**
**
**
**
**
**
**
**
**
**
**
**
**
**
**
**
**
**
**
**
**
**
**
**
**
**
**
**
**
**
**
**
**
**
**
**
**
**
**
    Gamma (fator de carga) = 2.16556 (colapso em 2.18224; 8 passos, 107 it., 9 cortes, 53.1962 s) ok
    tempo total 53.7338 s
