[adapt] nível 0: 5338 equações, Gamma = 2.57198; dividindo 37 + 24 elementos (3.25141 s)
inserting uniform refpattern: quadrilateral
inserting uniform refpattern: line
[adapt] nível 1: 6790 equações, Gamma = 2.40698; dividindo 73 + 58 elementos (3.72314 s)
*
*
*
*
*
*
*
*
*
*
*
*
*
*
*
*
*
*
*
*
*
*
*
*
*
*
*
*
*
*
*
*
*
*
*
*
*
*
*
*
*
*
*
*
*
*
*
*
*
*
*
*
*
*
*
*
*
*
*
*
*
*
*
*
*
*
*
*
*
*
*
*
*
*
*
*
*
*
*
*
*
*
*
*
*
*
*
*
*
*
[adapt] nível 2: 9850 equações, Gamma = 2.37732; dividindo 183 + 106 elementos (8.4387 s)
[adapt] malha adaptada (3 níveis) gravada em malha_percolacao_h1_7dc4d41f.malha

=== percolacao (mc): H = 5 m, beta = 30 graus, crista 20 m, pe 20 m, base 10 m abaixo do pe (dominio 48.6603 x 15 m), h = 1 m, quadrilateros
    c = 11.7 kPa, phi = 24.7 graus, gamma = 18 (forca de corpo gamma'), percolacao hw = 3.500000
    16606 equacoes, 18702 pontos de integracao
**
    funcional hidraulico J(u_FE)/(kh H^2 gw^2) = 0.196601
**
**
**
**
**
**
**
**
**
**
**
**
**
**
**
**
**
**
**
**
**
**
**
**
**
**
**
**
**
**
**
**
**
**
**
**
**
**
**
**
**
**
**
**
**
**
**
**
**
**
**
**
**
**
**
**
**
**
**
**
**
**
**
**
**
**
**
**
**
**
**
**
**
**
**
**
**
**
**
**
**
**
**
**
**
**
**
**
**
**
**
**
**
**
**
**
**
**
**
**
**
**
**
**
**
    Gamma (fator de carga) = 2.36084 (colapso em 2.37567; 7 passos, 89 it., 8 cortes, 37.6577 s) ok
    tempo total 38.0971 s
