[adapt] nível 0: 5090 equações, Gamma = 2.06668; dividindo 36 + 21 elementos (2.85682 s)
inserting uniform refpattern: quadrilateral
inserting uniform refpattern: line
[adapt] nível 1: 6450 equações, Gamma = 1.93567; dividindo 79 + 47 elementos (3.67084 s)
*
*
*
*
*
*
*
*
*
*
*
*
*
*
*
*
*
*
*
*
*
*
*
*
*
*
*
*
*
*
*
*
*
*
*
*
*
*
*
*
*
*
*
*
*
*
*
*
*
*
*
*
*
*
*
*
*
*
*
*
*
*
*
*
*
*
*
*
*
*
*
*
*
*
*
*
*
*
*
*
*
*
*
*
*
*
*
*
*
*
*
*
*
*
*
*
*
*
*
*
*
*
*
*
*
*
*
*
*
*
*
*
*
*
*
*
*
*
[adapt] nível 2: 9410 equações, Gamma = 1.86831; dividindo 164 + 92 elementos (10.2003 s)
[adapt] malha adaptada (3 níveis) gravada em malha_percolacao_h1_36e7c903.malha

=== percolacao (mc): H = 5 m, beta = 35 graus, crista 20 m, pe 20 m, base 10 m abaixo do pe (dominio 47.1407 x 15 m), h = 1 m, quadrilateros
    c = 11.7 kPa, phi = 24.7 graus, gamma = 18 (forca de corpo gamma'), percolacao hw = 4.000000
    15398 equacoes, 17298 pontos de integracao
**
    funcional hidraulico J(u_FE)/(kh H^2 gw^2) = 0.256817
*
*
*
*
*
*
*
*
*
*
*
*
*
*
*
*
*
*
*
*
*
*
*
*
*
*
*
*
*
*
*
*
*
*
*
*
*
*
*
*
*
*
*
*
*
*
*
*
*
*
*
*
*
*
*
*
*
*
*
*
*
*
*
*
*
*
*
*
*
*
*
*
*
*
*
*
*
*
*
*
*
*
*
*
*
*
*
*
*
*
*
*
*
*
*
    Gamma (fator de carga) = 1.84668 (colapso em 1.85657; 6 passos, 80 it., 8 cortes, 25.0342 s) ok
    tempo total 25.4274 s
