[adapt] nível 0: 5338 equações, Gamma = 2.36929; dividindo 43 + 26 elementos (3.48125 s)
inserting uniform refpattern: quadrilateral
inserting uniform refpattern: line
[adapt] nível 1: 6982 equações, Gamma = 2.23024; dividindo 94 + 58 elementos (4.54382 s)
*
*
*
*
*
*
*
*
*
*
*
*
*
*
*
*
*
*
*
*
*
*
*
*
*
*
*
*
*
*
*
*
*
*
*
*
*
*
*
*
*
*
*
*
*
*
*
*
*
*
*
*
*
*
*
*
*
*
*
*
*
*
*
*
*
*
*
*
*
*
*
*
*
*
*
*
*
*
*
*
*
*
*
*
*
*
*
*
*
*
*
*
*
*
[adapt] nível 2: 10546 equações, Gamma = 2.17627; dividindo 225 + 114 elementos (9.81736 s)
[adapt] malha adaptada (3 níveis) gravada em malha_percolacao_h1_075fa060.malha

=== percolacao (mc): H = 5 m, beta = 30 graus, crista 20 m, pe 20 m, base 10 m abaixo do pe (dominio 48.6603 x 15 m), h = 1 m, quadrilateros
    c = 11.7 kPa, phi = 24.7 graus, gamma = 18 (forca de corpo gamma'), percolacao hw = 4.500000
    18498 equacoes, 20835 pontos de integracao
**
    funcional hidraulico J(u_FE)/(kh H^2 gw^2) = 0.282223
**
**
**
**
**
**
**
**
**
**
**
**
**
**
**
**
**
**
**
**
**
**
**
**
**
**
**
**
**
**
**
**
**
**
**
**
**
**
**
**
**
**
**
**
**
**
**
**
**
**
**
**
**
**
**
**
**
**
**
**
**
**
**
**
**
**
**
**
**
**
**
**
**
**
**
**
**
**
**
**
**
**
**
**
**
**
**
**
**
**
**
**
**
**
**
**
**
**
**
**
**
**
**
**
**
**
**
**
**
**
**
**
**
**
**
**
**
**
**
**
**
**
**
**
**
**
    Gamma (fator de carga) = 2.13589 (colapso em 2.15258; 8 passos, 108 it., 9 cortes, 49.3308 s) ok
    tempo total 49.8035 s
