[adapt] nível 0: 5090 equações, Gamma = 2.02404; dividindo 39 + 27 elementos (3.39113 s)
inserting uniform refpattern: quadrilateral
inserting uniform refpattern: line
[adapt] nível 1: 6662 equações, Gamma = 1.89735; dividindo 82 + 53 elementos (4.71203 s)
*
*
*
*
*
*
*
*
*
*
*
*
*
*
*
*
*
*
*
*
*
*
*
*
*
*
*
*
*
*
*
*
*
*
*
*
*
*
*
*
*
*
*
*
*
*
*
*
*
*
*
*
*
*
*
*
*
*
*
*
*
*
*
*
*
*
*
*
*
*
*
*
*
*
*
*
*
*
*
*
*
*
*
*
*
*
*
*
*
*
*
*
*
*
*
[adapt] nível 2: 9830 equações, Gamma = 1.84668; dividindo 198 + 106 elementos (8.54075 s)
[adapt] malha adaptada (3 níveis) gravada em malha_percolacao_h1_1f52aa2a.malha

=== percolacao (mc): H = 5 m, beta = 35 graus, crista 20 m, pe 20 m, base 10 m abaixo do pe (dominio 47.1407 x 15 m), h = 1 m, quadrilateros
    c = 11.7 kPa, phi = 24.7 graus, gamma = 18 (forca de corpo gamma'), percolacao hw = 5.000000
    16962 equacoes, 19080 pontos de integracao
**
    funcional hidraulico J(u_FE)/(kh H^2 gw^2) = 0.349869
**
**
**
**
**
**
**
**
**
**
**
**
**
**
**
**
**
**
**
**
**
**
**
**
**
**
**
**
**
**
**
**
**
**
**
**
**
**
**
**
**
**
**
**
**
**
**
**
**
**
**
**
**
**
**
**
**
**
**
**
**
**
**
**
**
**
**
**
**
**
**
**
**
**
**
**
**
**
**
**
**
**
**
**
**
**
**
**
**
**
**
**
**
**
**
**
**
**
**
**
**
**
**
**
**
**
**
    Gamma (fator de carga) = 1.83803 (colapso em 1.85471; 7 passos, 90 it., 9 cortes, 34.0891 s) ok
    tempo total 34.5304 s
