[adapt] nível 0: 5090 equações, Gamma = 1.98511; dividindo 34 + 23 elementos (2.67413 s)
inserting uniform refpattern: quadrilateral
inserting uniform refpattern: line
[adapt] nível 1: 6450 equações, Gamma = 1.88623; dividindo 78 + 50 elementos (3.97228 s)
*
*
*
*
*
*
*
*
*
*
*
*
*
*
*
*
*
*
*
*
*
*
*
*
*
*
*
*
*
*
*
*
*
*
*
*
*
*
*
*
*
*
*
*
*
*
*
*
*
*
*
*
*
*
*
*
*
*
*
*
*
*
*
*
*
*
*
*
*
*
*
*
*
*
*
*
*
*
*
*
*
*
*
*
*
*
*
*
*
*
*
*
*
*
*
*
*
*
*
*
*
*
*
*
*
*
*
*
*
[adapt] nível 2: 9450 equações, Gamma = 1.82938; dividindo 202 + 94 elementos (9.23608 s)
[adapt] malha adaptada (3 níveis) gravada em malha_percolacao_h1_09323eee.malha

=== percolacao (mc): H = 5 m, beta = 35 graus, crista 20 m, pe 20 m, base 10 m abaixo do pe (dominio 47.1407 x 15 m), h = 1 m, quadrilateros
    c = 11.7 kPa, phi = 24.7 graus, gamma = 18 (forca de corpo gamma'), percolacao hw = 4.500000
    16394 equacoes, 18432 pontos de integracao
**
    funcional hidraulico J(u_FE)/(kh H^2 gw^2) = 0.30372
**
**
**
**
**
**
**
**
**
**
**
**
**
**
**
**
**
**
**
**
**
**
**
**
**
**
**
**
**
**
**
**
**
**
**
**
**
**
**
**
**
**
**
**
**
**
**
**
**
**
**
**
**
**
**
**
**
**
**
**
**
**
**
**
**
**
**
**
**
**
**
**
**
**
**
**
**
**
**
**
**
**
**
**
**
**
**
**
**
**
**
**
**
**
**
**
**
**
**
**
**
**
**
**
**
**
**
**
    Gamma (fator de carga) = 1.80878 (colapso em 1.8199; 7 passos, 91 it., 9 cortes, 36.6286 s) ok
    tempo total 37.0649 s
