[adapt] nível 0: 5090 equações, Gamma = 3.09603; dividindo 22 + 15 elementos (3.73089 s)
inserting uniform refpattern: quadrilateral
inserting uniform refpattern: line
[adapt] nível 1: 5974 equações, Gamma = 2.96255; dividindo 62 + 44 elementos (5.22687 s)
*
*
*
*
*
*
*
*
*
*
*
*
*
*
*
*
*
*
*
*
*
*
*
*
*
*
*
*
*
*
*
*
*
*
*
*
*
*
*
*
*
*
*
*
*
*
*
*
*
*
*
*
*
*
*
*
*
*
*
*
*
*
*
*
*
*
*
*
*
*
*
*
*
*
*
*
*
*
*
*
*
*
*
*
*
*
*
*
*
*
*
*
*
*
*
*
*
*
*
*
[adapt] nível 2: 8466 equações, Gamma = 2.92361; dividindo 158 + 88 elementos (8.65706 s)
[adapt] malha adaptada (3 níveis) gravada em malha_percolacao_h1_3176b5fe.malha

=== percolacao (mc): H = 5 m, beta = 35 graus, crista 20 m, pe 20 m, base 10 m abaixo do pe (dominio 47.1407 x 15 m), h = 1 m, quadrilateros
    c = 11.7 kPa, phi = 24.7 graus, gamma = 18 (forca de corpo gamma'), percolacao hw = 2.000000
    14230 equacoes, 15948 pontos de integracao
*
    funcional hidraulico J(u_FE)/(kh H^2 gw^2) = 0.0874332
*
*
*
*
*
*
*
*
*
*
*
*
*
*
*
*
*
*
*
*
*
*
*
*
*
*
*
*
*
*
*
*
*
*
*
*
*
*
*
*
*
*
*
*
*
*
*
*
*
*
*
*
*
*
*
*
*
*
*
*
*
*
*
*
*
*
*
*
*
*
*
*
*
*
*
*
*
*
*
*
*
*
*
*
*
*
*
*
*
*
*
*
*
*
*
*
*
*
*
*
*
*
*
*
*
*
*
*
*
*
*
*
*
*
*
*
*
*
*
*
*
*
*
*
*
*
*
*
*
*
*
*
*
*
*
*
*
*
*
*
*
    Gamma (fator de carga) = 2.89642 (colapso em 2.91311; 10 passos, 121 it., 9 cortes, 42.7114 s) ok
    tempo total 43.1689 s
