[adapt] nível 0: 5090 equações, Gamma = 3.87438; dividindo 24 + 16 elementos (3.01926 s)
inserting uniform refpattern: quadrilateral
inserting uniform refpattern: line
[adapt] nível 1: 6042 equações, Gamma = 3.74553; dividindo 66 + 38 elementos (3.75503 s)
*
*
*
*
*
*
*
*
*
*
*
*
*
*
*
*
*
*
*
*
*
*
*
*
*
*
*
*
*
*
*
*
*
*
*
*
*
*
*
*
*
*
*
*
*
*
*
*
*
*
*
*
*
*
*
*
*
*
*
*
*
*
*
*
*
*
*
*
*
*
*
*
*
*
*
*
*
*
*
*
*
*
*
*
*
*
*
*
*
*
*
*
*
*
*
*
*
*
*
*
*
*
*
[adapt] nível 2: 8494 equações, Gamma = 3.67508; dividindo 157 + 87 elementos (7.23561 s)
[adapt] malha adaptada (3 níveis) gravada em malha_percolacao_h1_690a8694.malha

=== percolacao (mc): H = 5 m, beta = 35 graus, crista 20 m, pe 20 m, base 10 m abaixo do pe (dominio 47.1407 x 15 m), h = 1 m, quadrilateros
    c = 11.7 kPa, phi = 24.7 graus, gamma = 18 (forca de corpo gamma'), percolacao hw = 1.500000
    14210 equacoes, 15921 pontos de integracao
*
    funcional hidraulico J(u_FE)/(kh H^2 gw^2) = 0.0544457
*
*
*
*
*
*
*
*
*
*
*
*
*
*
*
*
*
*
*
*
*
*
*
*
*
*
*
*
*
*
*
*
*
*
*
*
*
*
*
*
*
*
*
*
*
*
*
*
*
*
*
*
*
*
*
*
*
*
*
*
*
*
*
*
*
*
*
*
*
*
*
*
*
*
*
*
*
*
*
*
*
*
*
*
*
*
*
*
*
*
*
*
*
*
*
*
*
*
*
*
*
*
*
*
*
*
*
*
*
*
*
*
*
*
*
*
*
*
*
*
*
*
*
*
*
*
*
*
*
*
*
*
*
*
    Gamma (fator de carga) = 3.65036 (colapso em 3.68373; 10 passos, 115 it., 8 cortes, 28.2139 s) ok
    tempo total 28.5617 s
