[adapt] nível 0: 4594 equações, Gamma = 1.26495; dividindo 19 + 16 elementos (2.35153 s)
inserting uniform refpattern: quadrilateral
inserting uniform refpattern: line
[adapt] nível 1: 5426 equações, Gamma = 1.19629; dividindo 50 + 32 elementos (2.55851 s)
[adapt] nível 2: 7362 equações, Gamma = 1.16415; dividindo 117 + 58 elementos (5.48466 s)
[adapt] malha adaptada (3 níveis) gravada em malha_percolacao_h1_dfaa1657.malha

=== percolacao (mc): H = 5 m, beta = 60 graus, crista 20 m, pe 20 m, base 10 m abaixo do pe (dominio 42.8868 x 15 m), h = 1 m, quadrilateros
    c = 11.7 kPa, phi = 24.7 graus, gamma = 18 (forca de corpo gamma'), percolacao hw = 3.500000
    11470 equacoes, 12789 pontos de integracao
*
    funcional hidraulico J(u_FE)/(kh H^2 gw^2) = 0.268636
*
*
*
*
*
*
*
*
*
*
*
*
*
*
*
*
*
*
*
*
*
*
*
*
*
*
*
*
*
*
*
*
*
*
*
*
*
*
*
*
*
*
*
*
*
*
*
*
*
*
*
*
*
*
*
*
*
*
*
*
*
*
*
*
*
*
*
*
*
*
*
*
*
*
*
*
*
*
*
*
*
*
*
*
*
*
*
*
*
*
*
*
*
*
*
*
*
*
*
*
*
*
*
*
*
*
*
*
*
*
*
*
*
*
*
*
*
*
*
*
*
*
*
*
*
*
*
    Gamma (fator de carga) = 1.13995 (colapso em 1.14621; 8 passos, 107 it., 11 cortes, 16.5403 s) ok
    tempo total 16.8575 s
