[adapt] nível 0: 4594 equações, Gamma = 2.22653; dividindo 16 + 16 elementos (2.52157 s)
inserting uniform refpattern: quadrilateral
inserting uniform refpattern: line
[adapt] nível 1: 5354 equações, Gamma = 2.10046; dividindo 38 + 30 elementos (2.76014 s)
[adapt] nível 2: 6950 equações, Gamma = 2.04443; dividindo 104 + 58 elementos (3.60791 s)
[adapt] malha adaptada (3 níveis) gravada em malha_percolacao_h1_ea502d56.malha

=== percolacao (mc): H = 5 m, beta = 60 graus, crista 20 m, pe 20 m, base 10 m abaixo do pe (dominio 42.8868 x 15 m), h = 1 m, quadrilateros
    c = 11.7 kPa, phi = 24.7 graus, gamma = 18 (forca de corpo gamma'), percolacao hw = 1.000000
    10750 equacoes, 11979 pontos de integracao
*
    funcional hidraulico J(u_FE)/(kh H^2 gw^2) = 0.0343625
*
*
*
*
*
*
*
*
*
*
*
*
*
*
*
*
*
*
*
*
*
*
*
*
*
*
*
*
*
*
*
*
*
*
*
*
*
*
*
*
*
*
*
*
*
*
*
*
*
*
*
*
*
*
*
*
*
*
*
*
*
*
*
*
*
*
*
*
*
*
*
*
*
*
*
*
*
*
*
*
*
*
*
*
*
*
*
*
*
*
*
*
*
*
*
*
*
*
*
*
*
*
*
*
*
*
    Gamma (fator de carga) = 2.00735 (colapso em 2.02404; 7 passos, 89 it., 9 cortes, 14.2574 s) ok
    tempo total 14.5191 s
