[adapt] nível 0: 4594 equações, Gamma = 2.90137; dividindo 15 + 15 elementos (2.21593 s)
inserting uniform refpattern: quadrilateral
inserting uniform refpattern: line
[adapt] nível 1: 5306 equações, Gamma = 2.69373; dividindo 39 + 30 elementos (2.68276 s)
[adapt] nível 2: 6926 equações, Gamma = 2.60721; dividindo 123 + 67 elementos (4.85661 s)
[adapt] malha adaptada (3 níveis) gravada em malha_percolacao_h1_2fffda53.malha

=== percolacao (mc): H = 5 m, beta = 60 graus, crista 20 m, pe 20 m, base 10 m abaixo do pe (dominio 42.8868 x 15 m), h = 1 m, quadrilateros
    c = 11.7 kPa, phi = 24.7 graus, gamma = 18 (forca de corpo gamma'), percolacao hw = 0.500000
    11390 equacoes, 12708 pontos de integracao
*
    funcional hidraulico J(u_FE)/(kh H^2 gw^2) = 0.0102859
*
*
*
*
*
*
*
*
*
*
*
*
*
*
*
*
*
*
*
*
*
*
*
*
*
*
*
*
*
*
*
*
*
*
*
*
*
*
*
*
*
*
*
*
*
*
*
*
*
*
*
*
*
*
*
*
*
*
*
*
*
*
*
*
*
*
*
*
*
*
*
*
*
*
*
*
*
*
*
*
*
*
*
*
*
*
*
*
*
*
*
*
*
*
*
*
*
*
    Gamma (fator de carga) = 2.58496 (colapso em 2.59979; 6 passos, 83 it., 8 cortes, 13.0629 s) ok
    tempo total 13.3599 s
