[adapt] nível 0: 4594 equações, Gamma = 4.24609; dividindo 15 + 15 elementos (2.04189 s)
inserting uniform refpattern: quadrilateral
inserting uniform refpattern: line
[adapt] nível 1: 5306 equações, Gamma = 3.81598; dividindo 43 + 30 elementos (2.88244 s)
[adapt] nível 2: 7026 equações, Gamma = 3.71216; dividindo 100 + 58 elementos (4.73742 s)
[adapt] malha adaptada (3 níveis) gravada em malha_percolacao_h1_eea45462.malha

=== percolacao (mc): H = 5 m, beta = 60 graus, crista 20 m, pe 20 m, base 10 m abaixo do pe (dominio 42.8868 x 15 m), h = 1 m, quadrilateros
    c = 11.7 kPa, phi = 24.7 graus, gamma = 18 (forca de corpo gamma'), percolacao hw = 0.000000
    10726 equacoes, 11952 pontos de integracao
*
    funcional hidraulico J(u_FE)/(kh H^2 gw^2) = 0
*
*
*
*
*
*
*
*
*
*
*
*
*
*
*
*
*
*
*
*
*
*
*
*
*
*
*
*
*
*
*
*
*
*
*
*
*
*
*
*
*
*
*
*
*
*
*
*
*
*
*
*
*
*
*
*
*
*
*
*
*
*
*
*
*
*
*
*
*
*
*
*
*
*
*
*
*
*
*
*
*
*
*
*
*
*
    Gamma (fator de carga) = 3.61328 (colapso em 3.64294; 6 passos, 72 it., 7 cortes, 9.18679 s) ok
    tempo total 9.46022 s
