[adapt] nível 0: 4594 equações, Gamma = 1.43799; dividindo 17 + 15 elementos (2.68031 s)
inserting uniform refpattern: quadrilateral
inserting uniform refpattern: line
[adapt] nível 1: 5354 equações, Gamma = 1.35847; dividindo 44 + 31 elementos (4.65118 s)
[adapt] nível 2: 7118 equações, Gamma = 1.32016; dividindo 129 + 65 elementos (6.68136 s)
[adapt] malha adaptada (3 níveis) gravada em malha_percolacao_h1_e0389795.malha

=== percolacao (mc): H = 5 m, beta = 60 graus, crista 20 m, pe 20 m, base 10 m abaixo do pe (dominio 42.8868 x 15 m), h = 1 m, quadrilateros
    c = 11.7 kPa, phi = 24.7 graus, gamma = 18 (forca de corpo gamma'), percolacao hw = 2.500000
    11678 equacoes, 13032 pontos de integracao
*
    funcional hidraulico J(u_FE)/(kh H^2 gw^2) = 0.15856
*
*
*
*
*
*
*
*
*
*
*
*
*
*
*
*
*
*
*
*
*
*
*
*
*
*
*
*
*
*
*
*
*
*
*
*
*
*
*
*
*
*
*
*
*
*
*
*
*
*
*
*
*
*
*
*
*
*
*
*
*
*
*
*
*
*
*
*
*
*
*
*
*
*
*
*
*
*
*
*
*
*
*
*
*
*
*
*
*
*
*
*
*
*
*
*
*
*
*
*
*
*
*
    Gamma (fator de carga) = 1.30396 (colapso em 1.31137; 6 passos, 87 it., 9 cortes, 19.8631 s) ok
    tempo total 20.3618 s
