analytical field: beta 60 alpha 1 h_w/H 1: m = sqrt(C/D) 0.5889717531, C/h2e^2 0.262492322, D/h2e^2 0.7567068603, F 0.5234075403, 1/A 0.4774648293, I3 1.615192651, -J*/(kh H^2 gw^2) 0.5346500479
stability domain: H 5 m, beta 60 deg, h_w 5 m, box x in [-12.8868, 12.8868], y in [-17.8868, 0]
stability mesh gen: 186 triangles; water analytical, form u, gamma_ref 10.19; Newton cap 100, continuation tol 0.002
[GI] p = 0.5 converged (1 it.)
[GI] p = 1.25 converged (7 it.)
[GI] p = 2.375 failed (18 it.)
[GI] p = 1.8125 converged (58 it.)
[GI] p = 2.375 failed (12 it.)
[GI] p = 2.09375 failed (13 it.)
[GI] p = 1.95312 failed (14 it.)
[GI] p = 1.88281 failed (15 it.)
[GI] p = 1.84766 failed (16 it.)
[GI] p = 1.83008 failed (19 it.)
[GI] p = 1.82129 failed (24 it.)
[GI] p = 1.81689 failed (34 it.)
[GI] last converged p = 1.8125
[FS] cycle 0: 826 equations, lambda GI 1.8125 (6.37742 s); GI plastic zone x in [-2.64699, 2.88675], y in [-5, 0] (1 %: x in [-2.64699, 2.88675], y in [-5, 0])
inserting uniform refpattern: triangle
[GI] p = 0.5 converged (3 it.)
[GI] p = 1.25 converged (8 it.)
[GI] p = 2.375 failed (15 it.)
[GI] p = 1.8125 failed (21 it.)
[GI] p = 1.53125 converged (9 it.)
[GI] p = 1.8125 failed (21 it.)
[GI] p = 1.67188 failed (36 it.)
[GI] p = 1.60156 converged (21 it.)
[GI] p = 1.67188 failed (25 it.)
[GI] p = 1.63672 failed (48 it.)
[GI] p = 1.61914 converged (57 it.)
[GI] p = 1.63672 failed (25 it.)
[GI] p = 1.62793 failed (43 it.)
[GI] p = 1.62354 converged (70 it.)
[GI] p = 1.62793 failed (20 it.)
[GI] last converged p = 1.62354
[FS] cycle 1: 1056 equations, lambda GI 1.62354 (16.3004 s); GI plastic zone x in [-1.91522, 2.88675], y in [-5, 0] (1 %: x in [-2.64699, 2.88675], y in [-5, 0])
[GI] p = 0.5 converged (5 it.)
[GI] p = 1.25 converged (9 it.)
[GI] p = 2 failed (20 it.)
[GI] p = 1.625 failed (23 it.)
[GI] p = 1.4375 converged (9 it.)
[GI] p = 1.625 failed (23 it.)
[GI] p = 1.53125 converged (34 it.)
[GI] p = 1.625 failed (13 it.)
[GI] p = 1.57812 failed (15 it.)
[GI] p = 1.55469 failed (20 it.)
[GI] p = 1.54297 failed (31 it.)
[GI] p = 1.53711 failed (71 it.)
[GI] last converged p = 1.53125
[FS] cycle 2: 1754 equations, lambda GI 1.53125 (23.2066 s); GI plastic zone x in [-1.18344, 2.88675], y in [-5, 0] (1 %: x in [-1.54933, 2.88675], y in [-5, 0])
[GI] p = 0.5 converged (5 it.)
[GI] p = 1.25 converged (11 it.)
[GI] p = 2 failed (15 it.)
[GI] p = 1.625 failed (28 it.)
[GI] p = 1.4375 converged (11 it.)
[GI] p = 1.625 failed (18 it.)
[GI] p = 1.53125 failed (26 it.)
[GI] p = 1.48438 failed (96 it.)
[GI] p = 1.46094 converged (12 it.)
[GI] p = 1.48438 failed (101 it.)
[GI] p = 1.47266 converged (26 it.)
[GI] p = 1.48438 failed (101 it.)
[GI] p = 1.47852 converged (56 it.)
[GI] p = 1.48438 failed (82 it.)
[GI] last converged p = 1.47852
[FS] cycle 3: 3420 equations, lambda GI 1.47852 (126.025 s); GI plastic zone x in [-0.831123, 2.88675], y in [-5, -0.252074] (1 %: x in [-1.36639, 2.88675], y in [-5, 0])
[GI] p = 0.5 converged (6 it.)
[GI] p = 1.25 converged (11 it.)
[GI] p = 2 failed (13 it.)
[GI] p = 1.625 failed (16 it.)
[GI] p = 1.4375 converged (13 it.)
[GI] p = 1.625 failed (17 it.)
[GI] p = 1.53125 failed (22 it.)
[GI] p = 1.48438 failed (31 it.)
[GI] p = 1.46094 failed (73 it.)
[GI] p = 1.44922 converged (25 it.)
[GI] p = 1.46094 failed (58 it.)
[GI] p = 1.45508 converged (77 it.)
[GI] p = 1.46094 failed (34 it.)
[GI] p = 1.45801 failed (95 it.)
[GI] last converged p = 1.45508
[FS] cycle 4: 7266 equations, lambda GI 1.45508 (325.528 s); GI plastic zone x in [-0.553912, 2.88675], y in [-5, -1.19322] (1 %: x in [-1.03551, 2.88675], y in [-5, 0])

cycle  equations  lambda_GI (= Gamma_FEM)  H_crit (m)  gamma H_crit / c  time (s)  plastic zone / H (mark; 1 %): x_min  x_max - x_T  y_min - y_T
  0  826  1.8125  9.0625  18.125  6.37742  -0.529398  0  0;  -0.529398  0  0
  1  1056  1.62354  8.11768  16.2354  16.3004  -0.383043  0  0;  -0.529398  0  0
  2  1754  1.53125  7.65625  15.3125  23.2066  -0.236688  0  0;  -0.309866  0  0
  3  3420  1.47852  7.39258  14.7852  126.025  -0.166225  0  0;  -0.273277  0  0
  4  7266  1.45508  7.27539  14.5508  325.528  -0.110782  0  0;  -0.207102  0  0
box / H: x_min -2.57735, x_max - x_T 2, y_min - y_T -2.57735
lambda extrapolated to h -> 0 from the last cycles: order 1 1.43164, observed order 1.16993 -> 1.43633, linear in 1 / sqrt(neq) 1.40386
total time 497.585 s
