inserting uniform refpattern: triangle
inserting uniform refpattern: line
*********
[Time for assembly:99.948420ms]
[Time for solving:343.932882ms]
hydraulic domain: H 5 m, beta 60 deg, h_w 5 m, box x in [-50, 12.8868], y in [-35, 0]
K = diag(1, 1), alpha 1, gamma_w 9.81, order 2, mesh gen; far sides: left zero, base zero, right noflow
seepage: 17977 equations, J/(kh H^2 gw^2) 0.63055, min p -9.38695e-12 kPa, 0.90859 s
stability domain: H 5 m, beta 60 deg, h_w 5 m, box x in [-12.8868, 12.8868], y in [-17.8868, 0]
stability mesh gen: 744 triangles; water seepage, form u, gamma_ref 10.19; Newton cap 100, continuation tol 0.002
total pore pressure at the 4464 integration points of the initial stability mesh: 0 with p < 0, min p 0.0528408 kPa
[GI] p = 0.5 converged (6 it.)
[GI] p = 1.25 failed (22 it.)
[GI] p = 0.875 converged (8 it.)
[GI] p = 1.4375 failed (18 it.)
[GI] p = 1.15625 failed (30 it.)
[GI] p = 1.01562 converged (9 it.)
[GI] p = 1.15625 failed (28 it.)
[GI] p = 1.08594 converged (55 it.)
[GI] p = 1.15625 failed (12 it.)
[GI] p = 1.12109 failed (17 it.)
[GI] p = 1.10352 failed (21 it.)
[GI] p = 1.09473 failed (35 it.)
[GI] p = 1.09033 failed (101 it.)
[GI] p = 1.08813 converged (42 it.)
[GI] p = 1.09033 failed (101 it.)
[GI] last converged p = 1.08813
[FS] cycle 0: 3138 equations, lambda GI 1.08813 (60.0255 s); GI plastic zone x in [-2.64699, 3.80824], y in [-5.54163, 0] (1 %: x in [-3.55197, 4.11541], y in [-5.90395, 0])

cycle  equations  lambda_GI (= Gamma_FEM)  H_crit (m)  gamma H_crit / c  time (s)  plastic zone / H (mark; 1 %): x_min  x_max - x_T  y_min - y_T
  0  3138  1.08813  5.44067  10.8813  60.0255  -0.529398  0.184298  -0.108326;  -0.710393  0.245731  -0.18079
box / H: x_min -2.57735, x_max - x_T 2, y_min - y_T -2.57735
lambda extrapolated to h -> 0 from the last cycles: order 1 nan, observed order nan -> nan, linear in 1 / sqrt(neq) nan
total time 61.026 s
