inserting uniform refpattern: triangle
inserting uniform refpattern: line
*********
[Time for assembly:98.688208ms]
[Time for solving:341.676291ms]
hydraulic domain: H 5 m, beta 60 deg, h_w 5 m, box x in [-50, 12.8868], y in [-35, 0]
K = diag(1, 1), alpha 1, gamma_w 9.81, order 2, mesh gen; far sides: left zero, base zero, right noflow
seepage: 17977 equations, J/(kh H^2 gw^2) 0.63055, min p -9.38695e-12 kPa, 0.921738 s
stability domain: H 5 m, beta 60 deg, h_w 5 m, box x in [-12.8868, 12.8868], y in [-17.8868, 0]
stability mesh gen: 186 triangles; water seepage, form u, gamma_ref 10.19; Newton cap 100, continuation tol 0.002
total pore pressure at the 1116 integration points of the initial stability mesh: 0 with p < 0, min p 0.149316 kPa
[GI] p = 0.5 converged (4 it.)
[GI] p = 1.25 failed (33 it.)
[GI] p = 0.875 converged (7 it.)
[GI] p = 1.4375 failed (21 it.)
[GI] p = 1.15625 converged (12 it.)
[GI] p = 1.4375 failed (20 it.)
[GI] p = 1.29688 failed (27 it.)
[GI] p = 1.22656 failed (44 it.)
[GI] p = 1.19141 converged (42 it.)
[GI] p = 1.22656 failed (21 it.)
[GI] p = 1.20898 failed (31 it.)
[GI] p = 1.2002 failed (63 it.)
[GI] p = 1.1958 converged (39 it.)
[GI] p = 1.2002 failed (46 it.)
[GI] last converged p = 1.1958
[FS] cycle 0: 826 equations, lambda GI 1.1958 (12.9227 s); GI plastic zone x in [-4.45694, 5.64598], y in [-6.44928, 0] (1 %: x in [-4.45694, 5.64598], y in [-6.44928, 0])
[GI] p = 0.5 converged (5 it.)
[GI] p = 1.25 failed (22 it.)
[GI] p = 0.875 converged (8 it.)
[GI] p = 1.4375 failed (17 it.)
[GI] p = 1.15625 failed (28 it.)
[GI] p = 1.01562 converged (7 it.)
[GI] p = 1.22656 failed (20 it.)
[GI] p = 1.12109 failed (37 it.)
[GI] p = 1.06836 converged (15 it.)
[GI] p = 1.12109 failed (31 it.)
[GI] p = 1.09473 failed (70 it.)
[GI] p = 1.08154 converged (44 it.)
[GI] p = 1.09473 failed (49 it.)
[GI] p = 1.08813 converged (65 it.)
[GI] p = 1.09473 failed (26 it.)
[GI] p = 1.09143 failed (50 it.)
[GI] last converged p = 1.08813
[FS] cycle 1: 1234 equations, lambda GI 1.08813 (27.3658 s); GI plastic zone x in [-3.55197, 4.11541], y in [-5.90395, 0] (1 %: x in [-3.55197, 4.11541], y in [-5.90395, 0])
[GI] p = 0.5 converged (6 it.)
[GI] p = 1.25 failed (19 it.)
[GI] p = 0.875 converged (10 it.)
[GI] p = 1.25 failed (17 it.)
[GI] p = 1.0625 failed (28 it.)
[GI] p = 0.96875 converged (8 it.)
[GI] p = 1.10938 failed (20 it.)
[GI] p = 1.03906 failed (42 it.)
[GI] p = 1.00391 converged (10 it.)
[GI] p = 1.03906 failed (46 it.)
[GI] p = 1.02148 converged (57 it.)
[GI] p = 1.03906 failed (21 it.)
[GI] p = 1.03027 failed (39 it.)
[GI] p = 1.02588 converged (69 it.)
[GI] p = 1.03027 failed (16 it.)
[GI] p = 1.02808 failed (22 it.)
[GI] last converged p = 1.02588
[FS] cycle 2: 2392 equations, lambda GI 1.02588 (53.1149 s); GI plastic zone x in [-2.64699, 3.65466], y in [-5.45197, 0] (1 %: x in [-2.64699, 3.65466], y in [-5.45197, 0])
[GI] p = 0.5 converged (7 it.)
[GI] p = 1.25 failed (16 it.)
[GI] p = 0.875 converged (11 it.)
[GI] p = 1.25 failed (13 it.)
[GI] p = 1.0625 failed (24 it.)
[GI] p = 0.96875 converged (10 it.)
[GI] p = 1.0625 failed (17 it.)
[GI] p = 1.01562 failed (30 it.)
[GI] p = 0.992188 failed (101 it.)
[GI] p = 0.980469 converged (13 it.)
[GI] p = 0.992188 failed (101 it.)
[GI] p = 0.986328 converged (34 it.)
[GI] p = 0.992188 failed (101 it.)
[GI] p = 0.989258 converged (49 it.)
[GI] p = 0.992188 converged (100 it.)
[GI] p = 0.995117 failed (15 it.)
[GI] last converged p = 0.992188
[FS] cycle 3: 5304 equations, lambda GI 0.992188 (226.285 s); GI plastic zone x in [-2.46405, 3.19392], y in [-5.13541, 0] (1 %: x in [-2.46405, 3.19392], y in [-5.13541, 0])

cycle  equations  lambda_GI (= Gamma_FEM)  H_crit (m)  gamma H_crit / c  time (s)  plastic zone / H (mark; 1 %): x_min  x_max - x_T  y_min - y_T
  0  826  1.1958  5.979  11.958  12.9227  -0.891389  0.551846  -0.289856;  -0.891389  0.551846  -0.289856
  1  1234  1.08813  5.44067  10.8813  27.3658  -0.710393  0.245731  -0.18079;  -0.710393  0.245731  -0.18079
  2  2392  1.02588  5.12939  10.2588  53.1149  -0.529398  0.153582  -0.090395;  -0.529398  0.153582  -0.090395
  3  5304  0.992188  4.96094  9.92188  226.285  -0.492809  0.0614328  -0.0270815;  -0.492809  0.0614328  -0.0270815
box / H: x_min -2.57735, x_max - x_T 2, y_min - y_T -2.57735
lambda extrapolated to h -> 0 from the last cycles: order 1 0.958496, observed order 0.885829 -> 0.952449, linear in 1 / sqrt(neq) 0.923302
total time 320.751 s
