inserting uniform refpattern: triangle
inserting uniform refpattern: line
*********
[Time for assembly:119.823420ms]
[Time for solving:322.884543ms]
hydraulic domain: H 5 m, beta 60 deg, h_w 5 m, box x in [-50, 12.8868], y in [-35, 0]
K = diag(1, 1), alpha 1, gamma_w 9.81, order 2, mesh gen; far sides: left zero, base zero, right noflow
seepage: 17977 equations, J/(kh H^2 gw^2) 0.63055, min p -9.38695e-12 kPa, 0.984679 s
stability domain: H 5 m, beta 60 deg, h_w 5 m, box x in [-12.8868, 12.8868], y in [-17.8868, 0]
stability mesh gen: 186 triangles; water seepage, form u, gamma_ref 10.19; Newton cap 100, continuation tol 0.002
total pore pressure at the 1116 integration points of the initial stability mesh: 0 with p < 0, min p 0.149316 kPa
[GI] p = 0.5 converged (4 it.)
[GI] p = 1.25 failed (33 it.)
[GI] p = 0.875 converged (7 it.)
[GI] p = 1.4375 failed (21 it.)
[GI] p = 1.15625 converged (12 it.)
[GI] p = 1.4375 failed (20 it.)
[GI] p = 1.29688 failed (27 it.)
[GI] p = 1.22656 failed (44 it.)
[GI] p = 1.19141 converged (42 it.)
[GI] p = 1.22656 failed (21 it.)
[GI] p = 1.20898 failed (31 it.)
[GI] p = 1.2002 failed (63 it.)
[GI] p = 1.1958 converged (39 it.)
[GI] p = 1.2002 failed (46 it.)
[GI] last converged p = 1.1958
[FS] cycle 0: 826 equations, lambda GI 1.1958 (12.8645 s); GI plastic zone x in [-2.64699, 4.11541], y in [-6.08326, 0] (1 %: x in [-4.45694, 5.64598], y in [-6.44928, 0])
[GI] p = 0.5 converged (5 it.)
[GI] p = 1.25 failed (22 it.)
[GI] p = 0.875 converged (8 it.)
[GI] p = 1.4375 failed (17 it.)
[GI] p = 1.15625 failed (28 it.)
[GI] p = 1.01562 converged (8 it.)
[GI] p = 1.22656 failed (21 it.)
[GI] p = 1.12109 failed (38 it.)
[GI] p = 1.06836 converged (15 it.)
[GI] p = 1.12109 failed (32 it.)
[GI] p = 1.09473 failed (80 it.)
[GI] p = 1.08154 converged (39 it.)
[GI] p = 1.09473 failed (59 it.)
[GI] p = 1.08813 converged (45 it.)
[GI] p = 1.09473 failed (36 it.)
[GI] p = 1.09143 failed (101 it.)
[GI] last converged p = 1.08813
[FS] cycle 1: 1162 equations, lambda GI 1.08813 (29.9871 s); GI plastic zone x in [-2.64699, 3.80824], y in [-5.54163, 0] (1 %: x in [-2.64699, 4.11541], y in [-5.90395, 0])
[GI] p = 0.5 converged (6 it.)
[GI] p = 1.25 failed (20 it.)
[GI] p = 0.875 converged (10 it.)
[GI] p = 1.25 failed (16 it.)
[GI] p = 1.0625 failed (29 it.)
[GI] p = 0.96875 converged (9 it.)
[GI] p = 1.0625 failed (30 it.)
[GI] p = 1.01562 converged (13 it.)
[GI] p = 1.0625 failed (26 it.)
[GI] p = 1.03906 failed (36 it.)
[GI] p = 1.02734 failed (101 it.)
[GI] p = 1.02148 converged (48 it.)
[GI] p = 1.02734 failed (101 it.)
[GI] p = 1.02441 converged (47 it.)
[GI] p = 1.02734 converged (100 it.)
[GI] p = 1.03027 failed (15 it.)
[GI] last converged p = 1.02734
[FS] cycle 2: 2014 equations, lambda GI 1.02734 (74.9489 s); GI plastic zone x in [-2.2811, 3.3475], y in [-5.27082, 0] (1 %: x in [-2.64699, 3.65466], y in [-5.45197, 0])
[GI] p = 0.5 converged (7 it.)
[GI] p = 1.25 failed (17 it.)
[GI] p = 0.875 converged (12 it.)
[GI] p = 1.25 failed (14 it.)
[GI] p = 1.0625 failed (19 it.)
[GI] p = 0.96875 converged (10 it.)
[GI] p = 1.0625 failed (19 it.)
[GI] p = 1.01562 failed (31 it.)
[GI] p = 0.992188 converged (75 it.)
[GI] p = 1.01562 failed (14 it.)
[GI] p = 1.00391 failed (17 it.)
[GI] p = 0.998047 failed (26 it.)
[GI] p = 0.995117 failed (50 it.)
[GI] last converged p = 0.992188
[FS] cycle 3: 3924 equations, lambda GI 0.992188 (79.6135 s); GI plastic zone x in [-2.09816, 3.04033], y in [-5.13541, 0] (1 %: x in [-2.2811, 3.19392], y in [-5.13541, 0])
[GI] p = 0.5 converged (8 it.)
[GI] p = 1.25 failed (15 it.)
[GI] p = 0.875 converged (13 it.)
[GI] p = 1.25 failed (13 it.)
[GI] p = 1.0625 failed (16 it.)
[GI] p = 0.96875 converged (18 it.)
[GI] p = 1.0625 failed (12 it.)
[GI] p = 1.01562 failed (16 it.)
[GI] p = 0.992188 failed (23 it.)
[GI] p = 0.980469 failed (41 it.)
[GI] p = 0.974609 converged (95 it.)
[GI] p = 0.980469 failed (18 it.)
[GI] p = 0.977539 failed (27 it.)
[GI] last converged p = 0.974609
[FS] cycle 4: 8384 equations, lambda GI 0.974609 (247.112 s); GI plastic zone x in [-1.91522, 2.88675], y in [-5, 0] (1 %: x in [-2.09816, 2.88675], y in [-5, 0])
[GI] p = 0.5 converged (9 it.)
[GI] p = 1 failed (27 it.)
[GI] p = 0.75 converged (15 it.)
[GI] p = 1 failed (19 it.)
[GI] p = 0.875 converged (11 it.)
[GI] p = 1 failed (22 it.)
[GI] p = 0.9375 converged (9 it.)
[GI] p = 1 failed (18 it.)
[GI] p = 0.96875 failed (55 it.)
[GI] p = 0.953125 converged (10 it.)
[GI] p = 0.96875 failed (56 it.)
[GI] p = 0.960938 converged (23 it.)
[GI] p = 0.96875 failed (46 it.)
[GI] p = 0.964844 converged (80 it.)
[GI] p = 0.96875 failed (22 it.)
[GI] p = 0.966797 failed (41 it.)
[GI] last converged p = 0.964844
[FS] cycle 5: 17228 equations, lambda GI 0.964844 (1382.93 s); GI plastic zone x in [-1.1482, 2.88675], y in [-5, -1.59955] (1 %: x in [-2.00669, 2.88675], y in [-5, 0])

cycle  equations  lambda_GI (= Gamma_FEM)  H_crit (m)  gamma H_crit / c  time (s)  plastic zone / H (mark; 1 %): x_min  x_max - x_T  y_min - y_T
  0  826  1.1958  5.979  11.958  12.8645  -0.529398  0.245731  -0.216652;  -0.891389  0.551846  -0.289856
  1  1162  1.08813  5.44067  10.8813  29.9871  -0.529398  0.184298  -0.108326;  -0.529398  0.245731  -0.18079
  2  2014  1.02734  5.13672  10.2734  74.9489  -0.456221  0.0921491  -0.054163;  -0.529398  0.153582  -0.090395
  3  3924  0.992188  4.96094  9.92188  79.6135  -0.419632  0.0307164  -0.0270815;  -0.456221  0.0614328  -0.0270815
  4  8384  0.974609  4.87305  9.74609  247.112  -0.383043  0  0;  -0.419632  0  0
  5  17228  0.964844  4.82422  9.64844  1382.93  -0.229639  0  0;  -0.401338  0  0
box / H: x_min -2.57735, x_max - x_T 2, y_min - y_T -2.57735
lambda extrapolated to h -> 0 from the last cycles: order 1 0.955078, observed order 0.847997 -> 0.952637, linear in 1 / sqrt(neq) 0.942315
total time 1828.93 s
