[adapt] nível 0: 2078 equações, Gamma = 2.96811; dividindo 35 + 22 elementos (1.35703 s)
inserting uniform refpattern: quadrilateral
inserting uniform refpattern: line
[adapt] nível 1: 3438 equações, Gamma = 2.71597; dividindo 72 + 49 elementos (2.94574 s)
[adapt] nível 2: 6286 equações, Gamma = 2.62637; dividindo 170 + 101 elementos (12.1939 s)
[adapt] malha adaptada (3 níveis) gravada em malha_percolacao_h1_7f6bece7.malha

=== percolacao (mc): H = 5 m, beta = 30 graus, crista 10 m, pe 10 m, base 5 m abaixo do pe (dominio 28.6603 x 10 m), h = 1 m, quadrilateros
    c = 10 kPa, phi = 30 graus, gamma = 20 (forca de corpo gamma'), percolacao hw = 5.000000
    12626 equacoes, 14283 pontos de integracao
*
    funcional hidraulico J(u_FE)/(kh H^2 gw^2) = 0.244642
*
*
*
*
*
*
*
*
*
*
*
*
*
*
*
*
*
*
*
*
*
*
*
*
*
*
*
*
*
*
*
*
*
*
*
*
*
*
*
*
*
*
*
*
*
*
*
*
*
*
*
*
*
*
*
*
*
*
*
*
*
*
*
*
*
*
*
*
*
*
*
*
*
*
*
*
*
*
*
*
*
*
*
*
*
*
*
*
*
*
*
*
*
*
*
*
*
*
*
*
*
*
*
*
*
*
*
*
*
*
*
*
*
*
*
*
*
*
*
*
*
*
*
*
*
*
*
*
*
*
*
*
    Gamma (fator de carga) = 2.42676 (colapso em 2.44653; 8 passos, 116 it., 7 cortes, 45.9008 s) ok
    tempo total 46.2952 s
