[adapt] nível 0: 2918 equações, Gamma = 50; dividindo 115 + 67 elementos (2.2829 s)
inserting uniform refpattern: quadrilateral
inserting uniform refpattern: line
[adapt] nível 1: 7254 equações, Gamma = 50; dividindo 247 + 145 elementos (6.09816 s)
**
**
**
**
**
**
**
**
**
**
**
**
**
**
**
**
**
**
**
**
**
**
**
**
**
**
**
**
**
**
**
**
**
**
**
**
**
**
**
**
**
**
**
**
**
**
**
**
**
**
**
**
**
**
**
**
**
**
**
**
**
**
**
**
**
**
**
**
**
**
**
**
**
**
**
**
**
**
**
**
**
**
**
**
**
**
**
**
**
**
**
**
**
**
**
**
**
**
**
**
**
**
**
**
**
**
**
**
**
**
**
**
**
**
**
**
**
**
**
**
**
**
**
**
**
**
**
**
**
**
**
**
**
**
**
**
**
**
**
**
**
**
**
**
**
**
**
**
**
**
**
**
**
**
**
**
**
**
**
**
**
**
**
**
**
**
**
**
**
**
**
**
**
**
**
**
**
**
**
**
**
**
**
**
**
**
**
[adapt] nível 2: 16522 equações, Gamma = 27.3271; dividindo 382 + 228 elementos (41.078 s)
[adapt] malha adaptada (3 níveis) gravada em malha_percolacao_h1_3cdd3728.malha

=== percolacao (mc): H = 5 m, beta = 15 graus, crista 10 m, pe 10 m, base 5 m abaixo do pe (dominio 38.6603 x 10 m), h = 1 m, quadrilateros
    c = 10 kPa, phi = 30 graus, gamma = 20 (forca de corpo gamma'), percolacao hw = 5.000000
void TPZAnalysis::SetCompMeshInit(TPZCompMesh*, bool) optimizing bandwidth
void TPZAnalysis::SetCompMeshInit(TPZCompMesh*, bool) optimizing bandwidth finished
    30846 equacoes, 35028 pontos de integracao
****
    funcional hidraulico J(u_FE)/(kh H^2 gw^2) = 0.0725922
***
***
***
***
***
***
***
***
***
***
***
***
***
***
***
***
***
***
***
***
***
***
***
***
***
***
***
***
***
***
***
***
***
***
***
***
***
***
***
***
***
***
***
***
***
***
***
***
***
***
***
***
***
***
***
***
***
***
***
***
***
***
***
***
***
***
***
***
***
***
***
***
***
***
***
***
***
***
***
***
***
***
***
***
***
***
***
***
***
***
***
***
***
***
***
***
***
***
***
***
***
***
***
***
***
***
***
***
***
***
***
***
***
***
***
***
***
***
***
***
***
***
***
***
***
***
***
***
***
***
***
***
***
***
***
***
***
***
***
***
***
***
***
***
***
***
***
***
***
***
***
***
***
***
***
***
***
***
***
***
***
***
***
***
***
***
***
***
***
***
***
***
***
***
***
***
***
***
***
***
***
***
***
***
***
***
***
***
***
***
***
***
***
***
***
***
***
***
***
***
***
***
***
***
***
***
***
***
***
***
***
***
***
***
***
***
***
***
***
***
***
***
***
***
***
***
***
***
***
***
***
***
***
***
***
***
***
***
***
***
***
***
***
***
***
***
***
***
***
    Gamma (fator de carga) = 30.1522 (colapso em 30.3422; 18 passos, 221 it., 9 cortes, 251.77 s) ok
    tempo total 252.793 s
