[adapt] nível 0: 2078 equações, Gamma = 8.67702; dividindo 31 + 20 elementos (1.45908 s)
inserting uniform refpattern: quadrilateral
inserting uniform refpattern: line
[adapt] nível 1: 3290 equações, Gamma = 7.55353; dividindo 77 + 44 elementos (3.00218 s)
[adapt] nível 2: 6154 equações, Gamma = 7.09375; dividindo 194 + 91 elementos (6.07415 s)
[adapt] malha adaptada (3 níveis) gravada em malha_percolacao_h1_994e2915.malha

=== percolacao (mc): H = 5 m, beta = 30 graus, crista 10 m, pe 10 m, base 5 m abaixo do pe (dominio 28.6603 x 10 m), h = 1 m, quadrilateros
    c = 10 kPa, phi = 30 graus, gamma = 20 (forca de corpo gamma'), percolacao hw = 5.000000
    12854 equacoes, 14499 pontos de integracao
*
    funcional hidraulico J(u_FE)/(kh H^2 gw^2) = 0.0801032
*
*
*
*
*
*
*
*
*
*
*
*
*
*
*
*
*
*
*
*
*
*
*
*
*
*
*
*
*
*
*
*
*
*
*
*
*
*
*
*
*
*
*
*
*
*
*
*
*
*
*
*
*
*
*
*
*
*
*
*
*
*
*
*
*
*
*
*
*
*
*
*
*
*
*
*
*
*
*
*
*
*
*
*
*
*
*
*
*
*
*
*
*
*
*
*
*
*
*
*
*
*
*
*
*
*
*
*
*
*
*
*
*
*
*
*
*
*
*
*
*
*
*
*
*
*
*
*
*
*
*
*
*
*
*
*
*
*
*
*
*
*
*
*
*
*
*
*
*
*
*
*
*
*
*
*
*
*
*
*
*
*
*
*
*
*
*
*
*
*
*
*
*
*
*
    Gamma (fator de carga) = 7.02701 (colapso em 7.09375; 12 passos, 155 it., 7 cortes, 44.6462 s) ok
    tempo total 45.1621 s
